
[1m[46m RUN [49m[22m [36mv4.1.2 [39m[90mC:/Users/user/new/audioRecorder[39m
      [2mCoverage enabled with [22m[33mv8[39m

node.exe : Warning: A vi.unmo
ck("../config") call in "C:/U
sers/user/new/audioRecorder/s
erver/tests/regression/regres
sion-server-utils.test.ts" is
 not at the top level of the 
module. Although it appears n
ested, it will be hoisted and
 executed before any tests ru
n. Move it to the top level t
o reflect its actual executio
n order. This will become an 
error in a future version.
At line:1 char:1
+ & "C:\Program Files\nodejs/
node.exe" "C:\Program Files\n
odejs/node_mo ...
+ ~~~~~~~~~~~~~~~~~~~~~~~~~~~
~~~~~~~~~~~~~~~~~~~~~~~~~~~~~
~~~~~~~~~~~~~
    + CategoryInfo           
   : NotSpecified: (W    arni
ng: A vi.u...futu    re versi
on.:String) [    ], RemoteExc
eption
    + FullyQualifiedError    
Id : NativeCommandErr    or
 
See: https://vitest.dev/guide
/mocking/modules#how-it-works
Warning: A vi.unmock("../conf
ig") call in "C:/Users/user/n
ew/audioRecorder/server/tests
/regression/regression-server
-utils.test.ts" is not at the
 top level of the module. Alt
hough it appears nested, it w
ill be hoisted and executed b
efore any tests run. Move it 
to the top level to reflect i
ts actual execution order. Th
is will become an error in a 
future version.
See: https://vitest.dev/guide
/mocking/modules#how-it-works
Warning: A vi.unmock("../conf
ig") call in "C:/Users/user/n
ew/audioRecorder/server/tests
/regression/regression-server
-utils.test.ts" is not at the
 top level of the module. Alt
hough it appears nested, it w
ill be hoisted and executed b
efore any tests run. Move it 
to the top level to reflect i
ts actual execution order. Th
is will become an error in a 
future version.
See: https://vitest.dev/guide
/mocking/modules#how-it-works
Warning: A vi.unmock("../data
base") call in "C:/Users/user
/new/audioRecorder/server/tes
ts/regression/regression-serv
er-utils.test.ts" is not at t
he top level of the module. A
lthough it appears nested, it
 will be hoisted and executed
 before any tests run. Move i
t to the top level to reflect
 its actual execution order. 
This will become an error in 
a future version.
See: https://vitest.dev/guide
/mocking/modules#how-it-works
Warning: A vi.unmock("../conf
ig") call in "C:/Users/user/n
ew/audioRecorder/server/tests
/regression/regression.test.t
s" is not at the top level of
 the module. Although it appe
ars nested, it will be hoiste
d and executed before any tes
ts run. Move it to the top le
vel to reflect its actual exe
cution order. This will becom
e an error in a future versio
n.
See: https://vitest.dev/guide
/mocking/modules#how-it-works
Warning: A vi.unmock("@supaba
se/supabase-js") call in "C:/
Users/user/new/audioRecorder/
server/tests/regression/regre
ssion.test.ts" is not at the 
top level of the module. Alth
ough it appears nested, it wi
ll be hoisted and executed be
fore any tests run. Move it t
o the top level to reflect it
s actual execution order. Thi
s will become an error in a f
uture version.
See: https://vitest.dev/guide
/mocking/modules#how-it-works
Warning: A vi.unmock("../conf
ig") call in "C:/Users/user/n
ew/audioRecorder/server/tests
/regression/regression.test.t
s" is not at the top level of
 the module. Although it appe
ars nested, it will be hoiste
d and executed before any tes
ts run. Move it to the top le
vel to reflect its actual exe
cution order. This will becom
e an error in a future versio
n.
See: https://vitest.dev/guide
/mocking/modules#how-it-works
Warning: A vi.unmock("@supaba
se/supabase-js") call in "C:/
Users/user/new/audioRecorder/
server/tests/regression/regre
ssion.test.ts" is not at the 
top level of the module. Alth
ough it appears nested, it wi
ll be hoisted and executed be
fore any tests run. Move it t
o the top level to reflect it
s actual execution order. Thi
s will become an error in a f
uture version.
See: https://vitest.dev/guide
/mocking/modules#how-it-works
Warning: A vi.unmock("../conf
ig") call in "C:/Users/user/n
ew/audioRecorder/server/tests
/regression/regression.test.t
s" is not at the top level of
 the module. Although it appe
ars nested, it will be hoiste
d and executed before any tes
ts run. Move it to the top le
vel to reflect its actual exe
cution order. This will becom
e an error in a future versio
n.
See: https://vitest.dev/guide
/mocking/modules#how-it-works
Warning: A vi.unmock("../conf
ig") call in "C:/Users/user/n
ew/audioRecorder/server/tests
/regression/regression.test.t
s" is not at the top level of
 the module. Although it appe
ars nested, it will be hoiste
d and executed before any tes
ts run. Move it to the top le
vel to reflect its actual exe
cution order. This will becom
e an error in a future versio
n.
See: https://vitest.dev/guide
/mocking/modules#how-it-works
Warning: A vi.unmock("../conf
ig") call in "C:/Users/user/n
ew/audioRecorder/server/tests
/regression/regression.test.t
s" is not at the top level of
 the module. Although it appe
ars nested, it will be hoiste
d and executed before any tes
ts run. Move it to the top le
vel to reflect its actual exe
cution order. This will becom
e an error in a future versio
n.
See: https://vitest.dev/guide
/mocking/modules#how-it-works
Warning: A vi.unmock("@supaba
se/supabase-js") call in "C:/
Users/user/new/audioRecorder/
server/tests/regression/regre
ssion.test.ts" is not at the 
top level of the module. Alth
ough it appears nested, it wi
ll be hoisted and executed be
fore any tests run. Move it t
o the top level to reflect it
s actual execution order. Thi
s will become an error in a f
uture version.
See: https://vitest.dev/guide
/mocking/modules#how-it-works
Warning: A vi.unmock("../conf
ig") call in "C:/Users/user/n
ew/audioRecorder/server/tests
/regression/regression.test.t
s" is not at the top level of
 the module. Although it appe
ars nested, it will be hoiste
d and executed before any tes
ts run. Move it to the top le
vel to reflect its actual exe
cution order. This will becom
e an error in a future versio
n.
See: https://vitest.dev/guide
/mocking/modules#how-it-works
Warning: A vi.unmock("@supaba
se/supabase-js") call in "C:/
Users/user/new/audioRecorder/
server/tests/regression/regre
ssion.test.ts" is not at the 
top level of the module. Alth
ough it appears nested, it wi
ll be hoisted and executed be
fore any tests run. Move it t
o the top level to reflect it
s actual execution order. Thi
s will become an error in a f
uture version.
See: https://vitest.dev/guide
/mocking/modules#how-it-works
 [31mÔŁ»[39m server/tests/dockerfile.test.ts [2m([22m[2m9 tests[22m[2m | [22m[31m1 failed[39m[2m)[22m[32m 251[2mms[22m[39m
     [32mÔťô[39m uses PORT-aware healthcheck for cloud runtimes[32m 7[2mms[22m[39m
     [32mÔťô[39m src/shared/ is not excluded from build context[32m 2[2mms[22m[39m
     [32mÔťô[39m all COPY source paths (non --from) are reachable in build context[32m 2[2mms[22m[39m
     [32mÔťô[39m COPY --from only references named build stages or trusted registries[32m 1[2mms[22m[39m
     [32mÔťô[39m runs the final image as a non-root user[32m 1[2mms[22m[39m
     [32mÔťô[39m uses tini as entrypoint for proper signal handling[32m 1[2mms[22m[39m
     [32mÔťô[39m does not install uv through curl pipe[32m 1[2mms[22m[39m
     [32mÔťô[39m does not use BuildKit cache mounts[32m 1[2mms[22m[39m
[31m     [31m├Ś[31m no untracked files in server/ or src/shared/ that would break Railway esbuild[39m[32m 229[2mms[22m[39m
 [31mÔŁ»[39m server/tests/railway-config.test.ts [2m([22m[2m8 tests[22m[2m | [22m[31m1 failed[39m[2m)[22m[32m 36[2mms[22m[39m
     [32mÔťô[39m uses DOCKERFILE builder explicitly[32m 8[2mms[22m[39m
     [32mÔťô[39m does not set startCommand (Dockerfile CMD handles startup)[32m 2[2mms[22m[39m
[31m     [31m├Ś[31m has healthcheck configured with sufficient timeout[39m[32m 14[2mms[22m[39m
     [32mÔťô[39m does not use pnpm in any runtime command[32m 1[2mms[22m[39m
     [32mÔťô[39m does not have non-standard TOML sections that break Railway parser[32m 1[2mms[22m[39m
     [32mÔťô[39m Dockerfile CMD uses correct path: server/index.js[32m 1[2mms[22m[39m
     [32mÔťô[39m Dockerfile copies dist-server to server/ in runtime stage[32m 1[2mms[22m[39m
     [32mÔťô[39m Dockerfile ENTRYPOINT uses tini for signal handling[32m 1[2mms[22m[39m
[90mstderr[2m | server/test
s/regression/regression-serve
r-utils.test.ts[2m > [22m[
2mRegression: Issue #502 - Ra
te limiting error handling[2
m > [22m[2mrate limit error
 includes Polish message for 
better UX
[22m[39m[RATE LIMIT] test-i
p exceeded 5 req/min on /logi
n. Retry after 60s

Warning: A vi.unmock("../conf
ig") call in "C:/Users/user/n
ew/audioRecorder/server/tests
/regression/regression-supaba
se.test.ts" is not at the top
 level of the module. Althoug
h it appears nested, it will 
be hoisted and executed befor
e any tests run. Move it to t
he top level to reflect its a
ctual execution order. This w
ill become an error in a futu
re version.
See: https://vitest.dev/guide
/mocking/modules#how-it-works
Warning: A vi.unmock("@supaba
se/supabase-js") call in "C:/
Users/user/new/audioRecorder/
server/tests/regression/regre
ssion-supabase.test.ts" is no
t at the top level of the mod
ule. Although it appears nest
ed, it will be hoisted and ex
ecuted before any tests run. 
Move it to the top level to r
eflect its actual execution o
rder. This will become an err
or in a future version.
See: https://vitest.dev/guide
/mocking/modules#how-it-works
Warning: A vi.unmock("../conf
ig") call in "C:/Users/user/n
ew/audioRecorder/server/tests
/regression/regression-supaba
se.test.ts" is not at the top
 level of the module. Althoug
h it appears nested, it will 
be hoisted and executed befor
e any tests run. Move it to t
he top level to reflect its a
ctual execution order. This w
ill become an error in a futu
re version.
See: https://vitest.dev/guide
/mocking/modules#how-it-works
Warning: A vi.unmock("@supaba
se/supabase-js") call in "C:/
Users/user/new/audioRecorder/
server/tests/regression/regre
ssion-supabase.test.ts" is no
t at the top level of the mod
ule. Although it appears nest
ed, it will be hoisted and ex
ecuted before any tests run. 
Move it to the top level to r
eflect its actual execution o
rder. This will become an err
or in a future version.
See: https://vitest.dev/guide
/mocking/modules#how-it-works
Warning: A vi.unmock("../conf
ig") call in "C:/Users/user/n
ew/audioRecorder/server/tests
/regression/regression-supaba
se.test.ts" is not at the top
 level of the module. Althoug
h it appears nested, it will 
be hoisted and executed befor
e any tests run. Move it to t
he top level to reflect its a
ctual execution order. This w
ill become an error in a futu
re version.
See: https://vitest.dev/guide
/mocking/modules#how-it-works
Warning: A vi.unmock("@supaba
se/supabase-js") call in "C:/
Users/user/new/audioRecorder/
server/tests/regression/regre
ssion-supabase.test.ts" is no
t at the top level of the mod
ule. Although it appears nest
ed, it will be hoisted and ex
ecuted before any tests run. 
Move it to the top level to r
eflect its actual execution o
rder. This will become an err
or in a future version.
See: https://vitest.dev/guide
/mocking/modules#how-it-works
Warning: A vi.unmock("../conf
ig") call in "C:/Users/user/n
ew/audioRecorder/server/tests
/regression/regression-supaba
se.test.ts" is not at the top
 level of the module. Althoug
h it appears nested, it will 
be hoisted and executed befor
e any tests run. Move it to t
he top level to reflect its a
ctual execution order. This w
ill become an error in a futu
re version.
See: https://vitest.dev/guide
/mocking/modules#how-it-works
Warning: A vi.unmock("@supaba
se/supabase-js") call in "C:/
Users/user/new/audioRecorder/
server/tests/regression/regre
ssion-supabase.test.ts" is no
t at the top level of the mod
ule. Although it appears nest
ed, it will be hoisted and ex
ecuted before any tests run. 
Move it to the top level to r
eflect its actual execution o
rder. This will become an err
or in a future version.
See: https://vitest.dev/guide
/mocking/modules#how-it-works
[90mstderr[2m | server/test
s/regression/regression.test.
ts[2m > [22m[2mRegression:
 Issue #502 - Rate limiting e
rror handling[2m > [22m[2m
rate limit error includes Pol
ish message for better UX
[22m[39m[RATE LIMIT] test-i
p exceeded 5 req/min on /logi
n. Retry after 60s

[90mstderr[2m | server/test
s/regression/regression-supab
ase.test.ts[2m > [22m[2mRe
gression: Issue #703 - Bucket
 creation error handling[2m 
> [22m[2mlogs warning but c
ontinues when bucket creation
 fails with permission error
[22m[39m[Supabase Storage] 
Bucket creation warning: Perm
ission denied

[90mstderr[2m | server/test
s/regression/regression-supab
ase.test.ts[2m > [22m[2mRe
gression: Issue #804 - delete
AudioFromStorage error handli
ng[2m > [22m[2mdoes not th
row when file not found (alre
ady deleted)
[22m[39m[Supabase Storage] 
Failed to delete file recordi
ngs/nonexistent.webm: Object 
not found

 [32mÔťô[39m server/tests/regression/regression-supabase.test.ts [2m([22m[2m15 tests[22m[2m)[22m[33m 1248[2mms[22m[39m
     [33m[2mÔťô[22m[39m uploadAudioToStorage returns null (not throws) when supabase URL is empty [33m 413[2mms[22m[39m
[90mstdout[2m | server/tests/audio-pipeline.unit.test.ts[2m > [22m[2maudioPipeline exports[2m > [22m[2mreturns null/empty values when OpenAI key is not configured
[22m[39m[stt] Provider chain: groq Ôćĺ openai
[stt]   groq: model=whisper-large-v3 url=https://api.groq.com/openai/v1/audio/transcriptions key=gsk_RmZm...
[stt]   openai: model=gpt-4o-transcribe url=https://api.example.test/v1/audio/transcriptions key=MISSING

[90mstdout[2m | server/tests/audio-pipeline.unit.test.ts[2m > [22m[2maudioPipeline exports[2m > [22m[2mreturns null/empty values when OpenAI key is not configured
[22m[39m[stt] groq model=whisper-large-v3 Ôćĺ POST https://api.groq.com/openai/v1/audio/transcriptions

[90mstderr[2m | server/test
s/audio-pipeline.unit.test.ts
[2m > [22m[2maudioPipeline
 exports[2m > [22m[2mretur
ns null/empty values when Ope
nAI key is not configured
[22m[39m[stt] groq network 
error: Cannot read properties
 of undefined (reading 'statu
s') url=https://api.groq.com/
openai/v1/audio/transcription
s

[90mstdout[2m | server/tests/audio-pipeline.unit.test.ts[2m > [22m[2maudioPipeline exports[2m > [22m[2mcaches preprocessed audio and reuses the cached file on subsequent calls
[22m[39m[stt] Provider chain: groq Ôćĺ openai
[stt]   groq: model=whisper-large-v3 url=https://api.groq.com/openai/v1/audio/transcriptions key=gsk_RmZm...
[stt]   openai: model=gpt-4o-transcribe url=https://api.example.test/v1/audio/transcriptions key=MISSING

[90mstdout[2m | server/tests/audio-pipeline.unit.test.ts[2m > [22m[2maudioPipeline exports[2m > [22m[2mdiarizes transcript text using chat completions when API key is configured
[22m[39m[stt] Provider chain: groq Ôćĺ openai
[stt]   groq: model=whisper-large-v3 url=https://api.groq.com/openai/v1/audio/transcriptions key=gsk_RmZm...
[stt]   openai: model=gpt-4o-transcribe url=https://api.example.test/v1/audio/transcriptions key=key-1...

[90mstdout[2m | server/tests/audio-pipeline.unit.test.ts[2m > [22m[2maudioPipeline exports[2m > [22m[2mreturns null for diarization when upstream returns empty assignments or non-ok response
[22m[39m[stt] Provider chain: groq Ôćĺ openai
[stt]   groq: model=whisper-large-v3 url=https://api.groq.com/openai/v1/audio/transcriptions key=gsk_RmZm...
[stt]   openai: model=gpt-4o-transcribe url=https://api.example.test/v1/audio/transcriptions key=key-1...

[90mstdout[2m | server/tests/audio-pipeline.unit.test.ts[2m > [22m[2maudioPipeline exports[2m > [22m[2manalyzes meetings and embeds text chunks through OpenAI endpoints
[22m[39m[stt] Provider chain: groq Ôćĺ openai
[stt]   groq: model=whisper-large-v3 url=https://api.groq.com/openai/v1/audio/transcriptions key=gsk_RmZm...
[stt]   openai: model=gpt-4o-transcribe url=https://api.example.test/v1/audio/transcriptions key=key-1...

[90mstdout[2m | server/tests/audio-pipeline.unit.test.ts[2m > [22m[2maudioPipeline exports[2m > [22m[2mreturns null or empty arrays when analysis and embeddings upstream calls fail
[22m[39m[stt] Provider chain: groq Ôćĺ openai
[stt]   groq: model=whisper-large-v3 url=https://api.groq.com/openai/v1/audio/transcriptions key=gsk_RmZm...
[stt]   openai: model=gpt-4o-transcribe url=https://api.example.test/v1/audio/transcriptions key=key-1...

[90mstderr[2m | server/test
s/audio-pipeline.unit.test.ts
[2m > [22m[2maudioPipeline
 exports[2m > [22m[2mretur
ns null or empty arrays when 
analysis and embeddings upstr
eam calls fail
[22m[39m[postProcessing] an
alyzeMeetingWithOpenAI failed
: OpenAI analyze HTTP 500

[90mstderr[2m | server/test
s/audio-pipeline.unit.test.ts
[2m > [22m[2maudioPipeline
 exports[2m > [22m[2mretur
ns null or empty arrays when 
analysis and embeddings upstr
eam calls fail
[22m[39membedTextChunks fai
led: Error: embed failed
    at C:/Users/user/new/audi
oRecorder/server/tests/audio-
pipeline.unit.test.ts:266:30
[90m    at processTicksAndRe
jections (node:internal/proce
ss/task_queues:104:5)[39m
    at [90mfile:///C:/Users/
user/new/audioRecorder/[39mn
ode_modules/[4m.pnpm[24m/@v
itest+runner@4.1.2/node_modul
es/[4m@vitest/runner[24m/di
st/chunk-artifact.js:1893:20

[90mstdout[2m | server/tests/audio-pipeline.unit.test.ts[2m > [22m[2maudioPipeline exports[2m > [22m[2mtranscribes live chunks when API key is configured and returns empty string on upstream failure
[22m[39m[stt] Provider chain: groq Ôćĺ openai
[stt]   groq: model=whisper-large-v3 url=https://api.groq.com/openai/v1/audio/transcriptions key=gsk_RmZm...
[stt]   openai: model=gpt-4o-transcribe url=https://api.example.test/v1/audio/transcriptions key=key-1...

[90mstdout[2m | server/tests/audio-pipeline.unit.test.ts[2m > [22m[2maudioPipeline exports[2m > [22m[2mtranscribes live chunks when API key is configured and returns empty string on upstream failure
[22m[39m[stt] groq model=whisper-large-v3 Ôćĺ POST https://api.groq.com/openai/v1/audio/transcriptions

[90mstdout[2m | server/tests/audio-pipeline.unit.test.ts[2m > [22m[2maudioPipeline exports[2m > [22m[2mtranscribes live chunks when API key is configured and returns empty string on upstream failure
[22m[39m[stt] groq model=whisper-large-v3 Ôćĺ POST https://api.groq.com/openai/v1/audio/transcriptions

[90mstderr[2m | server/test
s/audio-pipeline.unit.test.ts
[2m > [22m[2maudioPipeline
 exports[2m > [22m[2mtrans
cribes live chunks when API k
ey is configured and returns 
empty string on upstream fail
ure
[22m[39m[stt] groq failed: 
status=500 body={"error":{"me
ssage":"broken"}}

[90mstdout[2m | server/tests/audio-pipeline.unit.test.ts[2m > [22m[2maudioPipeline exports[2m > [22m[2mtranscribes live chunks when API key is configured and returns empty string on upstream failure
[22m[39m[stt] openai model=whisper-large-v3 Ôćĺ POST https://api.example.test/v1/audio/transcriptions

[90mstderr[2m | server/test
s/audio-pipeline.unit.test.ts
[2m > [22m[2maudioPipeline
 exports[2m > [22m[2mtrans
cribes live chunks when API k
ey is configured and returns 
empty string on upstream fail
ure
[22m[39m[stt] openai networ
k error: Cannot read properti
es of undefined (reading 'sta
tus') url=https://api.example
.test/v1/audio/transcriptions

[90mstdout[2m | server/tests/audio-pipeline.unit.test.ts[2m > [22m[2maudioPipeline exports[2m > [22m[2mbuilds transcript segments from word-level output when the STT payload has no segments
[22m[39m[stt] Provider chain: groq Ôćĺ openai
[stt]   groq: model=whisper-large-v3 url=https://api.groq.com/openai/v1/audio/transcriptions key=gsk_RmZm...
[stt]   openai: model=gpt-4o-transcribe url=https://api.example.test/v1/audio/transcriptions key=key-1...

[90mstdout[2m | server/tests/audio-pipeline.unit.test.ts[2m > [22m[2maudioPipeline exports[2m > [22m[2mbuilds transcript segments from word-level output when the STT payload has no segments
[22m[39m[diarization] Local pyannote diarization is disabled.

[90mstderr[2m | server/test
s/audio-pipeline.unit.test.ts
[2m > [22m[2maudioPipeline
 exports[2m > [22m[2mbuild
s transcript segments from wo
rd-level output when the STT 
payload has no segments
[22m[39m[transcription] Sil
ero VAD JSON parse failed: Un
expected end of JSON input

[90mstdout[2m | server/tests/audio-pipeline.unit.test.ts[2m > [22m[2maudioPipeline exports[2m > [22m[2mbuilds transcript segments from word-level output when the STT payload has no segments
[22m[39m[stt] groq model=whisper-large-v3 Ôćĺ POST https://api.groq.com/openai/v1/audio/transcriptions

[90mstdout[2m | server/tests/audio-pipeline.unit.test.ts[2m > [22m[2maudioPipeline exports[2m > [22m[2mbuilds transcript segments from word-level output when the STT payload has no segments
[22m[39m[diarization] Local pyannote diarization is disabled.

 [32mÔťô[39m server/tests/lib/supabaseStorage.test.ts [2m([22m[2m62 tests[22m[2m)[22m[33m 1621[2mms[22m[39m
       [33m[2mÔťô[22m[39m exports supabase client instance [33m 354[2mms[22m[39m
[90mstdout[2m | server/tests/audio-pipeline.unit.test.ts[2m > [22m[2maudioPipeline exports[2m > [22m[2mreturns an empty transcript result when STT payload has no segments, words or text
[22m[39m[stt] Provider chain: groq Ôćĺ openai
[stt]   groq: model=whisper-large-v3 url=https://api.groq.com/openai/v1/audio/transcriptions key=gsk_RmZm...
[stt]   openai: model=gpt-4o-transcribe url=https://api.example.test/v1/audio/transcriptions key=key-1...

[90mstdout[2m | server/tests/audio-pipeline.unit.test.ts[2m > [22m[2maudioPipeline exports[2m > [22m[2mreturns an empty transcript result when STT payload has no segments, words or text
[22m[39m[diarization] Local pyannote diarization is disabled.

[90mstderr[2m | server/test
s/audio-pipeline.unit.test.ts
[2m > [22m[2maudioPipeline
 exports[2m > [22m[2mretur
ns an empty transcript result
 when STT payload has no segm
ents, words or text
[22m[39m[transcription] Sil
ero VAD JSON parse failed: Un
expected end of JSON input

[90mstdout[2m | server/tests/audio-pipeline.unit.test.ts[2m > [22m[2maudioPipeline exports[2m > [22m[2mreturns an empty transcript result when STT payload has no segments, words or text
[22m[39m[stt] groq model=whisper-large-v3 Ôćĺ POST https://api.groq.com/openai/v1/audio/transcriptions

[90mstdout[2m | server/tests/audio-pipeline.unit.test.ts[2m > [22m[2maudioPipeline exports[2m > [22m[2mreturns an empty transcript result when STT payload has no segments, words or text
[22m[39m[diarization] Local pyannote diarization is disabled.

[90mstderr[2m | server/test
s/audio-pipeline.unit.test.ts
[2m > [22m[2maudioPipeline
 exports[2m > [22m[2mextra
cts speaker audio clips, norm
alizes audio and generates vo
ice coaching with mocked exec
/fs
[22m[39m[stt] WARNING: No S
TT providers configured. Set 
OPENAI_API_KEY or GROQ_API_KE
Y.

[90mstderr[2m | server/test
s/audio-pipeline.unit.test.ts
[2m > [22m[2maudioPipeline
 exports[2m > [22m[2msurfa
ces voice coaching API errors
 and still cleans up temp cli
p
[22m[39m[stt] WARNING: No S
TT providers configured. Set 
OPENAI_API_KEY or GROQ_API_KE
Y.

[90mstderr[2m | server/test
s/audio-pipeline.unit.test.ts
[2m > [22m[2maudioPipeline
 exports[2m > [22m[2manaly
zeAudioQuality returns good q
uality metrics from ffprobe a
nd volumedetect
[22m[39m[stt] WARNING: No S
TT providers configured. Set 
OPENAI_API_KEY or GROQ_API_KE
Y.

[90mstderr[2m | server/test
s/audio-pipeline.unit.test.ts
[2m > [22m[2maudioPipeline
 exports[2m > [22m[2manaly
zeAudioQuality classifies poo
r quality when volume is very
 low and silence ratio is hig
h
[22m[39m[stt] WARNING: No S
TT providers configured. Set 
OPENAI_API_KEY or GROQ_API_KE
Y.

[90mstderr[2m | server/test
s/audio-pipeline.unit.test.ts
[2m > [22m[2maudioPipeline
 exports[2m > [22m[2manaly
zeAudioQuality returns error 
when file does not exist
[22m[39m[stt] WARNING: No S
TT providers configured. Set 
OPENAI_API_KEY or GROQ_API_KE
Y.

[90mstderr[2m | server/test
s/audio-pipeline.unit.test.ts
[2m > [22m[2maudioPipeline
 exports[2m > [22m[2manaly
zeAudioQuality returns aborte
d error immediately when sign
al is already aborted
[22m[39m[stt] WARNING: No S
TT providers configured. Set 
OPENAI_API_KEY or GROQ_API_KE
Y.

[90mstdout[2m | server/tests/audio-pipeline.unit.test.ts[2m > [22m[2maudioPipeline exports[2m > [22m[2mnormalizeRecording cleans up tmp file and rethrows when ffmpeg fails
[22m[39m[stt] Provider chain: openai
[stt]   openai: model=gpt-4o-transcribe url=https://api.example.test/v1/audio/transcriptions key=key-1...

[90mstderr[2m | server/test
s/audio-pipeline.unit.test.ts
[2m > [22m[2maudioPipeline
 exports[2m > [22m[2mnorma
lizeRecording succeeds and re
names tmp file
[22m[39m[stt] WARNING: No S
TT providers configured. Set 
OPENAI_API_KEY or GROQ_API_KE
Y.

[90mstderr[2m | server/test
s/audio-pipeline.unit.test.ts
[2m > [22m[2maudioPipeline
 exports[2m > [22m[2mextra
ctSpeakerAudioClip extracts c
lips for valid segments
[22m[39m[stt] WARNING: No S
TT providers configured. Set 
OPENAI_API_KEY or GROQ_API_KE
Y.

[90mstderr[2m | server/test
s/audio-pipeline.unit.test.ts
[2m > [22m[2maudioPipeline
 exports[2m > [22m[2mextra
ctSpeakerAudioClip throws err
or when no valid segments
[22m[39m[stt] WARNING: No S
TT providers configured. Set 
OPENAI_API_KEY or GROQ_API_KE
Y.

[90mstderr[2m | server/test
s/audio-pipeline.unit.test.ts
[2m > [22m[2maudioPipeline
 exports[2m > [22m[2mextra
ctSpeakerAudioClip limits to 
15 segments maximum
[22m[39m[stt] WARNING: No S
TT providers configured. Set 
OPENAI_API_KEY or GROQ_API_KE
Y.

[90mstderr[2m | server/test
s/audio-pipeline.unit.test.ts
[2m > [22m[2maudioPipeline
 exports[2m > [22m[2mextra
ctSpeakerAudioClip passes sig
nal option to exec
[22m[39m[stt] WARNING: No S
TT providers configured. Set 
OPENAI_API_KEY or GROQ_API_KE
Y.

[90mstderr[2m | server/test
s/audio-pipeline.unit.test.ts
[2m > [22m[2maudioPipeline
 exports[2m > [22m[2manaly
zeAcousticFeatures throws err
or when file does not exist
[22m[39m[stt] WARNING: No S
TT providers configured. Set 
OPENAI_API_KEY or GROQ_API_KE
Y.

[90mstdout[2m | server/tests/audio-pipeline.unit.test.ts[2m > [22m[2maudioPipeline exports[2m > [22m[2mtranscribeRecording uses pyannote for diarization and exercises word-level speaker splitting
[22m[39m[stt] Provider chain: openai
[stt]   openai: model=gpt-4o-transcribe url=https://api.example.test/v1/audio/transcriptions key=key-1...

[90mstdout[2m | server/tests/audio-pipeline.unit.test.ts[2m > [22m[2maudioPipeline exports[2m > [22m[2mtranscribeRecording uses pyannote for diarization and exercises word-level speaker splitting
[22m[39m[stt] openai model=whisper-1 Ôćĺ POST https://api.example.test/v1/audio/transcriptions

[90mstdout[2m | server/tests/audio-pipeline.unit.test.ts[2m > [22m[2maudioPipeline exports[2m > [22m[2mtranscribeRecording uses pyannote for diarization and exercises word-level speaker splitting
[22m[39m[diarization] Local pyannote diarization is disabled.

 [32mÔťô[39m server/tests/audio-pipeline.unit.test.ts [2m([22m[2m31 tests[22m[2m | [22m[33m8 skipped[39m[2m)[22m[33m 8023[2mms[22m[39m
     [33m[2mÔťô[22m[39m returns null/empty values when OpenAI key is not configured [33m 4198[2mms[22m[39m
     [33m[2mÔťô[22m[39m caches preprocessed audio and reuses the cached file on subsequent calls [33m 317[2mms[22m[39m
     [33m[2mÔťô[22m[39m returns null or empty arrays when analysis and embeddings upstream calls fail [33m 391[2mms[22m[39m
     [33m[2mÔťô[22m[39m transcribes live chunks when API key is configured and returns empty string on upstream failure [33m 338[2mms[22m[39m
     [33m[2mÔťô[22m[39m builds transcript segments from word-level output when the STT payload has no segments [33m 344[2mms[22m[39m
[90mstdout[2m | server/tests/auth.test.ts[2m > [22m[2mAuthentication Logic (Server Layer)
[22m[39m[DB] Using local async SQLite Worker at: :memory:

(node:27328) ExperimentalWarn
ing: SQLite is an experimenta
l feature and might change at
 any time
(Use `node --trace-warnings .
..` to show where the warning
 was created)
[90mstdout[2m | server/tests/auth.test.ts[2m > [22m[2mAuthentication Logic (Server Layer)
[22m[39m[INFO] Applying migration: 001_initial_schema.sql 

[90mstdout[2m | server/tests/auth.test.ts[2m > [22m[2mAuthentication Logic (Server Layer)
[22m[39m[INFO] Applying migration: 002_add_indexes.sql 

[90mstdout[2m | server/tests/auth.test.ts[2m > [22m[2mAuthentication Logic (Server Layer)
[22m[39m[INFO] Applying migration: 003_add_missing_indexes.sql 

[90mstdout[2m | server/tests/auth.test.ts[2m > [22m[2mAuthentication Logic (Server Layer)
[22m[39m[INFO] Applying migration: 20260320_rag_chunks.sql 

[90mstdout[2m | server/tests/auth.test.ts[2m > [22m[2mAuthentication Logic (Server Layer)
[22m[39m[INFO] Applying migration: 20260323_voice_profiles_multi_sample.sql 

[90mstdout[2m | server/tests/database.test.ts[2m > [22m[2mDatabase (Async Worker SQLite)
[22m[39m[DB] Using local async SQLite Worker at: :memory:

[90mstderr[2m | server/test
s/regression/regression-serve
r-utils.test.ts[2m > [22m[
2mRegression: Issue #601 - em
bedTextChunks error handling
[2m > [22m[2membedTextChunk
s returns empty array on API 
failure (not throw)
[22m[39membedTextChunks fai
led: Error: embed failed
    at C:/Users/user/new/audi
oRecorder/server/tests/regres
sion/regression-server-utils.
test.ts:83:58
    at [90mfile:///C:/Users/
user/new/audioRecorder/[39mn
ode_modules/[4m.pnpm[24m/@v
itest+runner@4.1.2/node_modul
es/[4m@vitest/runner[24m/di
st/chunk-artifact.js:302:11
    at [90mfile:///C:/Users/
user/new/audioRecorder/[39mn
ode_modules/[4m.pnpm[24m/@v
itest+runner@4.1.2/node_modul
es/[4m@vitest/runner[24m/di
st/chunk-artifact.js:1893:26
    at [90mfile:///C:/Users/
user/new/audioRecorder/[39mn
ode_modules/[4m.pnpm[24m/@v
itest+runner@4.1.2/node_modul
es/[4m@vitest/runner[24m/di
st/chunk-artifact.js:2316:20
    at new Promise (<anonymou
s>)
    at runWithCancel [90m(fi
le:///C:/Users/user/new/audio
Recorder/[39mnode_modules/[
4m.pnpm[24m/@vitest+runner@4
.1.2/node_modules/[4m@vitest
/runner[24m/dist/chunk-artif
act.js:2313:10[90m)[39m
    at [90mfile:///C:/Users/
user/new/audioRecorder/[39mn
ode_modules/[4m.pnpm[24m/@v
itest+runner@4.1.2/node_modul
es/[4m@vitest/runner[24m/di
st/chunk-artifact.js:2295:20
    at new Promise (<anonymou
s>)
    at runWithTimeout [90m(f
ile:///C:/Users/user/new/audi
oRecorder/[39mnode_modules/
[4m.pnpm[24m/@vitest+runner@
4.1.2/node_modules/[4m@vites
t/runner[24m/dist/chunk-arti
fact.js:2262:10[90m)[39m
    at [90mfile:///C:/Users/
user/new/audioRecorder/[39mn
ode_modules/[4m.pnpm[24m/@v
itest+runner@4.1.2/node_modul
es/[4m@vitest/runner[24m/di
st/chunk-artifact.js:2945:64

[90mstderr[2m | server/test
s/regression/regression-serve
r-utils.test.ts[2m > [22m[
2mRegression: Issue #601 - em
bedTextChunks error handling
[2m > [22m[2membedTextChunk
s returns empty array on HTTP
 500
[22m[39membedTextChunks fai
led: Error: Embeddings API er
ror
    at Module.embedTextChunks
 (C:/Users/user/new/audioReco
rder/server/postProcessing.ts
:229:24)
[90m    at processTicksAndRe
jections (node:internal/proce
ss/task_queues:104:5)[39m
    at C:/Users/user/new/audi
oRecorder/server/tests/regres
sion/regression-server-utils.
test.ts:109:20
    at [90mfile:///C:/Users/
user/new/audioRecorder/[39mn
ode_modules/[4m.pnpm[24m/@v
itest+runner@4.1.2/node_modul
es/[4m@vitest/runner[24m/di
st/chunk-artifact.js:1893:20

(node:45768) ExperimentalWarn
ing: SQLite is an experimenta
l feature and might change at
 any time
(Use `node --trace-warnings .
..` to show where the warning
 was created)
[90mstdout[2m | server/tests/database.test.ts[2m > [22m[2mDatabase (Async Worker SQLite)
[22m[39m[INFO] Applying migration: 001_initial_schema.sql 

[90mstdout[2m | server/tests/database.test.ts[2m > [22m[2mDatabase (Async Worker SQLite)
[22m[39m[INFO] Applying migration: 002_add_indexes.sql 

[90mstderr[2m | server/test
s/regression/regression-serve
r-utils.test.ts[2m > [22m[
2mRegression: Issue #601 - em
bedTextChunks error handling
[2m > [22m[2membedTextChunk
s returns empty array when OP
ENAI_API_KEY not configured
[22m[39membedTextChunks fai
led: TypeError: Cannot read p
roperties of undefined (readi
ng 'ok')
    at Module.embedTextChunks
 (C:/Users/user/new/audioReco
rder/server/postProcessing.ts
:229:14)
[90m    at processTicksAndRe
jections (node:internal/proce
ss/task_queues:104:5)[39m
    at C:/Users/user/new/audi
oRecorder/server/tests/regres
sion/regression-server-utils.
test.ts:122:20
    at [90mfile:///C:/Users/
user/new/audioRecorder/[39mn
ode_modules/[4m.pnpm[24m/@v
itest+runner@4.1.2/node_modul
es/[4m@vitest/runner[24m/di
st/chunk-artifact.js:1893:20

[90mstdout[2m | server/tests/database.test.ts[2m > [22m[2mDatabase (Async Worker SQLite)
[22m[39m[INFO] Applying migration: 003_add_missing_indexes.sql 

[90mstdout[2m | server/tests/database.test.ts[2m > [22m[2mDatabase (Async Worker SQLite)
[22m[39m[INFO] Applying migration: 20260320_rag_chunks.sql 

[90mstdout[2m | server/tests/database.test.ts[2m > [22m[2mDatabase (Async Worker SQLite)
[22m[39m[INFO] Applying migration: 20260323_voice_profiles_multi_sample.sql 

[90mstdout[2m | server/tests/database.test.ts[2m > [22m[2mDatabase (Async Worker SQLite)[2m > [22m[2mshould persist data across simulated 'deploys' (process restarts)
[22m[39m[DB] Using local async SQLite Worker at: C:\Users\user\new\audioRecorder\server\tests\test_uploads_db_layer\data.sqlite

 [31mÔŁ»[39m server/tests/regression/regression-server-utils.test.ts [2m([22m[2m17 tests[22m[2m | [22m[31m3 failed[39m[2m)[22m[33m 10267[2mms[22m[39m
     [33m[2mÔťô[22m[39m rate limit error includes Polish message for better UX [33m 988[2mms[22m[39m
     [33m[2mÔťô[22m[39m embedTextChunks returns empty array on API failure (not throw) [33m 8899[2mms[22m[39m
     [32mÔťô[39m embedTextChunks returns empty array on HTTP 500[32m 117[2mms[22m[39m
     [32mÔťô[39m embedTextChunks returns empty array when OPENAI_API_KEY not configured[32m 144[2mms[22m[39m
     [32mÔťô[39m embedTextChunks returns empty array for empty input[32m 55[2mms[22m[39m
[31m     [31m├Ś[31m retries on 502 and eventually succeeds[39m[32m 10[2mms[22m[39m
[31m     [31m├Ś[31m returns 502 after all retries exhausted[39m[32m 19[2mms[22m[39m
[31m     [31m├Ś[31m does not retry on 400/401/403/404[39m[32m 18[2mms[22m[39m
     [32mÔťô[39m _sendToWorker rejects after timeout when worker does not respond[32m 2[2mms[22m[39m
     [32mÔťô[39m _rejectAllPending clears all waiting callbacks on worker crash[32m 1[2mms[22m[39m
     [32mÔťô[39m timeout clears callback to prevent memory leak[32m 3[2mms[22m[39m
     [32mÔťô[39m successful response clears timeout (no double-resolve)[32m 1[2mms[22m[39m
     [32mÔťô[39m Supabase key (no separators) is detected as remote path[32m 2[2mms[22m[39m
     [32mÔťô[39m Linux local path is detected as local (has /)[32m 1[2mms[22m[39m
     [32mÔťô[39m Windows local path is detected as local (has \)[32m 1[2mms[22m[39m
     [32mÔťô[39m basename of Linux path yields valid Supabase key[32m 2[2mms[22m[39m
     [32mÔťô[39m retry-transcribe detects local path with / or \[32m 1[2mms[22m[39m
(node:45768) ExperimentalWarn
ing: SQLite is an experimenta
l feature and might change at
 any time
(Use `node --trace-warnings .
..` to show where the warning
 was created)
[90mstdout[2m | server/tests/database.test.ts[2m > [22m[2mDatabase (Async Worker SQLite)[2m > [22m[2mshould persist data across simulated 'deploys' (process restarts)
[22m[39m[DB] Using local async SQLite Worker at: C:\Users\user\new\audioRecorder\server\tests\test_uploads_db_layer\data.sqlite

[90mstderr[2m | server/test
s/database.test.ts[2m > [22
m[2mDatabase (Async Worker S
QLite)[2m > [22m[2mshould 
persist data across simulated
 'deploys' (process restarts)
[22m[39m[DB] SQLite Worker 
exited with code 1, restartin
g...

[90mstdout[2m | server/tests/database.test.ts[2m > [22m[2mDatabase (Async Worker SQLite)[2m > [22m[2mshould persist data across simulated 'deploys' (process restarts)
[22m[39m[DB] Using local async SQLite Worker at: C:\Users\user\new\audioRecorder\server\tests\test_uploads_db_layer\data.sqlite

(node:45768) ExperimentalWarn
ing: SQLite is an experimenta
l feature and might change at
 any time
(Use `node --trace-warnings .
..` to show where the warning
 was created)
[90mstderr[2m | server/test
s/regression/regression.test.
ts[2m > [22m[2mRegression:
 Issue #601 - embedTextChunks
 error handling[2m > [22m[
2membedTextChunks returns emp
ty array on API failure (not 
throw)
[22m[39membedTextChunks fai
led: Error: embed failed
    at C:/Users/user/new/audi
oRecorder/server/tests/regres
sion/regression.test.ts:347:5
8
    at [90mfile:///C:/Users/
user/new/audioRecorder/[39mn
ode_modules/[4m.pnpm[24m/@v
itest+runner@4.1.2/node_modul
es/[4m@vitest/runner[24m/di
st/chunk-artifact.js:302:11
    at [90mfile:///C:/Users/
user/new/audioRecorder/[39mn
ode_modules/[4m.pnpm[24m/@v
itest+runner@4.1.2/node_modul
es/[4m@vitest/runner[24m/di
st/chunk-artifact.js:1893:26
    at [90mfile:///C:/Users/
user/new/audioRecorder/[39mn
ode_modules/[4m.pnpm[24m/@v
itest+runner@4.1.2/node_modul
es/[4m@vitest/runner[24m/di
st/chunk-artifact.js:2316:20
    at new Promise (<anonymou
s>)
    at runWithCancel [90m(fi
le:///C:/Users/user/new/audio
Recorder/[39mnode_modules/[
4m.pnpm[24m/@vitest+runner@4
.1.2/node_modules/[4m@vitest
/runner[24m/dist/chunk-artif
act.js:2313:10[90m)[39m
    at [90mfile:///C:/Users/
user/new/audioRecorder/[39mn
ode_modules/[4m.pnpm[24m/@v
itest+runner@4.1.2/node_modul
es/[4m@vitest/runner[24m/di
st/chunk-artifact.js:2295:20
    at new Promise (<anonymou
s>)
    at runWithTimeout [90m(f
ile:///C:/Users/user/new/audi
oRecorder/[39mnode_modules/
[4m.pnpm[24m/@vitest+runner@
4.1.2/node_modules/[4m@vites
t/runner[24m/dist/chunk-arti
fact.js:2262:10[90m)[39m
    at [90mfile:///C:/Users/
user/new/audioRecorder/[39mn
ode_modules/[4m.pnpm[24m/@v
itest+runner@4.1.2/node_modul
es/[4m@vitest/runner[24m/di
st/chunk-artifact.js:2945:64

[90mstderr[2m | server/test
s/regression/regression.test.
ts[2m > [22m[2mRegression:
 Issue #601 - embedTextChunks
 error handling[2m > [22m[
2membedTextChunks returns emp
ty array on HTTP 500
[22m[39membedTextChunks fai
led: Error: Embeddings API er
ror
    at Module.embedTextChunks
 (C:/Users/user/new/audioReco
rder/server/postProcessing.ts
:229:24)
[90m    at processTicksAndRe
jections (node:internal/proce
ss/task_queues:104:5)[39m
    at C:/Users/user/new/audi
oRecorder/server/tests/regres
sion/regression.test.ts:379:2
0
    at [90mfile:///C:/Users/
user/new/audioRecorder/[39mn
ode_modules/[4m.pnpm[24m/@v
itest+runner@4.1.2/node_modul
es/[4m@vitest/runner[24m/di
st/chunk-artifact.js:1893:20

(node:45768) ExperimentalWarn
ing: SQLite is an experimenta
l feature and might change at
 any time
(Use `node --trace-warnings .
..` to show where the warning
 was created)
 [32mÔťô[39m server/tests/logger.test.ts [2m([22m[2m17 tests[22m[2m)[22m[33m 964[2mms[22m[39m
       [33m[2mÔťô[22m[39m logs info message without metadata [33m 434[2mms[22m[39m
[90mstderr[2m | server/test
s/regression/regression.test.
ts[2m > [22m[2mRegression:
 Issue #601 - embedTextChunks
 error handling[2m > [22m[
2membedTextChunks returns emp
ty array when OPENAI_API_KEY 
not configured
[22m[39membedTextChunks fai
led: [TypeError: fetch failed
] {
  [cause]: InvalidArgumentErr
or: invalid keep-alive header
  [90m    at processHeader (
node:internal/deps/undici/und
ici:3085:15)[39m
  [90m    at new Request (no
de:internal/deps/undici/undic
i:2912:15)[39m
  [90m    at Client.[dispatc
h] (node:internal/deps/undici
/undici:9139:25)[39m
  [90m    at Client.dispatch
 (node:internal/deps/undici/u
ndici:2234:33)[39m
  [90m    at Pool.[dispatch]
 (node:internal/deps/undici/u
ndici:2505:32)[39m
  [90m    at Pool.dispatch (
node:internal/deps/undici/und
ici:2234:33)[39m
  [90m    at Agent.[dispatch
] (node:internal/deps/undici/
undici:9605:27)[39m
  [90m    at Agent.dispatch 
(node:internal/deps/undici/un
dici:2234:33)[39m
  [90m    at node:internal/d
eps/undici/undici:12838:55[3
9m
      at new Promise (<anonym
ous>) {
    code: [32m'UND_ERR_INVAL
ID_ARG'[39m
  }
}

[90mstdout[2m | server/tests/database.test.ts[2m > [22m[2mDatabase (Async Worker SQLite)[2m > [22m[2mshould persist pipeline metadata on successful transcription results
[22m[39m[DB] Using local async SQLite Worker at: C:\Users\user\new\audioRecorder\server\tests\test_uploads_db_layer\data.sqlite

[90mstderr[2m | server/test
s/database.test.ts[2m > [22
m[2mDatabase (Async Worker S
QLite)[2m > [22m[2mshould 
persist pipeline metadata on 
successful transcription resu
lts
[22m[39m[DB] SQLite Worker 
exited with code 1, restartin
g...

Warning: A vi.unmock("../conf
ig") call in "C:/Users/user/n
ew/audioRecorder/server/tests
/lib/supabaseStorage.not-conf
igured.test.ts" is not at the
 top level of the module. Alt
hough it appears nested, it w
ill be hoisted and executed b
efore any tests run. Move it 
to the top level to reflect i
ts actual execution order. Th
is will become an error in a 
future version.
See: https://vitest.dev/guide
/mocking/modules#how-it-works
Warning: A vi.unmock("@supaba
se/supabase-js") call in "C:/
Users/user/new/audioRecorder/
server/tests/lib/supabaseStor
age.not-configured.test.ts" i
s not at the top level of the
 module. Although it appears 
nested, it will be hoisted an
d executed before any tests r
un. Move it to the top level 
to reflect its actual executi
on order. This will become an
 error in a future version.
See: https://vitest.dev/guide
/mocking/modules#how-it-works
[90mstderr[2m | server/test
s/regression/regression.test.
ts[2m > [22m[2mRegression:
 #0 ÔÇö httpClient retries on
 HTTP 502/503/504[2m > [22m
[2mretries on 502 and eventu
ally succeeds
[22m[39m[httpClient] Retry 
1/3 after HTTP 502 for GET ht
tps://api.example.com/test

[90mstderr[2m | server/test
s/regression/regression.test.
ts[2m > [22m[2mRegression:
 #0 ÔÇö httpClient retries on
 HTTP 502/503/504[2m > [22m
[2mretries on 502 and eventu
ally succeeds
[22m[39m[httpClient] Retry 
2/3 after HTTP 502 for GET ht
tps://api.example.com/test

(node:45768) ExperimentalWarn
ing: SQLite is an experimenta
l feature and might change at
 any time
(Use `node --trace-warnings .
..` to show where the warning
 was created)
[90mstderr[2m | server/test
s/database.test.ts[2m > [22
m[2mDatabase (Async Worker S
QLite)[2m > [22m[2mshould 
persist pipeline metadata on 
successful transcription resu
lts
[22m[39m[Supabase Storage] 
Bucket creation warning: fetc
h failed

[90mstderr[2m | server/test
s/database.test.ts[2m > [22
m[2mDatabase (Async Worker S
QLite)[2m > [22m[2mshould 
persist pipeline metadata on 
successful transcription resu
lts
[22m[39m[WARN] [database] S
upabase upload failed, fallin
g back to local: { message: 
[32m'Failed to upload to Supa
base Storage: fetch failed'[
39m }

(node:50184) ExperimentalWarn
ing: SQLite is an experimenta
l feature and might change at
 any time
(Use `node --trace-warnings .
..` to show where the warning
 was created)
[90mstderr[2m | server/test
s/database.test.ts[2m > [22
m[2mDatabase (Async Worker S
QLite)[2m > [22m[2mshould 
persist pipeline metadata on 
failures and clear old errors
 when re-queueing
[22m[39m[WARN] [database] S
upabase upload failed, fallin
g back to local: { message: 
[32m'Failed to upload to Supa
base Storage: fetch failed'[
39m }

 [31mÔŁ»[39m server/tests/build.test.ts [2m([22m[2m1 test[22m[2m | [22m[31m1 failed[39m[2m)[22m[33m 10859[2mms[22m[39m
[31m     [31m├Ś[31m should declare all externally imported modules in server/package.json[39m[33m 10846[2mms[22m[39m
[90mstdout[2m | server/tests/database.test.ts
[22m[39m[DB] Using local async SQLite Worker at: :memory:

[90mstderr[2m | server/test
s/database.test.ts
[22m[39m[DB] SQLite Worker 
exited with code 1, restartin
g...

 [32mÔťô[39m server/tests/lib/supabaseStorage.not-configured.test.ts [2m([22m[2m9 tests[22m[2m)[22m[33m 981[2mms[22m[39m
     [33m[2mÔťô[22m[39m supabase is null when SUPABASE_URL is empty [33m 428[2mms[22m[39m
 [32mÔťô[39m server/tests/sqliteWorker.test.ts [2m([22m[2m21 tests[22m[2m)[22m[33m 519[2mms[22m[39m
[90mstderr[2m | server/test
s/regression/regression.test.
ts[2m > [22m[2mRegression:
 #0 ÔÇö httpClient retries on
 HTTP 502/503/504[2m > [22m
[2mreturns 502 after all ret
ries exhausted
[22m[39m[httpClient] Retry 
1/3 after HTTP 502 for GET ht
tps://api.example.com/test

(node:45768) ExperimentalWarn
ing: SQLite is an experimenta
l feature and might change at
 any time
(Use `node --trace-warnings .
..` to show where the warning
 was created)
 [32mÔťô[39m server/tests/database.test.ts [2m([22m[2m5 tests[22m[2m)[22m[33m 3074[2mms[22m[39m
     [33m[2mÔťô[22m[39m should persist data across simulated 'deploys' (process restarts) [33m 1028[2mms[22m[39m
     [33m[2mÔťô[22m[39m should persist pipeline metadata on successful transcription results [33m 1318[2mms[22m[39m
[90mstderr[2m | server/test
s/regression/regression.test.
ts[2m > [22m[2mRegression:
 #0 ÔÇö httpClient retries on
 HTTP 502/503/504[2m > [22m
[2mreturns 502 after all ret
ries exhausted
[22m[39m[httpClient] Retry 
2/3 after HTTP 502 for GET ht
tps://api.example.com/test

[90mstdout[2m | server/tests/database/database.additional.test.ts[2m > [22m[2mDatabase - Additional Coverage Tests
[22m[39m[DB] Using local async SQLite Worker at: :memory:

[90mstdout[2m | server/tests/database/database.coverage.100.test.ts[2m > [22m[2mDatabase - 100% Coverage Tests
[22m[39m[DB] Using local async SQLite Worker at: :memory:

[90mstdout[2m | server/tests/auth.test.ts
[22m[39m[DB] Using local async SQLite Worker at: :memory:

[90mstderr[2m | server/test
s/auth.test.ts
[22m[39m[DB] SQLite Worker 
exited with code 1, restartin
g...

(node:54252) ExperimentalWarn
ing: SQLite is an experimenta
l feature and might change at
 any time
(Use `node --trace-warnings .
..` to show where the warning
 was created)
[90mstdout[2m | server/tests/database/database.additional.test.ts[2m > [22m[2mDatabase - Additional Coverage Tests
[22m[39m[INFO] Applying migration: 001_initial_schema.sql 

 [32mÔťô[39m server/tests/auth.test.ts [2m([22m[2m13 tests[22m[2m)[22m[33m 5800[2mms[22m[39m
     [33m[2mÔťô[22m[39m should throw error when registering with existing email [33m 339[2mms[22m[39m
     [33m[2mÔťô[22m[39m should login successfully with correct credentials [33m 943[2mms[22m[39m
     [33m[2mÔťô[22m[39m should fail login with wrong password [33m 701[2mms[22m[39m
     [33m[2mÔťô[22m[39m should handle case-insensitive email during login [33m 667[2mms[22m[39m
     [33m[2mÔťô[22m[39m should handle Polish characters in passwords [33m 354[2mms[22m[39m
     [33m[2mÔťô[22m[39m should trim leading/trailing spaces in email during login [33m 461[2mms[22m[39m
     [33m[2mÔťô[22m[39m should support multiple workspaces and selecting preferred one [33m 408[2mms[22m[39m
     [33m[2mÔťô[22m[39m should reject login to a workspace the user does not belong to [33m 668[2mms[22m[39m
[90mstdout[2m | server/tests/database/database.additional.test.ts[2m > [22m[2mDatabase - Additional Coverage Tests
[22m[39m[INFO] Applying migration: 002_add_indexes.sql 

[90mstdout[2m | server/tests/database/database.additional.test.ts[2m > [22m[2mDatabase - Additional Coverage Tests
[22m[39m[INFO] Applying migration: 003_add_missing_indexes.sql 

 [32mÔťô[39m server/tests/regression/regression.test.ts [2m([22m[2m31 tests[22m[2m)[22m[33m 14110[2mms[22m[39m
     [33m[2mÔťô[22m[39m uploadAudioToStorage returns null (not throws) when supabase URL is empty [33m 1222[2mms[22m[39m
     [33m[2mÔťô[22m[39m embedTextChunks returns empty array on API failure (not throw) [33m 7535[2mms[22m[39m
     [33m[2mÔťô[22m[39m embedTextChunks returns empty array when OPENAI_API_KEY not configured [33m 407[2mms[22m[39m
     [33m[2mÔťô[22m[39m retries on 502 and eventually succeeds [33m 1535[2mms[22m[39m
     [33m[2mÔťô[22m[39m returns 502 after all retries exhausted [33m 1517[2mms[22m[39m
[90mstdout[2m | server/tests/database/database.additional.test.ts[2m > [22m[2mDatabase - Additional Coverage Tests
[22m[39m[INFO] Applying migration: 20260320_rag_chunks.sql 

 [32mÔťô[39m server/tests/audioPipeline.utils.test.ts [2m([22m[2m117 tests[22m[2m)[22m[32m 161[2mms[22m[39m
[90mstdout[2m | server/tests/database/database.additional.test.ts[2m > [22m[2mDatabase - Additional Coverage Tests
[22m[39m[INFO] Applying migration: 20260323_voice_profiles_multi_sample.sql 

(node:43388) ExperimentalWarn
ing: SQLite is an experimenta
l feature and might change at
 any time
(Use `node --trace-warnings .
..` to show where the warning
 was created)
[90mstdout[2m | server/tests/database/database.coverage.100.test.ts[2m > [22m[2mDatabase - 100% Coverage Tests
[22m[39m[INFO] Applying migration: 001_initial_schema.sql 

[90mstdout[2m | server/tests/routes/digest.test.ts[2m > [22m[2mDigest routes[2m > [22m[2msends digest email when SMTP is configured
[22m[39m[INFO] [REQ] GET /digest/daily - 200 [83.6ms] {
  requestId: [32m'6dc0992f-2b61-49ed-b57b-f99371908330'[39m,
  method: [32m'GET'[39m,
  route: [32m'/digest/daily'[39m,
  status: [33m200[39m,
  durationMs: [32m'83.55'[39m
}

[90mstdout[2m | server/tests/database/database.coverage.100.test.ts[2m > [22m[2mDatabase - 100% Coverage Tests
[22m[39m[INFO] Applying migration: 002_add_indexes.sql 

[90mstdout[2m | server/tests/security.test.ts
[22m[39m[stt] Provider chain: groq Ôćĺ openai
[stt]   groq: model=whisper-large-v3 url=https://api.groq.com/openai/v1/audio/transcriptions key=gsk_RmZm...
[stt]   openai: model=gpt-4o-transcribe url=https://api.openai.com/v1/audio/transcriptions key=sk-proj-...

 [31mÔŁ»[39m server/tests/routes/digest.test.ts [2m([22m[2m2 tests[22m[2m | [22m[31m1 failed[39m[2m)[22m[33m 16125[2mms[22m[39m
[31m     [31m├Ś[31m returns preview mode when SMTP is not configured[39m[33m 15052[2mms[22m[39m
     [33m[2mÔťô[22m[39m sends digest email when SMTP is configured [33m 1064[2mms[22m[39m
[90mstdout[2m | server/tests/database/database.coverage.100.test.ts[2m > [22m[2mDatabase - 100% Coverage Tests
[22m[39m[INFO] Applying migration: 003_add_missing_indexes.sql 

[90mstdout[2m | server/tests/security.test.ts
[22m[39m[INFO] [Sentry] No DSN provided, skipping initialization. 

[90mstdout[2m | server/tests/security.test.ts[2m > [22m[2mAPI Security Regression Tests
[22m[39m[INFO] [Bootstrap] Disk space OK: 1.91GB free. 
[DB] Using local async SQLite Worker at: :memory:

[90mstdout[2m | server/tests/transcription.test.ts[2m > [22m[2mTranscriptionService[2m > [22m[2mfalls back to injected audioPipeline and calls transcribeRecording
[22m[39m[INFO] [Pipeline] Starting transcription job. {
  requestId: [32m'internal-stt'[39m,
  recordingId: [32m'rec_1'[39m,
  processingMode: [32m'fast'[39m
}

[90mstdout[2m | server/tests/transcription.test.ts[2m > [22m[2mTranscriptionService[2m > [22m[2mfalls back to injected audioPipeline and calls transcribeRecording
[22m[39m[INFO] [Metrics] Pipeline completed successfully. {
  requestId: [32m'internal-stt'[39m,
  recordingId: [32m'rec_1'[39m,
  durationMs: [32m'11344.18'[39m,
  confidence: [33m0[39m
}

[90mstdout[2m | server/tests/transcription.test.ts[2m > [22m[2mTranscriptionService[2m > [22m[2mfalls back to injected audioPipeline and calls transcribeRecording
[22m[39m[INFO] [Pipeline] Background post-process completed. { requestId: [32m'internal-stt'[39m, recordingId: [32m'rec_1'[39m }

[90mstderr[2m | server/test
s/transcription.test.ts[2m >
 [22m[2mTranscriptionServic
e[2m > [22m[2mthrows a des
criptive error if transcribeR
ecording is missing
[22m[39m[TranscriptionServi
ce] audioPipeline looks like 
an empty object (circular dep
?).

[90mstdout[2m | server/tests/transcription.test.ts[2m > [22m[2mTranscriptionService[2m > [22m[2mdeduplicates in-flight transcription jobs and persists successful results
[22m[39m[INFO] [Pipeline] Starting transcription job. {
  requestId: [32m'internal-stt'[39m,
  recordingId: [32m'rec_1'[39m,
  processingMode: [32m'fast'[39m
}

[90mstdout[2m | server/tests/transcription.test.ts[2m > [22m[2mTranscriptionService[2m > [22m[2mdeduplicates in-flight transcription jobs and persists successful results
[22m[39m[INFO] [Metrics] Pipeline completed successfully. {
  requestId: [32m'internal-stt'[39m,
  recordingId: [32m'rec_1'[39m,
  durationMs: [32m'6.05'[39m,
  confidence: [33m0.91[39m
}

[90mstdout[2m | server/tests/transcription.test.ts[2m > [22m[2mTranscriptionService[2m > [22m[2mdeduplicates in-flight transcription jobs and persists successful results
[22m[39m[INFO] [Pipeline] Background post-process completed. { requestId: [32m'internal-stt'[39m, recordingId: [32m'rec_1'[39m }

[90mstdout[2m | server/tests/transcription.test.ts[2m > [22m[2mTranscriptionService[2m > [22m[2mdeduplicates in-flight transcription jobs and persists successful results
[22m[39m[RAG] Pomyslnie zindeksowano 1 wektorow na archiwum spotkania.

[90mstdout[2m | server/tests/database/database.coverage.100.test.ts[2m > [22m[2mDatabase - 100% Coverage Tests
[22m[39m[INFO] Applying migration: 20260320_rag_chunks.sql 

(node:52804) ExperimentalWarn
ing: SQLite is an experimenta
l feature and might change at
 any time
(Use `node --trace-warnings .
..` to show where the warning
 was created)
 [32mÔťô[39m server/tests/config.test.ts [2m([22m[2m6 tests[22m[2m)[22m[33m 934[2mms[22m[39m
     [33m[2mÔťô[22m[39m loads default config when no env vars are set [33m 566[2mms[22m[39m
[90mstdout[2m | server/tests/security.test.ts[2m > [22m[2mAPI Security Regression Tests
[22m[39m[INFO] Applying migration: 001_initial_schema.sql 

[90mstdout[2m | server/tests/database/database.coverage.100.test.ts[2m > [22m[2mDatabase - 100% Coverage Tests
[22m[39m[INFO] Applying migration: 20260323_voice_profiles_multi_sample.sql 

[90mstdout[2m | server/tests/security.test.ts[2m > [22m[2mAPI Security Regression Tests
[22m[39m[INFO] Applying migration: 002_add_indexes.sql 

[90mstdout[2m | server/tests/security.test.ts[2m > [22m[2mAPI Security Regression Tests
[22m[39m[INFO] Applying migration: 003_add_missing_indexes.sql 

[90mstderr[2m | server/test
s/database/database.additiona
l.test.ts[2m > [22m[2mData
base - Additional Coverage Te
sts[2m > [22m[2mupsertMedi
aAsset()[2m > [22m[2minser
ts new media asset with local
 storage fallback
[22m[39m[Supabase Storage] 
Bucket creation warning: fetc
h failed

[90mstdout[2m | server/tests/security.test.ts[2m > [22m[2mAPI Security Regression Tests
[22m[39m[INFO] Applying migration: 20260320_rag_chunks.sql 

[90mstdout[2m | server/tests/httpClient.test.ts[2m > [22m[2mhttpClient[2m > [22m[2mretries on network error up to MAX_RETRIES times
[22m[39m[httpClient] Retry 1/3 after 200ms due to: Failed to fetch

[90mstdout[2m | server/tests/security.test.ts[2m > [22m[2mAPI Security Regression Tests
[22m[39m[INFO] Applying migration: 20260323_voice_profiles_multi_sample.sql 

[90mstderr[2m | server/test
s/database/database.additiona
l.test.ts[2m > [22m[2mData
base - Additional Coverage Te
sts[2m > [22m[2mupsertMedi
aAsset()[2m > [22m[2minser
ts new media asset with local
 storage fallback
[22m[39m[WARN] [database] S
upabase upload failed, fallin
g back to local: { message: 
[32m'Failed to upload to Supa
base Storage: fetch failed'[
39m }

[90mstdout[2m | server/tests/security.test.ts[2m > [22m[2mAPI Security Regression Tests
[22m[39m[INFO] [Bootstrap] Database health check OK (sqlite) 
[INFO] [Bootstrap] Initializing TranscriptionService with audioPipeline (object, keys: transcribeRecording, analyzeAudioQuality, preprocessAudio, transcribeLiveChunk, buildAudioPreprocessCacheKey, getPreprocessCachePath, isPreprocessCacheFile, normalizeRecording, extractSpeakerAudioClip, generateVoiceCoaching, analyzeAcousticFeatures, diarizeFromTranscript, analyzeMeetingWithOpenAI, embedTextChunks) 

[90mstdout[2m | server/tests/httpClient.test.ts[2m > [22m[2mhttpClient[2m > [22m[2mretries on network error up to MAX_RETRIES times
[22m[39m[httpClient] Retry 2/3 after 400ms due to: Failed to fetch

[90mstderr[2m | server/test
s/database/database.additiona
l.test.ts[2m > [22m[2mData
base - Additional Coverage Te
sts[2m > [22m[2mupsertMedi
aAsset()[2m > [22m[2mupdat
es existing media asset
[22m[39m[WARN] [database] S
upabase upload failed, fallin
g back to local: { message: 
[32m'Failed to upload to Supa
base Storage: fetch failed'[
39m }

[90mstderr[2m | server/test
s/database/database.additiona
l.test.ts[2m > [22m[2mData
base - Additional Coverage Te
sts[2m > [22m[2mupsertMedi
aAsset()[2m > [22m[2mupdat
es existing media asset
[22m[39m[WARN] [database] S
upabase upload failed, fallin
g back to local: { message: 
[32m'Failed to upload to Supa
base Storage: fetch failed'[
39m }

[90mstderr[2m | server/test
s/database/database.additiona
l.test.ts[2m > [22m[2mData
base - Additional Coverage Te
sts[2m > [22m[2mupsertMedi
aAsset()[2m > [22m[2mhandl
es different audio formats co
rrectly
[22m[39m[WARN] [database] S
upabase upload failed, fallin
g back to local: { message: 
[32m'Failed to upload to Supa
base Storage: fetch failed'[
39m }

[90mstdout[2m | server/tests/security.test.ts[2m > [22m[2mAPI Security Regression Tests[2m > [22m[2m[H-01/M-04] POST /voice-profiles - Should reject >1MB JSON Body with 413 (Denial of Service & JSON Bomb)
[22m[39m[INFO] [REQ] POST /voice-profiles - 413 [89.5ms] {
  requestId: [32m'7506b1e7-11c1-4d8f-81e5-91713339d2d9'[39m,
  method: [32m'POST'[39m,
  route: [32m'/voice-profiles'[39m,
  status: [33m413[39m,
  durationMs: [32m'89.51'[39m
}

[90mstdout[2m | server/tests/security.test.ts[2m > [22m[2mAPI Security Regression Tests[2m > [22m[2m[H-04] GET /health - Should not leak dbPath or uploadDir (Information Disclosure)
[22m[39m[INFO] [REQ] GET /health - 200 [2.9ms] {
  requestId: [32m'1face39b-f5b5-4321-9d0f-af05bf9f8613'[39m,
  method: [32m'GET'[39m,
  route: [32m'/health'[39m,
  status: [33m200[39m,
  durationMs: [32m'2.88'[39m
}

[90mstderr[2m | server/test
s/security.test.ts[2m > [22
m[2mAPI Security Regression 
Tests[2m > [22m[2m[M-03] G
ET /media/recordings/:id/audi
o - Should fallback Content-T
ype if invalid (Stored XSS)
[22m[39m[media] Audio 404 Ô
Çö no media_assets row { reco
rdingId: [32m'non_existent_i
d'[39m }

[90mstdout[2m | server/tests/security.test.ts[2m > [22m[2mAPI Security Regression Tests[2m > [22m[2m[M-03] GET /media/recordings/:id/audio - Should fallback Content-Type if invalid (Stored XSS)
[22m[39m[INFO] [REQ] GET /media/recordings/non_existent_id/audio - 404 [8.5ms] {
  requestId: [32m'10abfcb7-907d-4fbc-96c4-a2234cad116b'[39m,
  method: [32m'GET'[39m,
  route: [32m'/media/recordings/non_existent_id/audio'[39m,
  status: [33m404[39m,
  durationMs: [32m'8.50'[39m
}

[90mstdout[2m | server/tests/security.test.ts[2m > [22m[2mAPI Security Regression Tests[2m > [22m[2m[M-06] POST /voice-profiles - Should cap arbitrarily long X-Speaker-Name header (Data Storage Abuse)
[22m[39m[INFO] [REQ] POST /voice-profiles - 400 [6.2ms] {
  requestId: [32m'806deec5-3d27-452a-b3d4-009e27ef5d7c'[39m,
  method: [32m'POST'[39m,
  route: [32m'/voice-profiles'[39m,
  status: [33m400[39m,
  durationMs: [32m'6.24'[39m
}

[90mstderr[2m | server/test
s/database/database.additiona
l.test.ts[2m > [22m[2mData
base - Additional Coverage Te
sts[2m > [22m[2mupsertMedi
aAsset()[2m > [22m[2mhandl
es different audio formats co
rrectly
[22m[39m[WARN] [database] S
upabase upload failed, fallin
g back to local: { message: 
[32m'Failed to upload to Supa
base Storage: fetch failed'[
39m }

[90mstdout[2m | server/tests/security.test.ts[2m > [22m[2mAPI Security Regression Tests[2m > [22m[2m[H-02] X-Forwarded-For Spoofing Bypass check
[22m[39m[INFO] [REQ] POST /auth/login - 400 [12.8ms] {
  requestId: [32m'b2b944dc-fe86-4728-b132-5d99d48643d3'[39m,
  method: [32m'POST'[39m,
  route: [32m'/auth/login'[39m,
  status: [33m400[39m,
  durationMs: [32m'12.83'[39m
}

 [32mÔťô[39m server/tests/httpClient.test.ts [2m([22m[2m7 tests[22m[2m)[22m[33m 818[2mms[22m[39m
     [33m[2mÔťô[22m[39m retries on network error up to MAX_RETRIES times [33m 641[2mms[22m[39m
[90mstdout[2m | server/tests/transcription.test.ts[2m > [22m[2mTranscriptionService[2m > [22m[2mmarks transcription failure and clears the job map on pipeline error
[22m[39m[INFO] [Pipeline] Starting transcription job. {
  requestId: [32m'internal-stt'[39m,
  recordingId: [32m'rec_2'[39m,
  processingMode: [32m'fast'[39m
}

[90mstderr[2m | server/test
s/database/database.additiona
l.test.ts[2m > [22m[2mData
base - Additional Coverage Te
sts[2m > [22m[2mupsertMedi
aAsset()[2m > [22m[2mhandl
es different audio formats co
rrectly
[22m[39m[WARN] [database] S
upabase upload failed, fallin
g back to local: { message: 
[32m'Failed to upload to Supa
base Storage: fetch failed'[
39m }

 [32mÔťô[39m server/tests/security.test.ts [2m([22m[2m5 tests[22m[2m)[22m[33m 1210[2mms[22m[39m
[90mstderr[2m | server/test
s/database/database.additiona
l.test.ts[2m > [22m[2mData
base - Additional Coverage Te
sts[2m > [22m[2mupsertMedi
aAsset()[2m > [22m[2mhandl
es different audio formats co
rrectly
[22m[39m[WARN] [database] S
upabase upload failed, fallin
g back to local: { message: 
[32m'Failed to upload to Supa
base Storage: fetch failed'[
39m }

[90mstdout[2m | server/tests/services/TranscriptionService.additional.test.ts[2m > [22m[2mTranscriptionService - Additional Coverage[2m > [22m[2mvectorizeTranscriptionResultToRAG()[2m > [22m[2mchunks segments and vectorizes for RAG
[22m[39m[RAG] Pomyslnie zindeksowano 2 wektorow na archiwum spotkania.

[90mstderr[2m | server/test
s/database/database.additiona
l.test.ts[2m > [22m[2mData
base - Additional Coverage Te
sts[2m > [22m[2mupsertMedi
aAsset()[2m > [22m[2mhandl
es different audio formats co
rrectly
[22m[39m[WARN] [database] S
upabase upload failed, fallin
g back to local: { message: 
[32m'Failed to upload to Supa
base Storage: fetch failed'[
39m }

[90mstderr[2m | server/test
s/database/database.additiona
l.test.ts[2m > [22m[2mData
base - Additional Coverage Te
sts[2m > [22m[2mupsertMedi
aAsset()[2m > [22m[2msanit
izes recording ID to prevent 
path traversal
[22m[39m[WARN] [database] S
upabase upload failed, fallin
g back to local: { message: 
[32m'Failed to upload to Supa
base Storage: fetch failed'[
39m }

 [32mÔťô[39m server/tests/diarization.unit.test.ts [2m([22m[2m9 tests[22m[2m)[22m[32m 38[2mms[22m[39m
[90mstderr[2m | server/test
s/database/database.additiona
l.test.ts[2m > [22m[2mData
base - Additional Coverage Te
sts[2m > [22m[2mupsertMedi
aAsset()[2m > [22m[2msanit
izes recording ID to prevent 
path traversal
[22m[39m[WARN] [database] S
upabase upload failed, fallin
g back to local: { message: 
[32m'Failed to upload to Supa
base Storage: fetch failed'[
39m }

[90mstdout[2m | server/tests/transcription.test.ts[2m > [22m[2mTranscriptionService[2m > [22m[2mpersists empty transcript results without marking failure or vectorizing RAG
[22m[39m[INFO] [Pipeline] Starting transcription job. {
  requestId: [32m'internal-stt'[39m,
  recordingId: [32m'rec_empty'[39m,
  processingMode: [32m'fast'[39m
}

[90mstdout[2m | server/tests/transcription.test.ts[2m > [22m[2mTranscriptionService[2m > [22m[2mpersists empty transcript results without marking failure or vectorizing RAG
[22m[39m[INFO] [Metrics] Pipeline completed successfully. {
  requestId: [32m'internal-stt'[39m,
  recordingId: [32m'rec_empty'[39m,
  durationMs: [32m'21.78'[39m,
  confidence: [33m0[39m
}

[90mstderr[2m | server/test
s/database/database.additiona
l.test.ts[2m > [22m[2mData
base - Additional Coverage Te
sts[2m > [22m[2mupsertMedi
aAsset()[2m > [22m[2msanit
izes recording ID to prevent 
path traversal
[22m[39m[WARN] [database] S
upabase upload failed, fallin
g back to local: { message: 
[32m'Failed to upload to Supa
base Storage: fetch failed'[
39m }

[90mstderr[2m | server/test
s/database/database.additiona
l.test.ts[2m > [22m[2mData
base - Additional Coverage Te
sts[2m > [22m[2mgetMediaAs
set()[2m > [22m[2mreturns 
media asset by ID
[22m[39m[WARN] [database] S
upabase upload failed, fallin
g back to local: { message: 
[32m'Failed to upload to Supa
base Storage: fetch failed'[
39m }

 [32mÔťô[39m server/tests/services/TranscriptionService.additional.test.ts [2m([22m[2m26 tests[22m[2m)[22m[33m 900[2mms[22m[39m
       [33m[2mÔťô[22m[39m queries RAG with question and returns top chunks [33m 632[2mms[22m[39m
[90mstderr[2m | server/test
s/database/database.additiona
l.test.ts[2m > [22m[2mData
base - Additional Coverage Te
sts[2m > [22m[2mdeleteMedi
aAsset()[2m > [22m[2mdelet
es media asset and cleans up 
file
[22m[39m[WARN] [database] S
upabase upload failed, fallin
g back to local: { message: 
[32m'Failed to upload to Supa
base Storage: fetch failed'[
39m }

 [32mÔťô[39m server/tests/transcription.test.ts [2m([22m[2m7 tests[22m[2m)[22m[33m 13471[2mms[22m[39m
     [33m[2mÔťô[22m[39m falls back to injected audioPipeline and calls transcribeRecording [33m 11394[2mms[22m[39m
     [33m[2mÔťô[22m[39m deduplicates in-flight transcription jobs and persists successful results [33m 1122[2mms[22m[39m
     [33m[2mÔťô[22m[39m marks transcription failure and clears the job map on pipeline error [33m 550[2mms[22m[39m
[90mstderr[2m | server/test
s/database/database.additiona
l.test.ts[2m > [22m[2mData
base - Additional Coverage Te
sts[2m > [22m[2mdeleteMedi
aAsset()[2m > [22m[2mdoes 
not delete if workspace ID do
es not match
[22m[39m[WARN] [database] S
upabase upload failed, fallin
g back to local: { message: 
[32m'Failed to upload to Supa
base Storage: fetch failed'[
39m }

 [32mÔťô[39m server/tests/middleware.test.ts [2m([22m[2m4 tests[22m[2m)[22m[32m 34[2mms[22m[39m
[90mstderr[2m | server/test
s/database/database.additiona
l.test.ts[2m > [22m[2mData
base - Additional Coverage Te
sts[2m > [22m[2msaveAudioQ
ualityDiagnostics()[2m > [2
2m[2msaves audio quality met
rics to diarization_json
[22m[39m[WARN] [database] S
upabase upload failed, fallin
g back to local: { message: 
[32m'Failed to upload to Supa
base Storage: fetch failed'[
39m }

[90mstderr[2m | server/test
s/database/database.additiona
l.test.ts[2m > [22m[2mData
base - Additional Coverage Te
sts[2m > [22m[2msaveAudioQ
ualityDiagnostics()[2m > [2
2m[2mhandles null audio qual
ity gracefully
[22m[39m[WARN] [database] S
upabase upload failed, fallin
g back to local: { message: 
[32m'Failed to upload to Supa
base Storage: fetch failed'[
39m }

[90mstdout[2m | server/tests/database/database.additional.test.ts
[22m[39m[DB] Using local async SQLite Worker at: :memory:

[90mstderr[2m | server/test
s/database/database.additiona
l.test.ts
[22m[39m[DB] SQLite Worker 
exited with code 1, restartin
g...

 [32mÔťô[39m server/tests/database/database.additional.test.ts [2m([22m[2m30 tests[22m[2m)[22m[33m 5628[2mms[22m[39m
       [33m[2mÔťô[22m[39m inserts new media asset with local storage fallback [33m 1248[2mms[22m[39m
       [33m[2mÔťô[22m[39m handles different audio formats correctly [33m 699[2mms[22m[39m
       [33m[2mÔťô[22m[39m sanitizes recording ID to prevent path traversal [33m 469[2mms[22m[39m
[90mstdout[2m | server/tests/transcription.helpers.test.ts
[22m[39m[stt] Provider chain: groq Ôćĺ openai
[stt]   groq: model=whisper-large-v3 url=https://api.groq.com/openai/v1/audio/transcriptions key=gsk_RmZm...
[stt]   openai: model=gpt-4o-transcribe url=https://api.openai.com/v1/audio/transcriptions key=sk-proj-...

 [32mÔťô[39m server/tests/transcription.helpers.test.ts [2m([22m[2m5 tests[22m[2m)[22m[32m 35[2mms[22m[39m
[90mstdout[2m | server/tests/database/database.coverage.100.test.ts[2m > [22m[2mDatabase - 100% Coverage Tests[2m > [22m[2mrequestPasswordReset()[2m > [22m[2mrequests password reset
[22m[39m[DEV] Password reset requested for resetuser1774897191174@test.com (expires 2026-03-30T19:14:51.556Z)

[90mstdout[2m | server/tests/routes/workspaces.test.ts[2m > [22m[2mWorkspace Routes[2m > [22m[2mPUT /users/:userId/profile updates only current user profile
[22m[39m[INFO] [REQ] PUT /users/u1/profile - 200 [10.8ms] {
  requestId: [32m'5c5c600b-1f83-4f70-94f4-2295daefd145'[39m,
  method: [32m'PUT'[39m,
  route: [32m'/users/u1/profile'[39m,
  status: [33m200[39m,
  durationMs: [32m'10.84'[39m
}

[90mstdout[2m | server/tests/routes/workspaces.test.ts[2m > [22m[2mWorkspace Routes[2m > [22m[2mblocks profile and password changes for other users
[22m[39m[INFO] [REQ] PUT /users/u2/profile - 403 [0.6ms] {
  requestId: [32m'b282d3da-e76a-47c6-9d3a-9028d11bb0d5'[39m,
  method: [32m'PUT'[39m,
  route: [32m'/users/u2/profile'[39m,
  status: [33m403[39m,
  durationMs: [32m'0.61'[39m
}

[90mstdout[2m | server/tests/routes/workspaces.test.ts[2m > [22m[2mWorkspace Routes[2m > [22m[2mblocks profile and password changes for other users
[22m[39m[INFO] [REQ] POST /users/u2/password - 403 [3.7ms] {
  requestId: [32m'4a40324a-7a51-4710-a2a2-131cabe7670a'[39m,
  method: [32m'POST'[39m,
  route: [32m'/users/u2/password'[39m,
  status: [33m403[39m,
  durationMs: [32m'3.65'[39m
}

[90mstdout[2m | server/tests/routes/workspaces.test.ts[2m > [22m[2mWorkspace Routes[2m > [22m[2mupdates workspace member roles only for owner/admin memberships
[22m[39m[INFO] [REQ] PUT /workspaces/ws1/members/u2/role - 200 [1.4ms] {
  requestId: [32m'd45abe66-702f-4764-903e-a56fce36e945'[39m,
  method: [32m'PUT'[39m,
  route: [32m'/workspaces/ws1/members/u2/role'[39m,
  status: [33m200[39m,
  durationMs: [32m'1.42'[39m
}

[90mstdout[2m | server/tests/routes/workspaces.test.ts[2m > [22m[2mWorkspace Routes[2m > [22m[2mupdates workspace member roles only for owner/admin memberships
[22m[39m[INFO] [REQ] PUT /workspaces/ws1/members/u2/role - 403 [0.7ms] {
  requestId: [32m'00c7a3f2-4ddf-4f2a-add8-2b20d5c422ad'[39m,
  method: [32m'PUT'[39m,
  route: [32m'/workspaces/ws1/members/u2/role'[39m,
  status: [33m403[39m,
  durationMs: [32m'0.67'[39m
}

[90mstdout[2m | server/tests/routes/workspaces.test.ts[2m > [22m[2mWorkspace Routes[2m > [22m[2mhandles RAG ask validation, no-results and LLM failure paths
[22m[39m[INFO] [REQ] POST /workspaces/ws1/rag/ask - 400 [1.2ms] {
  requestId: [32m'2c565b55-1e11-4aaa-ae41-5ade59a2e3f8'[39m,
  method: [32m'POST'[39m,
  route: [32m'/workspaces/ws1/rag/ask'[39m,
  status: [33m400[39m,
  durationMs: [32m'1.18'[39m
}

[90mstdout[2m | server/tests/routes/workspaces.test.ts[2m > [22m[2mWorkspace Routes[2m > [22m[2mhandles RAG ask validation, no-results and LLM failure paths
[22m[39m[INFO] [REQ] POST /workspaces/ws1/rag/ask - 200 [3.2ms] {
  requestId: [32m'c04fbec4-a2f8-4de9-a85a-e25568946057'[39m,
  method: [32m'POST'[39m,
  route: [32m'/workspaces/ws1/rag/ask'[39m,
  status: [33m200[39m,
  durationMs: [32m'3.22'[39m
}

[90mstdout[2m | server/tests/routes/workspaces.test.ts[2m > [22m[2mWorkspace Routes[2m > [22m[2mhandles RAG ask validation, no-results and LLM failure paths
[22m[39m[INFO] [REQ] POST /workspaces/ws1/rag/ask - 500 [2.8ms] {
  requestId: [32m'7ea9b98a-ed6d-4eba-b940-912a0c63381c'[39m,
  method: [32m'POST'[39m,
  route: [32m'/workspaces/ws1/rag/ask'[39m,
  status: [33m500[39m,
  durationMs: [32m'2.83'[39m
}

 [32mÔťô[39m server/tests/routes/workspaces.test.ts [2m([22m[2m5 tests[22m[2m | [22m[33m1 skipped[39m[2m)[22m[33m 325[2mms[22m[39m
[90mstdout[2m | server/tests/routes/media.additional.test.ts[2m > [22m[2mMedia Routes - Additional Coverage[2m > [22m[2mPOST /media/analyze[2m > [22m[2mreturns no-key mode when analysis returns null
[22m[39m[INFO] [REQ] POST /media/analyze - 200 [14.5ms] {
  requestId: [32m'0f95ce5f-de78-4ef3-82c9-62532e697444'[39m,
  method: [32m'POST'[39m,
  route: [32m'/media/analyze'[39m,
  status: [33m200[39m,
  durationMs: [32m'14.46'[39m
}

[90mstdout[2m | server/tests/stt.providers.test.ts[2m > [22m[2mstt providers ÔÇö HTTP behavior[2m > [22m[2mmakes POST to correct URL with Authorization header
[22m[39m[stt] openai model=gpt-4o-transcribe Ôćĺ POST https://api.openai.test/v1/audio/transcriptions

[90mstdout[2m | server/tests/stt.providers.test.ts[2m > [22m[2mstt providers ÔÇö HTTP behavior[2m > [22m[2mpasses request.signal to httpClient
[22m[39m[stt] openai model=gpt-4o-transcribe Ôćĺ POST https://api.openai.test/v1/audio/transcriptions

[90mstdout[2m | server/tests/stt.providers.test.ts[2m > [22m[2mstt providers ÔÇö HTTP behavior[2m > [22m[2mthrows with API error message on HTTP 401
[22m[39m[stt] openai model=gpt-4o-transcribe Ôćĺ POST https://api.openai.test/v1/audio/transcriptions

[90mstderr[2m | server/test
s/stt.providers.test.ts[2m >
 [22m[2mstt providers ÔÇö H
TTP behavior[2m > [22m[2mt
hrows with API error message 
on HTTP 401
[22m[39m[stt] openai failed
: status=401 body={"error":{"
message":"Invalid API key pro
vided."}}

[90mstdout[2m | server/tests/stt.providers.test.ts[2m > [22m[2mstt providers ÔÇö HTTP behavior[2m > [22m[2mthrows with fallback message on HTTP 400 with non-JSON body
[22m[39m[stt] openai model=gpt-4o-transcribe Ôćĺ POST https://api.openai.test/v1/audio/transcriptions

[90mstderr[2m | server/test
s/stt.providers.test.ts[2m >
 [22m[2mstt providers ÔÇö H
TTP behavior[2m > [22m[2mt
hrows with fallback message o
n HTTP 400 with non-JSON body
[22m[39m[stt] openai failed
: status=400 body=bad request

[90mstdout[2m | server/tests/stt.providers.test.ts[2m > [22m[2mstt providers ÔÇö HTTP behavior[2m > [22m[2mtranscribeWithProviders falls through to second provider on first failure
[22m[39m[stt] groq model=gpt-4o-transcribe Ôćĺ POST https://api.groq.com/openai/v1/audio/transcriptions

[90mstderr[2m | server/test
s/stt.providers.test.ts[2m >
 [22m[2mstt providers ÔÇö H
TTP behavior[2m > [22m[2mt
ranscribeWithProviders falls 
through to second provider on
 first failure
[22m[39m[stt] groq network 
error: Groq network error url
=https://api.groq.com/openai/
v1/audio/transcriptions

[90mstdout[2m | server/tests/stt.providers.test.ts[2m > [22m[2mstt providers ÔÇö HTTP behavior[2m > [22m[2mtranscribeWithProviders falls through to second provider on first failure
[22m[39m[stt] openai model=gpt-4o-transcribe Ôćĺ POST https://api.openai.test/v1/audio/transcriptions

[90mstdout[2m | server/tests/stt.providers.test.ts[2m > [22m[2mstt providers ÔÇö HTTP behavior[2m > [22m[2mcreateFormData appends file with correct name
[22m[39m[stt] openai model=gpt-4o-transcribe Ôćĺ POST https://api.openai.test/v1/audio/transcriptions

[90mstdout[2m | server/tests/stt.providers.test.ts[2m > [22m[2mstt providers ÔÇö HTTP behavior[2m > [22m[2mcreateFormData appends array fields with [] suffix
[22m[39m[stt] openai model=gpt-4o-transcribe Ôćĺ POST https://api.openai.test/v1/audio/transcriptions

[90mstdout[2m | server/tests/stt.providers.test.ts[2m > [22m[2mstt providers ÔÇö Groq model override in requestFactory[2m > [22m[2muses Groq provider.defaultModel (whisper-large-v3) when fields.model is an OpenAI model
[22m[39m[stt] openai model=whisper-1 Ôćĺ POST https://api.openai.test/v1/audio/transcriptions

[90mstderr[2m | server/test
s/stt.providers.test.ts[2m >
 [22m[2mstt providers ÔÇö G
roq model override in request
Factory[2m > [22m[2muses G
roq provider.defaultModel (wh
isper-large-v3) when fields.m
odel is an OpenAI model
[22m[39m[stt] openai networ
k error: OpenAI network error
 url=https://api.openai.test/
v1/audio/transcriptions

[90mstdout[2m | server/tests/routes/media.additional.test.ts[2m > [22m[2mMedia Routes - Additional Coverage[2m > [22m[2mPUT /media/recordings/:recordingId/audio/chunk[2m > [22m[2mreturns 401 when not authenticated
[22m[39m[INFO] [REQ] PUT /media/recordings/rec1/audio/chunk - 401 [1.8ms] {
  requestId: [32m'a0dfb01f-7798-4c7e-84d2-20d6b3d5da7a'[39m,
  method: [32m'PUT'[39m,
  route: [32m'/media/recordings/rec1/audio/chunk'[39m,
  status: [33m401[39m,
  durationMs: [32m'1.80'[39m
}

[90mstdout[2m | server/tests/stt.providers.test.ts[2m > [22m[2mstt providers ÔÇö Groq model override in requestFactory[2m > [22m[2muses Groq provider.defaultModel (whisper-large-v3) when fields.model is an OpenAI model
[22m[39m[stt] groq model=whisper-large-v3 Ôćĺ POST https://api.groq.com/openai/v1/audio/transcriptions

[90mstdout[2m | server/tests/routes/ai.test.ts[2m > [22m[2mAI Routes[2m > [22m[2mPOST /ai/person-profile[2m > [22m[2mreturns no-key mode when personName is missing
[22m[39m[INFO] [REQ] POST /ai/person-profile - 200 [13.9ms] {
  requestId: [32m'ea07ae34-12e0-4b55-98ab-a298630f8839'[39m,
  method: [32m'POST'[39m,
  route: [32m'/ai/person-profile'[39m,
  status: [33m200[39m,
  durationMs: [32m'13.88'[39m
}

[90mstdout[2m | server/tests/routes/media.additional.test.ts[2m > [22m[2mMedia Routes - Additional Coverage[2m > [22m[2mPUT /media/recordings/:recordingId/audio/chunk[2m > [22m[2mreturns 400 when X-Workspace-Id is missing
[22m[39m[INFO] [REQ] PUT /media/recordings/rec1/audio/chunk - 400 [1.8ms] {
  requestId: [32m'ab59b442-5143-42db-8694-b7821fb4ddb2'[39m,
  method: [32m'PUT'[39m,
  route: [32m'/media/recordings/rec1/audio/chunk'[39m,
  status: [33m400[39m,
  durationMs: [32m'1.77'[39m
}

[90mstdout[2m | server/tests/routes/ai.test.ts[2m > [22m[2mAI Routes[2m > [22m[2mPOST /ai/person-profile[2m > [22m[2mreturns no-key mode when allSegments has less than 5 items
[22m[39m[INFO] [REQ] POST /ai/person-profile - 200 [1.1ms] {
  requestId: [32m'31b62ece-d616-4f56-8428-fb1ff429527b'[39m,
  method: [32m'POST'[39m,
  route: [32m'/ai/person-profile'[39m,
  status: [33m200[39m,
  durationMs: [32m'1.09'[39m
}

 [32mÔťô[39m server/tests/stt.providers.test.ts [2m([22m[2m11 tests[22m[2m)[22m[32m 180[2mms[22m[39m
[90mstdout[2m | server/tests/routes/media.additional.test.ts[2m > [22m[2mMedia Routes - Additional Coverage[2m > [22m[2mPUT /media/recordings/:recordingId/audio/chunk[2m > [22m[2mreturns 400 when index/total parameters are invalid
[22m[39m[INFO] [REQ] PUT /media/recordings/rec1/audio/chunk - 400 [1.4ms] {
  requestId: [32m'c0370b80-8bd2-44d5-a2e6-c6cc648f04f1'[39m,
  method: [32m'PUT'[39m,
  route: [32m'/media/recordings/rec1/audio/chunk'[39m,
  status: [33m400[39m,
  durationMs: [32m'1.36'[39m
}

[90mstdout[2m | server/tests/routes/ai.test.ts[2m > [22m[2mAI Routes[2m > [22m[2mPOST /ai/person-profile[2m > [22m[2mcalls Anthropic API and returns parsed profile when API key is configured
[22m[39m[INFO] [REQ] POST /ai/person-profile - 200 [2.4ms] {
  requestId: [32m'fa927f06-7d21-4ae0-b72d-ae54b0dffad2'[39m,
  method: [32m'POST'[39m,
  route: [32m'/ai/person-profile'[39m,
  status: [33m200[39m,
  durationMs: [32m'2.44'[39m
}

 [32mÔťô[39m server/tests/speakerEmbedder.test.ts [2m([22m[2m28 tests[22m[2m)[22m[32m 55[2mms[22m[39m
[90mstdout[2m | server/tests/routes/media.additional.test.ts[2m > [22m[2mMedia Routes - Additional Coverage[2m > [22m[2mPUT /media/recordings/:recordingId/audio/chunk[2m > [22m[2mreturns 400 when total > 600
[22m[39m[INFO] [REQ] PUT /media/recordings/rec1/audio/chunk - 400 [9.0ms] {
  requestId: [32m'0d390dd5-6d9e-48f6-b35c-a8b257c973ba'[39m,
  method: [32m'PUT'[39m,
  route: [32m'/media/recordings/rec1/audio/chunk'[39m,
  status: [33m400[39m,
  durationMs: [32m'8.97'[39m
}

[90mstderr[2m | server/test
s/routes/ai.test.ts[2m > [2
2m[2mAI Routes[2m > [22m[
2mPOST /ai/person-profile[2m
 > [22m[2mreturns no-key mo
de when Anthropic API fails
[22m[39m[ai/person-profile]
 error: Network error

[90mstdout[2m | server/tests/routes/ai.test.ts[2m > [22m[2mAI Routes[2m > [22m[2mPOST /ai/person-profile[2m > [22m[2mreturns no-key mode when Anthropic API fails
[22m[39m[INFO] [REQ] POST /ai/person-profile - 200 [2.3ms] {
  requestId: [32m'dd17bcc1-7f7d-466f-a95b-1e46b75aeb0a'[39m,
  method: [32m'POST'[39m,
  route: [32m'/ai/person-profile'[39m,
  status: [33m200[39m,
  durationMs: [32m'2.25'[39m
}

[90mstderr[2m | server/test
s/routes/ai.test.ts[2m > [2
2m[2mAI Routes[2m > [22m[
2mPOST /ai/person-profile[2m
 > [22m[2mreturns no-key mo
de when Anthropic returns non
-JSON response
[22m[39m[ai/person-profile]
 error: No JSON in response

[90mstdout[2m | server/tests/routes/ai.test.ts[2m > [22m[2mAI Routes[2m > [22m[2mPOST /ai/person-profile[2m > [22m[2mreturns no-key mode when Anthropic returns non-JSON response
[22m[39m[INFO] [REQ] POST /ai/person-profile - 200 [1.8ms] {
  requestId: [32m'ee10f414-1454-474c-a0a1-f2b8855629e4'[39m,
  method: [32m'POST'[39m,
  route: [32m'/ai/person-profile'[39m,
  status: [33m200[39m,
  durationMs: [32m'1.81'[39m
}

[90mstderr[2m | server/test
s/routes/ai.test.ts[2m > [2
2m[2mAI Routes[2m > [22m[
2mPOST /ai/suggest-tasks[2m 
> [22m[2mreturns empty task
s when ANTHROPIC_API_KEY is n
ot configured
[22m[39m[ai/suggest-tasks] 
error: No JSON in response

[90mstdout[2m | server/tests/routes/ai.test.ts[2m > [22m[2mAI Routes[2m > [22m[2mPOST /ai/suggest-tasks[2m > [22m[2mreturns empty tasks when ANTHROPIC_API_KEY is not configured
[22m[39m[INFO] [REQ] POST /ai/suggest-tasks - 200 [2.8ms] {
  requestId: [32m'c85c48af-a905-4b4f-8022-49c571cee987'[39m,
  method: [32m'POST'[39m,
  route: [32m'/ai/suggest-tasks'[39m,
  status: [33m200[39m,
  durationMs: [32m'2.76'[39m
}

[90mstdout[2m | server/tests/routes/media.additional.test.ts[2m > [22m[2mMedia Routes - Additional Coverage[2m > [22m[2mPUT /media/recordings/:recordingId/audio/chunk[2m > [22m[2mreturns 413 when chunk > 3MB
[22m[39m[INFO] [REQ] PUT /media/recordings/rec1/audio/chunk - 413 [14.4ms] {
  requestId: [32m'7f9a0a4b-7eb8-4575-a4b4-0369f36a9b50'[39m,
  method: [32m'PUT'[39m,
  route: [32m'/media/recordings/rec1/audio/chunk'[39m,
  status: [33m413[39m,
  durationMs: [32m'14.37'[39m
}

[90mstdout[2m | server/tests/routes/ai.test.ts[2m > [22m[2mAI Routes[2m > [22m[2mPOST /ai/suggest-tasks[2m > [22m[2mreturns empty tasks when transcript is empty
[22m[39m[INFO] [REQ] POST /ai/suggest-tasks - 200 [0.7ms] {
  requestId: [32m'fc63feaf-225a-451b-aba9-1508602f00c1'[39m,
  method: [32m'POST'[39m,
  route: [32m'/ai/suggest-tasks'[39m,
  status: [33m200[39m,
  durationMs: [32m'0.75'[39m
}

[90mstdout[2m | server/tests/routes/media.additional.test.ts[2m > [22m[2mMedia Routes - Additional Coverage[2m > [22m[2mPUT /media/recordings/:recordingId/audio/chunk[2m > [22m[2mreturns 200 and saves chunk when valid
[22m[39m[INFO] [REQ] PUT /media/recordings/rec1/audio/chunk - 200 [33.0ms] {
  requestId: [32m'1d350ba1-7b2e-4311-b4dd-b5d9d8141c31'[39m,
  method: [32m'PUT'[39m,
  route: [32m'/media/recordings/rec1/audio/chunk'[39m,
  status: [33m200[39m,
  durationMs: [32m'33.05'[39m
}

[90mstderr[2m | server/test
s/performance/response-time-s
la.test.ts[2m > [22m[2mPer
formance Regression ÔÇö Respo
nse Time SLAs[2m > [22m[2m
P0 ÔÇö Critical Paths[2m > 
[22m[2mGET /auth/session res
ponds within 100ms (SLA: P0)
[22m[39mAPP ERROR STACK Typ
eError: authService.buildSess
ionPayload is not a function
    at C:/Users/user/new/audi
oRecorder/server/routes/auth.
ts:117:37
    at processTicksAndRejecti
ons (node:internal/process/ta
sk_queues:104:5)
    at dispatch (file:///C:/U
sers/user/new/audioRecorder/n
ode_modules/.pnpm/hono@4.12.9
/node_modules/hono/dist/compo
se.js:22:17)
    at authMiddleware (C:/Use
rs/user/new/audioRecorder/ser
ver/routes/middleware.ts:50:5
)
    at dispatch (file:///C:/U
sers/user/new/audioRecorder/n
ode_modules/.pnpm/hono@4.12.9
/node_modules/hono/dist/compo
se.js:22:17)
    at C:/Users/user/new/audi
oRecorder/server/routes/auth.
ts:15:7
    at dispatch (file:///C:/U
sers/user/new/audioRecorder/n
ode_modules/.pnpm/hono@4.12.9
/node_modules/hono/dist/compo
se.js:22:17)
    at C:/Users/user/new/audi
oRecorder/server/http/app-sec
urity.ts:106:5
    at dispatch (file:///C:/U
sers/user/new/audioRecorder/n
ode_modules/.pnpm/hono@4.12.9
/node_modules/hono/dist/compo
se.js:22:17)
    at C:/Users/user/new/audi
oRecorder/server/http/app-sec
urity.ts:71:7

[90mstdout[2m | server/tests/performance/response-time-sla.test.ts[2m > [22m[2mPerformance Regression ÔÇö Response Time SLAs[2m > [22m[2mP0 ÔÇö Critical Paths[2m > [22m[2mGET /auth/session responds within 100ms (SLA: P0)
[22m[39m[INFO] [REQ] GET /auth/session - 500 [23.0ms] {
  requestId: [32m'767ac265-2428-4ce5-a538-2c62cec8720c'[39m,
  method: [32m'GET'[39m,
  route: [32m'/auth/session'[39m,
  status: [33m500[39m,
  durationMs: [32m'22.99'[39m
}

[90mstdout[2m | server/tests/performance/response-time-sla.test.ts[2m > [22m[2mPerformance Regression ÔÇö Response Time SLAs[2m > [22m[2mP1 ÔÇö Read Operations[2m > [22m[2mGET /voice-profiles responds within 500ms (SLA: P1)
[22m[39m[INFO] [REQ] GET /voice-profiles - 200 [4.9ms] {
  requestId: [32m'cf4a8929-d97f-4bf5-a494-994c5054bb4c'[39m,
  method: [32m'GET'[39m,
  route: [32m'/voice-profiles'[39m,
  status: [33m200[39m,
  durationMs: [32m'4.91'[39m
}

[90mstdout[2m | server/tests/routes/media.additional.test.ts[2m > [22m[2mMedia Routes - Additional Coverage[2m > [22m[2mPOST /media/recordings/:recordingId/audio/finalize[2m > [22m[2mreturns 401 when not authenticated
[22m[39m[INFO] [REQ] POST /media/recordings/rec1/audio/finalize - 401 [0.7ms] {
  requestId: [32m'e24bed9b-caae-48bf-ade4-02aff7dcd2db'[39m,
  method: [32m'POST'[39m,
  route: [32m'/media/recordings/rec1/audio/finalize'[39m,
  status: [33m401[39m,
  durationMs: [32m'0.66'[39m
}

[90mstdout[2m | Object.info (C:\Users\user\new\audioRecorder\server\logger.ts:17:13)
[22m[39m[INFO] [Pipeline] Starting transcription job. { requestId: [32m'req-1'[39m, recordingId: [32m'rec1'[39m, processingMode: [32m'fast'[39m }

[90mstdout[2m | server/tests/routes/ai.test.ts[2m > [22m[2mAI Routes[2m > [22m[2mPOST /ai/suggest-tasks[2m > [22m[2mcalls Anthropic API and returns extracted tasks when API key is configured
[22m[39m[INFO] [REQ] POST /ai/suggest-tasks - 200 [1.5ms] {
  requestId: [32m'4f83b652-5461-4eac-8f37-06d73c980925'[39m,
  method: [32m'POST'[39m,
  route: [32m'/ai/suggest-tasks'[39m,
  status: [33m200[39m,
  durationMs: [32m'1.47'[39m
}

[90mstdout[2m | Object.info (C:\Users\user\new\audioRecorder\server\logger.ts:17:13)
[22m[39m[INFO] [Metrics] Pipeline completed successfully. {
  requestId: [32m'req-1'[39m,
  recordingId: [32m'rec1'[39m,
  durationMs: [32m'4125.40'[39m,
  confidence: [33m0.9[39m
}

[90mstdout[2m | Object.info (C:\Users\user\new\audioRecorder\server\logger.ts:17:13)
[22m[39m[INFO] [Pipeline] Background post-process completed. { requestId: [32m'req-1'[39m, recordingId: [32m'rec1'[39m }

[90mstdout[2m | server/tests/routes/media.additional.test.ts[2m > [22m[2mMedia Routes - Additional Coverage[2m > [22m[2mPOST /media/recordings/:recordingId/audio/finalize[2m > [22m[2mreturns 400 when workspaceId is missing
[22m[39m[INFO] [REQ] POST /media/recordings/rec1/audio/finalize - 400 [1.7ms] {
  requestId: [32m'864f5c9e-0c67-4591-b0cc-7874500a2ce0'[39m,
  method: [32m'POST'[39m,
  route: [32m'/media/recordings/rec1/audio/finalize'[39m,
  status: [33m400[39m,
  durationMs: [32m'1.72'[39m
}

[90mstderr[2m | server/test
s/routes/ai.test.ts[2m > [2
2m[2mAI Routes[2m > [22m[
2mPOST /ai/suggest-tasks[2m 
> [22m[2mreturns empty task
s when Anthropic API fails
[22m[39m[ai/suggest-tasks] 
error: Network error

[90mstdout[2m | server/tests/routes/ai.test.ts[2m > [22m[2mAI Routes[2m > [22m[2mPOST /ai/suggest-tasks[2m > [22m[2mreturns empty tasks when Anthropic API fails
[22m[39m[INFO] [REQ] POST /ai/suggest-tasks - 200 [2.2ms] {
  requestId: [32m'79c125b3-9b73-4a86-9d22-907797eceb4d'[39m,
  method: [32m'POST'[39m,
  route: [32m'/ai/suggest-tasks'[39m,
  status: [33m200[39m,
  durationMs: [32m'2.21'[39m
}

[90mstdout[2m | server/tests/routes/media.additional.test.ts[2m > [22m[2mMedia Routes - Additional Coverage[2m > [22m[2mPOST /media/recordings/:recordingId/audio/finalize[2m > [22m[2mreturns 400 when total is missing or invalid
[22m[39m[INFO] [REQ] POST /media/recordings/rec1/audio/finalize - 400 [27.9ms] {
  requestId: [32m'd8f04745-1418-4d84-9370-6ad8f58a52b9'[39m,
  method: [32m'POST'[39m,
  route: [32m'/media/recordings/rec1/audio/finalize'[39m,
  status: [33m400[39m,
  durationMs: [32m'27.90'[39m
}

[90mstderr[2m | server/test
s/performance/response-time-s
la.test.ts[2m > [22m[2mPer
formance Regression ÔÇö Respo
nse Time SLAs[2m > [22m[2m
P1 ÔÇö Read Operations[2m > 
[22m[2mGET /state/bootstrap
 responds within 500ms (SLA: 
P1)
[22m[39mAPP ERROR STACK Typ
eError: authService.buildSess
ionPayload is not a function
    at C:/Users/user/new/audi
oRecorder/server/routes/works
paces.ts:44:37
    at processTicksAndRejecti
ons (node:internal/process/ta
sk_queues:104:5)
    at dispatch (file:///C:/U
sers/user/new/audioRecorder/n
ode_modules/.pnpm/hono@4.12.9
/node_modules/hono/dist/compo
se.js:22:17)
    at authMiddleware (C:/Use
rs/user/new/audioRecorder/ser
ver/routes/middleware.ts:50:5
)
    at dispatch (file:///C:/U
sers/user/new/audioRecorder/n
ode_modules/.pnpm/hono@4.12.9
/node_modules/hono/dist/compo
se.js:22:17)
    at C:/Users/user/new/audi
oRecorder/server/http/app-sec
urity.ts:106:5
    at dispatch (file:///C:/U
sers/user/new/audioRecorder/n
ode_modules/.pnpm/hono@4.12.9
/node_modules/hono/dist/compo
se.js:22:17)
    at C:/Users/user/new/audi
oRecorder/server/http/app-sec
urity.ts:46:5
    at dispatch (file:///C:/U
sers/user/new/audioRecorder/n
ode_modules/.pnpm/hono@4.12.9
/node_modules/hono/dist/compo
se.js:22:17)
    at C:/Users/user/new/audi
oRecorder/server/http/app-sec
urity.ts:30:5

[90mstdout[2m | server/tests/performance/response-time-sla.test.ts[2m > [22m[2mPerformance Regression ÔÇö Response Time SLAs[2m > [22m[2mP1 ÔÇö Read Operations[2m > [22m[2mGET /state/bootstrap responds within 500ms (SLA: P1)
[22m[39m[INFO] [REQ] GET /state/bootstrap - 500 [16.7ms] {
  requestId: [32m'b1cbff5f-6015-4c9a-9285-0af043aef2a7'[39m,
  method: [32m'GET'[39m,
  route: [32m'/state/bootstrap'[39m,
  status: [33m500[39m,
  durationMs: [32m'16.66'[39m
}

[90mstderr[2m | server/test
s/routes/ai.test.ts[2m > [2
2m[2mAI Routes[2m > [22m[
2mPOST /ai/suggest-tasks[2m 
> [22m[2mreturns empty task
s when Anthropic returns non-
JSON response
[22m[39m[ai/suggest-tasks] 
error: No JSON in response

[90mstdout[2m | server/tests/routes/ai.test.ts[2m > [22m[2mAI Routes[2m > [22m[2mPOST /ai/suggest-tasks[2m > [22m[2mreturns empty tasks when Anthropic returns non-JSON response
[22m[39m[INFO] [REQ] POST /ai/suggest-tasks - 200 [16.9ms] {
  requestId: [32m'e8ef6774-a504-4753-8650-59576c46cee9'[39m,
  method: [32m'POST'[39m,
  route: [32m'/ai/suggest-tasks'[39m,
  status: [33m200[39m,
  durationMs: [32m'16.91'[39m
}

 [32mÔťô[39m server/tests/services/services.test.ts [2m([22m[2m2 tests[22m[2m)[22m[32m 27[2mms[22m[39m
 [32mÔťô[39m server/tests/routes/health.test.ts [2m([22m[2m4 tests[22m[2m)[22m[32m 172[2mms[22m[39m
[90mstdout[2m | server/tests/routes/media.additional.test.ts[2m > [22m[2mMedia Routes - Additional Coverage[2m > [22m[2mPOST /media/recordings/:recordingId/audio/finalize[2m > [22m[2mreturns 413 when assembled file > 100MB
[22m[39m[INFO] [REQ] POST /media/recordings/rec1/audio/finalize - 400 [5.8ms] {
  requestId: [32m'ab91ed0d-c1d6-4fc7-8d39-62815e8bda20'[39m,
  method: [32m'POST'[39m,
  route: [32m'/media/recordings/rec1/audio/finalize'[39m,
  status: [33m400[39m,
  durationMs: [32m'5.82'[39m
}

[90mstderr[2m | server/test
s/performance/response-time-s
la.test.ts[2m > [22m[2mPer
formance Regression ÔÇö Respo
nse Time SLAs[2m > [22m[2m
P2 ÔÇö Write Operations[2m >
 [22m[2mPUT /state/workspac
es/:id responds within 1000ms
 (SLA: P2)
[22m[39mAPP ERROR STACK Typ
eError: workspaceService.save
WorkspaceState is not a funct
ion
    at C:/Users/user/new/audi
oRecorder/server/routes/works
paces.ts:54:39
    at processTicksAndRejecti
ons (node:internal/process/ta
sk_queues:104:5)
    at dispatch (file:///C:/U
sers/user/new/audioRecorder/n
ode_modules/.pnpm/hono@4.12.9
/node_modules/hono/dist/compo
se.js:22:17)
    at authMiddleware (C:/Use
rs/user/new/audioRecorder/ser
ver/routes/middleware.ts:50:5
)
    at dispatch (file:///C:/U
sers/user/new/audioRecorder/n
ode_modules/.pnpm/hono@4.12.9
/node_modules/hono/dist/compo
se.js:22:17)
    at C:/Users/user/new/audi
oRecorder/server/http/app-sec
urity.ts:106:5
    at dispatch (file:///C:/U
sers/user/new/audioRecorder/n
ode_modules/.pnpm/hono@4.12.9
/node_modules/hono/dist/compo
se.js:22:17)
    at C:/Users/user/new/audi
oRecorder/server/http/app-sec
urity.ts:46:5
    at dispatch (file:///C:/U
sers/user/new/audioRecorder/n
ode_modules/.pnpm/hono@4.12.9
/node_modules/hono/dist/compo
se.js:22:17)
    at C:/Users/user/new/audi
oRecorder/server/http/app-sec
urity.ts:30:5

[90mstderr[2m | server/test
s/routes/ai.test.ts[2m > [2
2m[2mAI Routes[2m > [22m[
2mPOST /ai/suggest-tasks[2m 
> [22m[2mreturns empty task
s when response has no tasks 
array
[22m[39m[ai/suggest-tasks] 
error: No JSON in response

[90mstdout[2m | server/tests/performance/response-time-sla.test.ts[2m > [22m[2mPerformance Regression ÔÇö Response Time SLAs[2m > [22m[2mP2 ÔÇö Write Operations[2m > [22m[2mPUT /state/workspaces/:id responds within 1000ms (SLA: P2)
[22m[39m[INFO] [REQ] PUT /state/workspaces/ws1 - 500 [7.6ms] {
  requestId: [32m'd7eef68d-ca77-404d-9571-d930e5253c0e'[39m,
  method: [32m'PUT'[39m,
  route: [32m'/state/workspaces/ws1'[39m,
  status: [33m500[39m,
  durationMs: [32m'7.63'[39m
}

[90mstdout[2m | server/tests/routes/ai.test.ts[2m > [22m[2mAI Routes[2m > [22m[2mPOST /ai/suggest-tasks[2m > [22m[2mreturns empty tasks when response has no tasks array
[22m[39m[INFO] [REQ] POST /ai/suggest-tasks - 200 [2.0ms] {
  requestId: [32m'dd8d3d13-08ca-4431-966f-e054cf0f0cd6'[39m,
  method: [32m'POST'[39m,
  route: [32m'/ai/suggest-tasks'[39m,
  status: [33m200[39m,
  durationMs: [32m'2.00'[39m
}

[90mstdout[2m | server/tests/routes/ai.test.ts[2m > [22m[2mAI Routes[2m > [22m[2mPOST /ai/search[2m > [22m[2mreturns no-key mode when ANTHROPIC_API_KEY is not configured
[22m[39m[INFO] [REQ] POST /ai/search - 200 [1.8ms] {
  requestId: [32m'5762f278-5e5e-4496-aeab-55b780bc255e'[39m,
  method: [32m'POST'[39m,
  route: [32m'/ai/search'[39m,
  status: [33m200[39m,
  durationMs: [32m'1.80'[39m
}

[90mstdout[2m | server/tests/routes/ai.test.ts[2m > [22m[2mAI Routes[2m > [22m[2mPOST /ai/search[2m > [22m[2mreturns no-key mode when query is empty or too short
[22m[39m[INFO] [REQ] POST /ai/search - 200 [1.3ms] {
  requestId: [32m'2b9e512c-7502-4d6e-9cb1-e4ac7b9d6727'[39m,
  method: [32m'POST'[39m,
  route: [32m'/ai/search'[39m,
  status: [33m200[39m,
  durationMs: [32m'1.28'[39m
}

 [31mÔŁ»[39m server/tests/routes/media.additional.test.ts [2m([22m[2m12 tests[22m[2m | [22m[31m1 failed[39m[2m)[22m[33m 23347[2mms[22m[39m
[31m       [31m├Ś[31m returns analysis result when transcription service returns data[39m[33m 17919[2mms[22m[39m
       [33m[2mÔťô[22m[39m returns no-key mode when analysis returns null [33m 3964[2mms[22m[39m
       [32mÔťô[39m returns 401 when not authenticated[32m 207[2mms[22m[39m
       [32mÔťô[39m returns 400 when X-Workspace-Id is missing[32m 51[2mms[22m[39m
       [32mÔťô[39m returns 400 when index/total parameters are invalid[32m 70[2mms[22m[39m
       [32mÔťô[39m returns 400 when total > 600[32m 119[2mms[22m[39m
       [32mÔťô[39m returns 413 when chunk > 3MB[32m 199[2mms[22m[39m
       [32mÔťô[39m returns 200 and saves chunk when valid[32m 130[2mms[22m[39m
       [32mÔťô[39m returns 401 when not authenticated[32m 207[2mms[22m[39m
       [32mÔťô[39m returns 400 when workspaceId is missing[32m 67[2mms[22m[39m
       [32mÔťô[39m returns 400 when total is missing or invalid[32m 256[2mms[22m[39m
       [32mÔťô[39m returns 413 when assembled file > 100MB[32m 138[2mms[22m[39m
[90mstdout[2m | server/tests/performance/response-time-sla.test.ts[2m > [22m[2mPerformance Regression ÔÇö Response Time SLAs[2m > [22m[2mP2 ÔÇö Write Operations[2m > [22m[2mPOST /voice-profiles responds within 1000ms (SLA: P2)
[22m[39m[INFO] [REQ] POST /voice-profiles - 400 [16.4ms] {
  requestId: [32m'62305a0c-798d-4f62-9eab-a2cd305d8a3f'[39m,
  method: [32m'POST'[39m,
  route: [32m'/voice-profiles'[39m,
  status: [33m400[39m,
  durationMs: [32m'16.43'[39m
}

[90mstdout[2m | server/tests/routes/ai.test.ts[2m > [22m[2mAI Routes[2m > [22m[2mPOST /ai/search[2m > [22m[2mreturns no-key mode when items are empty
[22m[39m[INFO] [REQ] POST /ai/search - 200 [1.1ms] {
  requestId: [32m'f21f9d42-d6cd-403c-9159-8d5a919dce6f'[39m,
  method: [32m'POST'[39m,
  route: [32m'/ai/search'[39m,
  status: [33m200[39m,
  durationMs: [32m'1.09'[39m
}

[90mstdout[2m | server/tests/performance/response-time-sla.test.ts[2m > [22m[2mPerformance Regression ÔÇö Response Time SLAs[2m > [22m[2mP3 ÔÇö AI/ML Operations[2m > [22m[2mPOST /transcribe/live responds within 3000ms (SLA: P3)
[22m[39m[INFO] [REQ] POST /transcribe/live - 200 [3.5ms] {
  requestId: [32m'd1c20781-d4dd-4b9c-87c3-1caa41bc640a'[39m,
  method: [32m'POST'[39m,
  route: [32m'/transcribe/live'[39m,
  status: [33m200[39m,
  durationMs: [32m'3.53'[39m
}

[90mstdout[2m | server/tests/performance/response-time-sla.test.ts[2m > [22m[2mPerformance Regression ÔÇö Response Time SLAs[2m > [22m[2mP3 ÔÇö AI/ML Operations[2m > [22m[2mPOST /ai/suggest-tasks responds within 3000ms (SLA: P3)
[22m[39m[INFO] [REQ] POST /ai/suggest-tasks - 200 [1.8ms] {
  requestId: [32m'c9c23f73-a56d-4c34-908a-c7fb06ae0dd2'[39m,
  method: [32m'POST'[39m,
  route: [32m'/ai/suggest-tasks'[39m,
  status: [33m200[39m,
  durationMs: [32m'1.76'[39m
}

[90mstderr[2m | server/test
s/routes/ai.test.ts[2m > [2
2m[2mAI Routes[2m > [22m[
2mPOST /ai/search[2m > [22m
[2mreturns empty matches whe
n Anthropic API fails
[22m[39m[ai/search] error: 
Network error

[90mstdout[2m | server/tests/routes/ai.test.ts[2m > [22m[2mAI Routes[2m > [22m[2mPOST /ai/search[2m > [22m[2mreturns empty matches when Anthropic API fails
[22m[39m[INFO] [REQ] POST /ai/search - 200 [2.3ms] {
  requestId: [32m'42e4b7bd-dd30-49b8-a356-f3f0c8f09bad'[39m,
  method: [32m'POST'[39m,
  route: [32m'/ai/search'[39m,
  status: [33m200[39m,
  durationMs: [32m'2.28'[39m
}

[90mstderr[2m | server/test
s/routes/ai.test.ts[2m > [2
2m[2mAI Routes[2m > [22m[
2mPOST /ai/search[2m > [22m
[2mreturns empty matches whe
n Anthropic returns non-JSON 
response
[22m[39m[ai/search] error: 
No JSON in response

[90mstdout[2m | server/tests/routes/ai.test.ts[2m > [22m[2mAI Routes[2m > [22m[2mPOST /ai/search[2m > [22m[2mreturns empty matches when Anthropic returns non-JSON response
[22m[39m[INFO] [REQ] POST /ai/search - 200 [1.9ms] {
  requestId: [32m'5993c828-ee4c-42f6-bd12-c40e39f9808c'[39m,
  method: [32m'POST'[39m,
  route: [32m'/ai/search'[39m,
  status: [33m200[39m,
  durationMs: [32m'1.87'[39m
}

[90mstdout[2m | server/tests/routes/ai.test.ts[2m > [22m[2mAI Routes[2m > [22m[2mPOST /ai/search[2m > [22m[2mcalls Anthropic API and returns ranked matches when API key is configured
[22m[39m[INFO] [REQ] POST /ai/search - 200 [3.2ms] {
  requestId: [32m'18b58163-581b-4660-834f-7abf38fcebb6'[39m,
  method: [32m'POST'[39m,
  route: [32m'/ai/search'[39m,
  status: [33m200[39m,
  durationMs: [32m'3.24'[39m
}

 [31mÔŁ»[39m server/tests/performance/response-time-sla.test.ts [2m([22m[2m12 tests[22m[2m | [22m[31m1 failed[39m[2m)[22m[33m 23258[2mms[22m[39m
[31m       [31m├Ś[31m GET /health responds within 100ms (SLA: P0)[39m[33m 18824[2mms[22m[39m
       [33m[2mÔťô[22m[39m GET /auth/session responds within 100ms (SLA: P0) [33m 3353[2mms[22m[39m
       [32mÔťô[39m GET /voice-profiles responds within 500ms (SLA: P1)[32m 181[2mms[22m[39m
       [33m[2mÔťô[22m[39m GET /state/bootstrap responds within 500ms (SLA: P1) [33m 407[2mms[22m[39m
       [32mÔťô[39m PUT /state/workspaces/:id responds within 1000ms (SLA: P2)[32m 96[2mms[22m[39m
       [32mÔťô[39m POST /voice-profiles responds within 1000ms (SLA: P2)[32m 287[2mms[22m[39m
       [32mÔťô[39m POST /transcribe/live responds within 3000ms (SLA: P3)[32m 49[2mms[22m[39m
       [32mÔťô[39m POST /ai/suggest-tasks responds within 3000ms (SLA: P3)[32m 51[2mms[22m[39m
     [32mÔťô[39m P0 critical paths average < 100ms[32m 1[2mms[22m[39m
     [32mÔťô[39m P1 read operations average < 500ms[32m 1[2mms[22m[39m
     [32mÔťô[39m P2 write operations average < 1000ms[32m 0[2mms[22m[39m
     [32mÔťô[39m P3 AI/ML operations average < 3000ms[32m 0[2mms[22m[39m
 [31mÔŁ»[39m server/tests/routes/ai.test.ts [2m([22m[2m18 tests[22m[2m | [22m[31m1 failed[39m[2m)[22m[33m 23517[2mms[22m[39m
[31m       [31m├Ś[31m returns no-key mode when ANTHROPIC_API_KEY is not configured[39m[33m 18152[2mms[22m[39m
       [33m[2mÔťô[22m[39m returns no-key mode when personName is missing [33m 3558[2mms[22m[39m
       [32mÔťô[39m returns no-key mode when allSegments has less than 5 items[32m 49[2mms[22m[39m
       [32mÔťô[39m calls Anthropic API and returns parsed profile when API key is configured[32m 122[2mms[22m[39m
       [32mÔťô[39m returns no-key mode when Anthropic API fails[32m 54[2mms[22m[39m
       [32mÔťô[39m returns no-key mode when Anthropic returns non-JSON response[32m 56[2mms[22m[39m
       [32mÔťô[39m returns empty tasks when ANTHROPIC_API_KEY is not configured[32m 107[2mms[22m[39m
       [32mÔťô[39m returns empty tasks when transcript is empty[32m 115[2mms[22m[39m
       [32mÔťô[39m calls Anthropic API and returns extracted tasks when API key is configured[32m 282[2mms[22m[39m
       [32mÔťô[39m returns empty tasks when Anthropic API fails[32m 206[2mms[22m[39m
       [32mÔťô[39m returns empty tasks when Anthropic returns non-JSON response[32m 172[2mms[22m[39m
       [32mÔťô[39m returns empty tasks when response has no tasks array[32m 65[2mms[22m[39m
       [32mÔťô[39m returns no-key mode when ANTHROPIC_API_KEY is not configured[32m 131[2mms[22m[39m
       [32mÔťô[39m returns no-key mode when query is empty or too short[32m 63[2mms[22m[39m
       [32mÔťô[39m returns no-key mode when items are empty[32m 105[2mms[22m[39m
       [32mÔťô[39m returns empty matches when Anthropic API fails[32m 142[2mms[22m[39m
       [32mÔťô[39m returns empty matches when Anthropic returns non-JSON response[32m 53[2mms[22m[39m
       [32mÔťô[39m calls Anthropic API and returns ranked matches when API key is configured[32m 77[2mms[22m[39m
[90mstdout[2m | server/tests/security/payload.test.ts[2m > [22m[2mSecurity & Payload Limits[2m > [22m[2mGET /media/recordings/.../audio - 401 Unauthorized without token
[22m[39m[INFO] [REQ] GET /media/recordings/ignored/audio - 401 [78.8ms] {
  requestId: [32m'909011ee-2444-4538-b8d0-247fb7acb60a'[39m,
  method: [32m'GET'[39m,
  route: [32m'/media/recordings/ignored/audio'[39m,
  status: [33m401[39m,
  durationMs: [32m'78.80'[39m
}

[90mstderr[2m | server/test
s/database/database.coverage.
100.test.ts[2m > [22m[2mDa
tabase - 100% Coverage Tests
[2m > [22m[2mupsertMediaAss
et()[2m > [22m[2minserts n
ew media asset
[22m[39m[Supabase Storage] 
Bucket creation warning: fetc
h failed

[90mstderr[2m | server/test
s/database/database.coverage.
100.test.ts[2m > [22m[2mDa
tabase - 100% Coverage Tests
[2m > [22m[2mupsertMediaAss
et()[2m > [22m[2minserts n
ew media asset
[22m[39m[WARN] [database] S
upabase upload failed, fallin
g back to local: { message: 
[32m'Failed to upload to Supa
base Storage: fetch failed'[
39m }

[90mstdout[2m | server/tests/security/payload.test.ts[2m > [22m[2mSecurity & Payload Limits[2m > [22m[2mGET /voice-profiles - 401 Unauthorized without token
[22m[39m[INFO] [REQ] GET /voice-profiles - 401 [0.9ms] {
  requestId: [32m'1f8a493a-f99f-4778-b8f4-69347282c52a'[39m,
  method: [32m'GET'[39m,
  route: [32m'/voice-profiles'[39m,
  status: [33m401[39m,
  durationMs: [32m'0.92'[39m
}

[90mstdout[2m | server/tests/security/payload.test.ts[2m > [22m[2mSecurity & Payload Limits[2m > [22m[2mPOST /voice-profiles - 413 Payload Too Large if > 1MB
[22m[39m[INFO] [REQ] POST /voice-profiles - 413 [23.1ms] {
  requestId: [32m'1312a291-6283-407f-8ff3-abe6b33a491d'[39m,
  method: [32m'POST'[39m,
  route: [32m'/voice-profiles'[39m,
  status: [33m413[39m,
  durationMs: [32m'23.08'[39m
}

 [32mÔťô[39m server/tests/runtime.test.ts [2m([22m[2m17 tests[22m[2m)[22m[32m 35[2mms[22m[39m
[90mstderr[2m | server/test
s/database/database.coverage.
100.test.ts[2m > [22m[2mDa
tabase - 100% Coverage Tests
[2m > [22m[2mupsertMediaAss
et()[2m > [22m[2mupdates e
xisting media asset
[22m[39m[WARN] [database] S
upabase upload failed, fallin
g back to local: { message: 
[32m'Failed to upload to Supa
base Storage: fetch failed'[
39m }

[90mstderr[2m | server/test
s/database/database.coverage.
100.test.ts[2m > [22m[2mDa
tabase - 100% Coverage Tests
[2m > [22m[2mupsertMediaAss
et()[2m > [22m[2mupdates e
xisting media asset
[22m[39m[WARN] [database] S
upabase upload failed, fallin
g back to local: { message: 
[32m'Failed to upload to Supa
base Storage: fetch failed'[
39m }

[90mstderr[2m | server/test
s/database/database.coverage.
100.test.ts[2m > [22m[2mDa
tabase - 100% Coverage Tests
[2m > [22m[2mgetMediaAsset(
)[2m > [22m[2mreturns medi
a asset by ID
[22m[39m[WARN] [database] S
upabase upload failed, fallin
g back to local: { message: 
[32m'Failed to upload to Supa
base Storage: fetch failed'[
39m }

[90mstderr[2m | server/test
s/database/database.coverage.
100.test.ts[2m > [22m[2mDa
tabase - 100% Coverage Tests
[2m > [22m[2mdeleteMediaAss
et()[2m > [22m[2mdeletes m
edia asset
[22m[39m[WARN] [database] S
upabase upload failed, fallin
g back to local: { message: 
[32m'Failed to upload to Supa
base Storage: fetch failed'[
39m }

 [32mÔťô[39m server/tests/lib/rag.coverage.test.ts [2m([22m[2m25 tests[22m[2m)[22m[33m 312[2mms[22m[39m
[90mstderr[2m | server/test
s/serverUtils.test.ts[2m > 
[22m[2mserverUtils[2m > [2
2m[2mthrows 429 after exceed
ing rate limit
[22m[39m[RATE LIMIT] 127.0.
0.1 exceeded 2 req/min on /au
th. Retry after 60s
[RATE LIMIT] 127.0.0.1 exceed
ed 0 req/min on /upload. Retr
y after 60s

 [32mÔťô[39m server/tests/stt/stt.providers.extended.test.ts [2m([22m[2m25 tests[22m[2m)[22m[32m 79[2mms[22m[39m
 [32mÔťô[39m server/tests/serverUtils.test.ts [2m([22m[2m5 tests[22m[2m)[22m[32m 40[2mms[22m[39m
[90mstderr[2m | server/test
s/database/database.coverage.
100.test.ts[2m > [22m[2mDa
tabase - 100% Coverage Tests
[2m > [22m[2mdeleteMediaAss
et()[2m > [22m[2mdoes not 
delete if workspace ID does n
ot match
[22m[39m[WARN] [database] S
upabase upload failed, fallin
g back to local: { message: 
[32m'Failed to upload to Supa
base Storage: fetch failed'[
39m }

 [32mÔťô[39m server/tests/ragAnswer.test.ts [2m([22m[2m3 tests[22m[2m)[22m[32m 50[2mms[22m[39m
[90mstdout[2m | server/tests/security/payload.test.ts[2m > [22m[2mSecurity & Payload Limits[2m > [22m[2mPUT /media/recordings/:id/audio - 413 Payload Too Large if > 100MB
[22m[39m[INFO] [REQ] PUT /media/recordings/test_rec/audio - 413 [376.3ms] {
  requestId: [32m'2c2f0dc9-4765-442f-9631-0ded5e4fc009'[39m,
  method: [32m'PUT'[39m,
  route: [32m'/media/recordings/test_rec/audio'[39m,
  status: [33m413[39m,
  durationMs: [32m'376.34'[39m
}

[90mstderr[2m | server/test
s/database/database.coverage.
100.test.ts[2m > [22m[2mDa
tabase - 100% Coverage Tests
[2m > [22m[2msaveAudioQuali
tyDiagnostics()[2m > [22m[
2msaves audio quality diagnos
tics
[22m[39m[WARN] [database] S
upabase upload failed, fallin
g back to local: { message: 
[32m'Failed to upload to Supa
base Storage: fetch failed'[
39m }

[90mstdout[2m | server/tests/security/payload.test.ts[2m > [22m[2mSecurity & Payload Limits[2m > [22m[2mPOST /auth/login - 422 (or 400) when passing bad JSON/Content-Type
[22m[39m[INFO] [REQ] POST /auth/login - 400 [8.6ms] {
  requestId: [32m'ae55cc7e-b95c-4c4b-b1b0-0610e2099637'[39m,
  method: [32m'POST'[39m,
  route: [32m'/auth/login'[39m,
  status: [33m400[39m,
  durationMs: [32m'8.60'[39m
}

[90mstdout[2m | server/tests/security/payload.test.ts[2m > [22m[2mSecurity & Payload Limits[2m > [22m[2mPOST /auth/login - 422 Unprocessable Entity passing missing required fields
[22m[39m[INFO] [REQ] POST /auth/login - 400 [7.6ms] {
  requestId: [32m'ffee2638-6759-4816-9e6a-6ceac28298d7'[39m,
  method: [32m'POST'[39m,
  route: [32m'/auth/login'[39m,
  status: [33m400[39m,
  durationMs: [32m'7.62'[39m
}

[90mstderr[2m | server/test
s/database/database.coverage.
100.test.ts[2m > [22m[2mDa
tabase - 100% Coverage Tests
[2m > [22m[2mupdateTranscri
ptionMetadata()[2m > [22m[
2mupdates transcription metad
ata
[22m[39m[WARN] [database] S
upabase upload failed, fallin
g back to local: { message: 
[32m'Failed to upload to Supa
base Storage: fetch failed'[
39m }

[90mstdout[2m | server/tests/security/payload.test.ts[2m > [22m[2mSecurity & Payload Limits[2m > [22m[2mPOST /auth/login - 429 Too Many Requests after exceeding limit
[22m[39m[INFO] [REQ] POST /auth/login - 200 [7.1ms] {
  requestId: [32m'ad466e78-7a1d-45b9-b313-82db2376bd61'[39m,
  method: [32m'POST'[39m,
  route: [32m'/auth/login'[39m,
  status: [33m200[39m,
  durationMs: [32m'7.07'[39m
}

[90mstdout[2m | server/tests/security/payload.test.ts[2m > [22m[2mSecurity & Payload Limits[2m > [22m[2mPOST /auth/login - 429 Too Many Requests after exceeding limit
[22m[39m[INFO] [REQ] POST /auth/login - 200 [2.2ms] {
  requestId: [32m'af476be3-602b-4d6c-893e-f9210666761d'[39m,
  method: [32m'POST'[39m,
  route: [32m'/auth/login'[39m,
  status: [33m200[39m,
  durationMs: [32m'2.15'[39m
}

[90mstdout[2m | server/tests/security/payload.test.ts[2m > [22m[2mSecurity & Payload Limits[2m > [22m[2mPOST /auth/login - 429 Too Many Requests after exceeding limit
[22m[39m[INFO] [REQ] POST /auth/login - 200 [5.8ms] {
  requestId: [32m'fcc5361e-0d21-4455-913c-f2aeffc0c743'[39m,
  method: [32m'POST'[39m,
  route: [32m'/auth/login'[39m,
  status: [33m200[39m,
  durationMs: [32m'5.78'[39m
}

[90mstdout[2m | server/tests/security/payload.test.ts[2m > [22m[2mSecurity & Payload Limits[2m > [22m[2mPOST /auth/login - 429 Too Many Requests after exceeding limit
[22m[39m[INFO] [REQ] POST /auth/login - 200 [10.9ms] {
  requestId: [32m'b60df9e9-ef73-4e3c-aa1f-be5eb1469932'[39m,
  method: [32m'POST'[39m,
  route: [32m'/auth/login'[39m,
  status: [33m200[39m,
  durationMs: [32m'10.85'[39m
}

[90mstdout[2m | server/tests/security/payload.test.ts[2m > [22m[2mSecurity & Payload Limits[2m > [22m[2mPOST /auth/login - 429 Too Many Requests after exceeding limit
[22m[39m[INFO] [REQ] POST /auth/login - 200 [2.2ms] {
  requestId: [32m'0d5e61ab-8497-4166-97b0-cf1812a63301'[39m,
  method: [32m'POST'[39m,
  route: [32m'/auth/login'[39m,
  status: [33m200[39m,
  durationMs: [32m'2.17'[39m
}

[90mstdout[2m | server/tests/security/payload.test.ts[2m > [22m[2mSecurity & Payload Limits[2m > [22m[2mPOST /auth/login - 429 Too Many Requests after exceeding limit
[22m[39m[INFO] [REQ] POST /auth/login - 200 [11.5ms] {
  requestId: [32m'b0ef2b58-8836-47e2-af5c-e121a56c5889'[39m,
  method: [32m'POST'[39m,
  route: [32m'/auth/login'[39m,
  status: [33m200[39m,
  durationMs: [32m'11.46'[39m
}

[90mstdout[2m | server/tests/security/payload.test.ts[2m > [22m[2mSecurity & Payload Limits[2m > [22m[2mPOST /auth/login - 429 Too Many Requests after exceeding limit
[22m[39m[INFO] [REQ] POST /auth/login - 200 [1.3ms] {
  requestId: [32m'8dcb77d8-02ce-4369-a7fe-1a4d2c66e241'[39m,
  method: [32m'POST'[39m,
  route: [32m'/auth/login'[39m,
  status: [33m200[39m,
  durationMs: [32m'1.35'[39m
}

[90mstderr[2m | server/test
s/database/database.coverage.
100.test.ts[2m > [22m[2mDa
tabase - 100% Coverage Tests
[2m > [22m[2mmarkTranscript
ionProcessing()[2m > [22m[
2mmarks transcription as proc
essing
[22m[39m[WARN] [database] S
upabase upload failed, fallin
g back to local: { message: 
[32m'Failed to upload to Supa
base Storage: fetch failed'[
39m }

[90mstdout[2m | server/tests/security/payload.test.ts[2m > [22m[2mSecurity & Payload Limits[2m > [22m[2mPOST /auth/login - 429 Too Many Requests after exceeding limit
[22m[39m[INFO] [REQ] POST /auth/login - 200 [1.0ms] {
  requestId: [32m'e15036f9-a298-4aef-b0fa-5480959a2d04'[39m,
  method: [32m'POST'[39m,
  route: [32m'/auth/login'[39m,
  status: [33m200[39m,
  durationMs: [32m'0.99'[39m
}

[90mstdout[2m | server/tests/security/payload.test.ts[2m > [22m[2mSecurity & Payload Limits[2m > [22m[2mPOST /auth/login - 429 Too Many Requests after exceeding limit
[22m[39m[INFO] [REQ] POST /auth/login - 200 [6.9ms] {
  requestId: [32m'd70d0991-6f51-45c7-a226-d5316a975ba9'[39m,
  method: [32m'POST'[39m,
  route: [32m'/auth/login'[39m,
  status: [33m200[39m,
  durationMs: [32m'6.89'[39m
}

[90mstdout[2m | server/tests/security/payload.test.ts[2m > [22m[2mSecurity & Payload Limits[2m > [22m[2mPOST /auth/login - 429 Too Many Requests after exceeding limit
[22m[39m[INFO] [REQ] POST /auth/login - 200 [1.0ms] {
  requestId: [32m'c2345db4-e71d-42ad-a450-25839fc4fced'[39m,
  method: [32m'POST'[39m,
  route: [32m'/auth/login'[39m,
  status: [33m200[39m,
  durationMs: [32m'0.98'[39m
}

[90mstdout[2m | server/tests/security/payload.test.ts[2m > [22m[2mSecurity & Payload Limits[2m > [22m[2mPOST /auth/login - 429 Too Many Requests after exceeding limit
[22m[39m[INFO] [REQ] POST /auth/login - 200 [0.9ms] {
  requestId: [32m'9b552a66-4ecc-4f0c-bb26-f58e624622af'[39m,
  method: [32m'POST'[39m,
  route: [32m'/auth/login'[39m,
  status: [33m200[39m,
  durationMs: [32m'0.94'[39m
}

[90mstdout[2m | server/tests/security/payload.test.ts[2m > [22m[2mSecurity & Payload Limits[2m > [22m[2mPOST /auth/login - 429 Too Many Requests after exceeding limit
[22m[39m[INFO] [REQ] POST /auth/login - 200 [21.3ms] {
  requestId: [32m'ca3fd4a2-30ea-4f3d-bfc2-5439a7398335'[39m,
  method: [32m'POST'[39m,
  route: [32m'/auth/login'[39m,
  status: [33m200[39m,
  durationMs: [32m'21.29'[39m
}

[90mstdout[2m | server/tests/security/payload.test.ts[2m > [22m[2mSecurity & Payload Limits[2m > [22m[2mPOST /auth/login - 429 Too Many Requests after exceeding limit
[22m[39m[INFO] [REQ] POST /auth/login - 200 [7.8ms] {
  requestId: [32m'8da1867e-1287-4ee6-a14d-0e08e097e46a'[39m,
  method: [32m'POST'[39m,
  route: [32m'/auth/login'[39m,
  status: [33m200[39m,
  durationMs: [32m'7.79'[39m
}

[90mstdout[2m | server/tests/security/payload.test.ts[2m > [22m[2mSecurity & Payload Limits[2m > [22m[2mPOST /auth/login - 429 Too Many Requests after exceeding limit
[22m[39m[INFO] [REQ] POST /auth/login - 200 [1.3ms] {
  requestId: [32m'8e9e06b8-68f0-435f-8777-0691cd1bfcd6'[39m,
  method: [32m'POST'[39m,
  route: [32m'/auth/login'[39m,
  status: [33m200[39m,
  durationMs: [32m'1.32'[39m
}

[90mstdout[2m | server/tests/security/payload.test.ts[2m > [22m[2mSecurity & Payload Limits[2m > [22m[2mPOST /auth/login - 429 Too Many Requests after exceeding limit
[22m[39m[INFO] [REQ] POST /auth/login - 200 [10.6ms] {
  requestId: [32m'3ef5cc3c-c7b1-4a1d-b84b-3973a645f189'[39m,
  method: [32m'POST'[39m,
  route: [32m'/auth/login'[39m,
  status: [33m200[39m,
  durationMs: [32m'10.58'[39m
}

[90mstdout[2m | server/tests/security/payload.test.ts[2m > [22m[2mSecurity & Payload Limits[2m > [22m[2mPOST /auth/login - 429 Too Many Requests after exceeding limit
[22m[39m[INFO] [REQ] POST /auth/login - 200 [1.0ms] {
  requestId: [32m'4805ccae-91a2-42ab-be70-71955b43a4a2'[39m,
  method: [32m'POST'[39m,
  route: [32m'/auth/login'[39m,
  status: [33m200[39m,
  durationMs: [32m'0.97'[39m
}

[90mstdout[2m | server/tests/security/payload.test.ts[2m > [22m[2mSecurity & Payload Limits[2m > [22m[2mPOST /auth/login - 429 Too Many Requests after exceeding limit
[22m[39m[INFO] [REQ] POST /auth/login - 200 [0.9ms] {
  requestId: [32m'f2756eac-782f-4e81-af7c-5c2022cb88af'[39m,
  method: [32m'POST'[39m,
  route: [32m'/auth/login'[39m,
  status: [33m200[39m,
  durationMs: [32m'0.88'[39m
}

[90mstdout[2m | server/tests/security/payload.test.ts[2m > [22m[2mSecurity & Payload Limits[2m > [22m[2mPOST /auth/login - 429 Too Many Requests after exceeding limit
[22m[39m[INFO] [REQ] POST /auth/login - 200 [0.9ms] {
  requestId: [32m'5c5cc209-d7c6-4554-a459-72ad38227619'[39m,
  method: [32m'POST'[39m,
  route: [32m'/auth/login'[39m,
  status: [33m200[39m,
  durationMs: [32m'0.92'[39m
}

[90mstderr[2m | server/test
s/database/database.coverage.
100.test.ts[2m > [22m[2mDa
tabase - 100% Coverage Tests
[2m > [22m[2mqueueTranscrip
tion()[2m > [22m[2mqueues 
transcription
[22m[39m[WARN] [database] S
upabase upload failed, fallin
g back to local: { message: 
[32m'Failed to upload to Supa
base Storage: fetch failed'[
39m }

[90mstderr[2m | server/test
s/security/payload.test.ts[2
m > [22m[2mSecurity & Paylo
ad Limits[2m > [22m[2mPOST
 /auth/login - 429 Too Many R
equests after exceeding limit
[22m[39m[RATE LIMIT] unknow
n exceeded 20 req/min on /aut
h-login. Retry after 60s

 [32mÔťô[39m server/tests/ragVectorStore.test.ts [2m([22m[2m1 test[22m[2m)[22m[32m 116[2mms[22m[39m
[90mstderr[2m | server/test
s/security/payload.test.ts[2
m > [22m[2mSecurity & Paylo
ad Limits[2m > [22m[2mPOST
 /auth/login - 429 Too Many R
equests after exceeding limit
[22m[39mAPP ERROR STACK Err
or: Zbyt wiele prob. Limit: 2
0 ┼╝─ůda┼ä/min. Sprobuj ponow
nie za 60s.
    at checkRateLimit (C:/Use
rs/user/new/audioRecorder/ser
ver/lib/serverUtils.ts:52:19)
    at C:/Users/user/new/audi
oRecorder/server/routes/middl
eware.ts:28:7
    at dispatch (file:///C:/U
sers/user/new/audioRecorder/n
ode_modules/.pnpm/hono@4.12.9
/node_modules/hono/dist/compo
se.js:22:23)
    at file:///C:/Users/user/
new/audioRecorder/node_module
s/.pnpm/hono@4.12.9/node_modu
les/hono/dist/compose.js:22:4
6
    at C:/Users/user/new/audi
oRecorder/server/routes/auth.
ts:15:13
    at dispatch (file:///C:/U
sers/user/new/audioRecorder/n
ode_modules/.pnpm/hono@4.12.9
/node_modules/hono/dist/compo
se.js:22:23)
    at file:///C:/Users/user/
new/audioRecorder/node_module
s/.pnpm/hono@4.12.9/node_modu
les/hono/dist/compose.js:22:4
6
    at C:/Users/user/new/audi
oRecorder/server/http/app-sec
urity.ts:106:11
    at dispatch (file:///C:/U
sers/user/new/audioRecorder/n
ode_modules/.pnpm/hono@4.12.9
/node_modules/hono/dist/compo
se.js:22:23)
    at file:///C:/Users/user/
new/audioRecorder/node_module
s/.pnpm/hono@4.12.9/node_modu
les/hono/dist/compose.js:22:4
6

[90mstdout[2m | server/tests/security/payload.test.ts[2m > [22m[2mSecurity & Payload Limits[2m > [22m[2mPOST /auth/login - 429 Too Many Requests after exceeding limit
[22m[39m[INFO] [REQ] POST /auth/login - 429 [86.6ms] {
  requestId: [32m'86c729d3-6439-4d6a-8f03-4cf0063b6ccb'[39m,
  method: [32m'POST'[39m,
  route: [32m'/auth/login'[39m,
  status: [33m429[39m,
  durationMs: [32m'86.63'[39m
}

[90mstderr[2m | server/test
s/database/database.coverage.
100.test.ts[2m > [22m[2mDa
tabase - 100% Coverage Tests
[2m > [22m[2mmarkTranscript
ionFailure()[2m > [22m[2mm
arks transcription as failed
[22m[39m[WARN] [database] S
upabase upload failed, fallin
g back to local: { message: 
[32m'Failed to upload to Supa
base Storage: fetch failed'[
39m }

 [32mÔťô[39m server/tests/speaker_embedder.test.ts [2m([22m[2m5 tests[22m[2m)[22m[32m 34[2mms[22m[39m
[90mstderr[2m | server/test
s/database/database.coverage.
100.test.ts[2m > [22m[2mDa
tabase - 100% Coverage Tests
[2m > [22m[2msaveTranscript
ionResult()[2m > [22m[2msa
ves successful transcription 
result
[22m[39m[WARN] [database] S
upabase upload failed, fallin
g back to local: { message: 
[32m'Failed to upload to Supa
base Storage: fetch failed'[
39m }

[90mstdout[2m | server/tests/database/database.coverage.100.test.ts
[22m[39m[DB] Using local async SQLite Worker at: :memory:

[90mstderr[2m | server/test
s/database/database.coverage.
100.test.ts
[22m[39m[DB] SQLite Worker 
exited with code 1, restartin
g...

 [32mÔťô[39m server/tests/ragRetriever.test.ts [2m([22m[2m1 test[22m[2m)[22m[32m 25[2mms[22m[39m
 [32mÔťô[39m server/tests/database/database.coverage.100.test.ts [2m([22m[2m57 tests[22m[2m | [22m[33m2 skipped[39m[2m)[22m[33m 12247[2mms[22m[39m
       [33m[2mÔťô[22m[39m _verifyPassword() validates password [33m 336[2mms[22m[39m
       [33m[2mÔťô[22m[39m registers new user [33m 514[2mms[22m[39m
       [33m[2mÔťô[22m[39m logs in user with valid credentials [33m 816[2mms[22m[39m
       [33m[2mÔťô[22m[39m requests password reset [33m 453[2mms[22m[39m
       [33m[2mÔťô[22m[39m updates user profile [33m 659[2mms[22m[39m
       [33m[2mÔťô[22m[39m changes password with valid current password [33m 918[2mms[22m[39m
       [33m[2mÔťô[22m[39m throws error for wrong current password [33m 728[2mms[22m[39m
       [33m[2mÔťô[22m[39m throws error for Google-managed account [33m 616[2mms[22m[39m
       [33m[2mÔťô[22m[39m inserts new media asset [33m 998[2mms[22m[39m
       [33m[2mÔťô[22m[39m updates existing media asset [33m 338[2mms[22m[39m
 [32mÔťô[39m server/tests/security/payload.test.ts [2m([22m[2m7 tests[22m[2m)[22m[33m 2045[2mms[22m[39m
     [33m[2mÔťô[22m[39m GET /media/recordings/.../audio - 401 Unauthorized without token [33m 406[2mms[22m[39m
     [33m[2mÔťô[22m[39m PUT /media/recordings/:id/audio - 413 Payload Too Large if > 100MB [33m 1012[2mms[22m[39m
     [33m[2mÔťô[22m[39m POST /auth/login - 429 Too Many Requests after exceeding limit [33m 357[2mms[22m[39m
[90mstderr[2m | server/test
s/reproduce.test.ts[2m > [2
2m[2mTranscriptionService Re
production[2m > [22m[2msho
uld throw a clear error if pi
peline is missing transcribeR
ecording
[22m[39m[TranscriptionServi
ce] audioPipeline looks like 
an empty object (circular dep
?).

 [32mÔťô[39m server/tests/reproduce.test.ts [2m([22m[2m2 tests[22m[2m)[22m[32m 26[2mms[22m[39m
[90mstdout[2m | server/tests/routes/transcribe.test.ts[2m > [22m[2mTranscribe Routes[2m > [22m[2mreturns empty text for too-small live chunks
[22m[39m[INFO] [REQ] POST /transcribe/live - 200 [30.6ms] {
  requestId: [32m'5ebd5a21-035b-4ec8-bade-50412cbd77b2'[39m,
  method: [32m'POST'[39m,
  route: [32m'/transcribe/live'[39m,
  status: [33m200[39m,
  durationMs: [32m'30.63'[39m
}

[90mstdout[2m | server/tests/routes/transcribe.test.ts[2m > [22m[2mTranscribe Routes[2m > [22m[2mrejects oversized live transcription payloads
[22m[39m[INFO] [REQ] POST /transcribe/live - 413 [8.0ms] {
  requestId: [32m'277376c9-3141-4cd4-a3bb-9e06af434e60'[39m,
  method: [32m'POST'[39m,
  route: [32m'/transcribe/live'[39m,
  status: [33m413[39m,
  durationMs: [32m'8.00'[39m
}

[90mstdout[2m | server/tests/routes/transcribe.test.ts[2m > [22m[2mTranscribe Routes[2m > [22m[2mwrites temp file, transcribes, and cleans up successful live chunk
[22m[39m[INFO] [REQ] POST /transcribe/live - 200 [45.4ms] {
  requestId: [32m'ce32a5e5-ec95-47fc-a865-c24281054ae2'[39m,
  method: [32m'POST'[39m,
  route: [32m'/transcribe/live'[39m,
  status: [33m200[39m,
  durationMs: [32m'45.36'[39m
}

 [32mÔťô[39m server/tests/routes/transcribe.test.ts [2m([22m[2m3 tests[22m[2m)[22m[33m 359[2mms[22m[39m
[90mstdout[2m | server/tests/routes/media.test.ts[2m > [22m[2mMedia Routes[2m > [22m[2mPUT /media/recordings/:recordingId/audio - upload success
[22m[39m[INFO] [Metrics] Uploaded audio chunk {
  requestId: [32m'd82c3cee-6606-475e-8d35-957eda1dd9eb'[39m,
  recordingId: [32m'rec_new'[39m,
  sizeBytes: [33m512[39m,
  durationMs: [32m'6.92'[39m
}

[90mstdout[2m | server/tests/routes/media.test.ts[2m > [22m[2mMedia Routes[2m > [22m[2mPUT /media/recordings/:recordingId/audio - upload success
[22m[39m[INFO] [REQ] PUT /media/recordings/rec_new/audio - 200 [26.4ms] {
  requestId: [32m'd82c3cee-6606-475e-8d35-957eda1dd9eb'[39m,
  method: [32m'PUT'[39m,
  route: [32m'/media/recordings/rec_new/audio'[39m,
  status: [33m200[39m,
  durationMs: [32m'26.42'[39m
}

[90mstdout[2m | server/tests/routes/media.test.ts[2m > [22m[2mMedia Routes[2m > [22m[2mPOST /media/recordings/:recordingId/transcribe - queues job
[22m[39m[INFO] [REQ] POST /media/recordings/rec_1/transcribe - 202 [4.4ms] {
  requestId: [32m'b25eae92-05e4-482e-a474-dec0bbab8396'[39m,
  method: [32m'POST'[39m,
  route: [32m'/media/recordings/rec_1/transcribe'[39m,
  status: [33m202[39m,
  durationMs: [32m'4.44'[39m
}

[90mstdout[2m | server/tests/routes/media.test.ts[2m > [22m[2mMedia Routes[2m > [22m[2mGET /media/recordings/:recordingId/transcribe - returns payload
[22m[39m[INFO] [REQ] GET /media/recordings/rec_2/transcribe - 200 [1.6ms] {
  requestId: [32m'63466af5-4244-447b-9730-d7971a76d817'[39m,
  method: [32m'GET'[39m,
  route: [32m'/media/recordings/rec_2/transcribe'[39m,
  status: [33m200[39m,
  durationMs: [32m'1.57'[39m
}

[90mstdout[2m | server/tests/routes/media.test.ts[2m > [22m[2mMedia Routes[2m > [22m[2mPOST /media/recordings/:recordingId/retry-transcribe - requeues failed recording without reupload
[22m[39m[INFO] [REQ] POST /media/recordings/rec_retry/retry-transcribe - 202 [2.9ms] {
  requestId: [32m'422a9148-46fe-40e7-ab64-ba0e2612fdf7'[39m,
  method: [32m'POST'[39m,
  route: [32m'/media/recordings/rec_retry/retry-transcribe'[39m,
  status: [33m202[39m,
  durationMs: [32m'2.89'[39m
}

[90mstdout[2m | server/tests/routes/media.test.ts[2m > [22m[2mMedia Routes[2m > [22m[2mPOST /media/recordings/:recordingId/retry-transcribe - allows retry for completed empty transcript
[22m[39m[INFO] [REQ] POST /media/recordings/rec_empty_retry/retry-transcribe - 202 [0.8ms] {
  requestId: [32m'1ee4bebf-304d-4788-a9ea-62c2563cd131'[39m,
  method: [32m'POST'[39m,
  route: [32m'/media/recordings/rec_empty_retry/retry-transcribe'[39m,
  status: [33m202[39m,
  durationMs: [32m'0.85'[39m
}

[90mstdout[2m | server/tests/routes/media.test.ts[2m > [22m[2mMedia Routes[2m > [22m[2mPOST /media/recordings/:recordingId/sketchnote - uses Gemini 3 Pro Image preview
[22m[39m[INFO] Generating Gemini 3 Pro Image sketchnote for recording rec_sketchnote... 

[90mstdout[2m | server/tests/routes/media.test.ts[2m > [22m[2mMedia Routes[2m > [22m[2mPOST /media/recordings/:recordingId/sketchnote - uses Gemini 3 Pro Image preview
[22m[39m[INFO] [REQ] POST /media/recordings/rec_sketchnote/sketchnote - 200 [10.1ms] {
  requestId: [32m'9bb35ba5-142d-4197-a4a1-9342186b0712'[39m,
  method: [32m'POST'[39m,
  route: [32m'/media/recordings/rec_sketchnote/sketchnote'[39m,
  status: [33m200[39m,
  durationMs: [32m'10.06'[39m
}

[90mstdout[2m | server/tests/routes/media.test.ts[2m > [22m[2mMedia Routes[2m > [22m[2mPUT /media/recordings/:recordingId/audio - requires workspace header and rejects oversize upload
[22m[39m[INFO] [REQ] PUT /media/recordings/rec_missing/audio - 400 [1.1ms] {
  requestId: [32m'972fcb2c-471a-4352-bd3e-9f5ecdbc2b21'[39m,
  method: [32m'PUT'[39m,
  route: [32m'/media/recordings/rec_missing/audio'[39m,
  status: [33m400[39m,
  durationMs: [32m'1.05'[39m
}

[90mstdout[2m | server/tests/routes/auth.test.ts[2m > [22m[2mAuth Routes[2m > [22m[2mPOST /auth/register - happy path
[22m[39m[INFO] [REQ] POST /auth/register - 201 [16.8ms] {
  requestId: [32m'bb0a0c75-0cb3-48a1-930f-d80df50572f5'[39m,
  method: [32m'POST'[39m,
  route: [32m'/auth/register'[39m,
  status: [33m201[39m,
  durationMs: [32m'16.79'[39m
}

[90mstdout[2m | server/tests/routes/auth.test.ts[2m > [22m[2mAuth Routes[2m > [22m[2mPOST /auth/login - missing password
[22m[39m[INFO] [REQ] POST /auth/login - 400 [4.6ms] {
  requestId: [32m'19c55f9d-85e3-4917-84b4-4dd2aaa167fb'[39m,
  method: [32m'POST'[39m,
  route: [32m'/auth/login'[39m,
  status: [33m400[39m,
  durationMs: [32m'4.65'[39m
}

[90mstdout[2m | server/tests/routes/auth.test.ts[2m > [22m[2mAuth Routes[2m > [22m[2mPOST /auth/login - happy path
[22m[39m[INFO] [REQ] POST /auth/login - 200 [7.7ms] {
  requestId: [32m'be532d5c-ad66-4058-a1d3-ae3724b627f8'[39m,
  method: [32m'POST'[39m,
  route: [32m'/auth/login'[39m,
  status: [33m200[39m,
  durationMs: [32m'7.69'[39m
}

[90mstdout[2m | server/tests/routes/media.test.ts[2m > [22m[2mMedia Routes[2m > [22m[2mPUT /media/recordings/:recordingId/audio - requires workspace header and rejects oversize upload
[22m[39m[INFO] [REQ] PUT /media/recordings/rec_large/audio - 413 [171.6ms] {
  requestId: [32m'cf4f3093-2786-4e31-ba60-645b3d5f047e'[39m,
  method: [32m'PUT'[39m,
  route: [32m'/media/recordings/rec_large/audio'[39m,
  status: [33m413[39m,
  durationMs: [32m'171.57'[39m
}

[90mstdout[2m | server/tests/routes/media.test.ts[2m > [22m[2mMedia Routes[2m > [22m[2mPOST /media/recordings/:recordingId/normalize, /voice-coaching and /acoustic-features handle happy path
[22m[39m[INFO] [REQ] POST /media/recordings/rec_norm/normalize - 200 [1.2ms] {
  requestId: [32m'6961c658-cbf7-4a83-a555-78c6e63557f2'[39m,
  method: [32m'POST'[39m,
  route: [32m'/media/recordings/rec_norm/normalize'[39m,
  status: [33m200[39m,
  durationMs: [32m'1.20'[39m
}

[90mstdout[2m | server/tests/routes/media.test.ts[2m > [22m[2mMedia Routes[2m > [22m[2mPOST /media/recordings/:recordingId/normalize, /voice-coaching and /acoustic-features handle happy path
[22m[39m[INFO] [REQ] POST /media/recordings/rec_norm/voice-coaching - 200 [1.3ms] {
  requestId: [32m'87fea64b-ef3c-419f-a714-b2b24d6728ce'[39m,
  method: [32m'POST'[39m,
  route: [32m'/media/recordings/rec_norm/voice-coaching'[39m,
  status: [33m200[39m,
  durationMs: [32m'1.32'[39m
}

[90mstdout[2m | server/tests/routes/auth.test.ts[2m > [22m[2mAuth Routes[2m > [22m[2mGET /auth/session - returns 401 on missing token
[22m[39m[INFO] [REQ] GET /auth/session - 401 [4.4ms] {
  requestId: [32m'0816070d-9f1f-4462-9b1b-44b5c9ce7874'[39m,
  method: [32m'GET'[39m,
  route: [32m'/auth/session'[39m,
  status: [33m401[39m,
  durationMs: [32m'4.42'[39m
}

[90mstdout[2m | server/tests/routes/media.test.ts[2m > [22m[2mMedia Routes[2m > [22m[2mPOST /media/recordings/:recordingId/normalize, /voice-coaching and /acoustic-features handle happy path
[22m[39m[INFO] [REQ] POST /media/recordings/rec_norm/acoustic-features - 200 [1.0ms] {
  requestId: [32m'376eddc0-9976-42d6-a6b4-8141af3f9adb'[39m,
  method: [32m'POST'[39m,
  route: [32m'/media/recordings/rec_norm/acoustic-features'[39m,
  status: [33m200[39m,
  durationMs: [32m'1.00'[39m
}

[90mstdout[2m | server/tests/routes/media.test.ts[2m > [22m[2mMedia Routes[2m > [22m[2mPOST /media/recordings/:recordingId/voice-profiles/from-speaker and /rediarize handle success and validation
[22m[39m[INFO] [REQ] POST /media/recordings/rec_voice/voice-profiles/from-speaker - 201 [1.0ms] {
  requestId: [32m'133d2846-7fae-404f-8313-53ecf033e048'[39m,
  method: [32m'POST'[39m,
  route: [32m'/media/recordings/rec_voice/voice-profiles/from-speaker'[39m,
  status: [33m201[39m,
  durationMs: [32m'1.02'[39m
}

[90mstdout[2m | server/tests/routes/media.test.ts[2m > [22m[2mMedia Routes[2m > [22m[2mPOST /media/recordings/:recordingId/voice-profiles/from-speaker and /rediarize handle success and validation
[22m[39m[INFO] [REQ] POST /media/recordings/rec_rediarize_missing/rediarize - 400 [1.2ms] {
  requestId: [32m'32c587ec-2315-4d16-a6a9-b003594c3476'[39m,
  method: [32m'POST'[39m,
  route: [32m'/media/recordings/rec_rediarize_missing/rediarize'[39m,
  status: [33m400[39m,
  durationMs: [32m'1.19'[39m
}

[90mstdout[2m | server/tests/routes/media.test.ts[2m > [22m[2mMedia Routes[2m > [22m[2mPOST /media/recordings/:recordingId/voice-profiles/from-speaker and /rediarize handle success and validation
[22m[39m[INFO] [REQ] POST /media/recordings/rec_rediarize_ok/rediarize - 200 [0.9ms] {
  requestId: [32m'370bee0e-d35d-4035-b45b-d1ce2a9b5f1a'[39m,
  method: [32m'POST'[39m,
  route: [32m'/media/recordings/rec_rediarize_ok/rediarize'[39m,
  status: [33m200[39m,
  durationMs: [32m'0.86'[39m
}

[90mstdout[2m | server/tests/routes/media.test.ts[2m > [22m[2mMedia Routes[2m > [22m[2mPOST /media/recordings/:recordingId/rediarize returns 422 when diarization fails
[22m[39m[INFO] [REQ] POST /media/recordings/rec_rediarize_fail/rediarize - 422 [0.6ms] {
  requestId: [32m'b4933535-a49a-430c-853f-23faf842d64e'[39m,
  method: [32m'POST'[39m,
  route: [32m'/media/recordings/rec_rediarize_fail/rediarize'[39m,
  status: [33m422[39m,
  durationMs: [32m'0.57'[39m
}

[90mstdout[2m | server/tests/routes/media.test.ts[2m > [22m[2mMedia Routes[2m > [22m[2mPOST /media/analyze returns fallback when analysis service returns null
[22m[39m[INFO] [REQ] POST /media/analyze - 200 [2.2ms] {
  requestId: [32m'2fc33519-a1f7-482b-8435-2748655ca012'[39m,
  method: [32m'POST'[39m,
  route: [32m'/media/analyze'[39m,
  status: [33m200[39m,
  durationMs: [32m'2.20'[39m
}

[90mstdout[2m | server/tests/routes/voice-profiles.test.ts[2m > [22m[2mVoice Profiles Routes[2m > [22m[2mGET /voice-profiles - happy path
[22m[39m[INFO] [REQ] GET /voice-profiles - 200 [30.2ms] {
  requestId: [32m'242d4094-f745-46f0-954d-690cbd1df040'[39m,
  method: [32m'GET'[39m,
  route: [32m'/voice-profiles'[39m,
  status: [33m200[39m,
  durationMs: [32m'30.20'[39m
}

[90mstderr[2m | server/test
s/routes/media.test.ts[2m > 
[22m[2mMedia Routes[2m > 
[22m[2mRegression: #0 ÔÇö tr
anscribe pipeline error retur
ns structured error, not 502
[2m > [22m[2mPOST /transcri
be returns error JSON when pi
peline throws
[22m[39m[transcribe] Pipeli
ne error for rec_err: STT pro
vider unreachable

[90mstdout[2m | server/tests/routes/media.test.ts[2m > [22m[2mMedia Routes[2m > [22m[2mRegression: #0 ÔÇö transcribe pipeline error returns structured error, not 502[2m > [22m[2mPOST /transcribe returns error JSON when pipeline throws
[22m[39m[INFO] [REQ] POST /media/recordings/rec_err/transcribe - 500 [3.3ms] {
  requestId: [32m'82383ca7-e219-4b55-bf0e-0ad238987262'[39m,
  method: [32m'POST'[39m,
  route: [32m'/media/recordings/rec_err/transcribe'[39m,
  status: [33m500[39m,
  durationMs: [32m'3.34'[39m
}

[90mstderr[2m | server/test
s/routes/media.test.ts[2m > 
[22m[2mMedia Routes[2m > 
[22m[2mRegression: #0 ÔÇö tr
anscribe pipeline error retur
ns structured error, not 502
[2m > [22m[2mPOST /retry-tr
anscribe returns error JSON w
hen pipeline throws
[22m[39m[retry-transcribe] 
Pipeline error for rec_retry_
err: Database connection lost

[90mstdout[2m | server/tests/routes/media.test.ts[2m > [22m[2mMedia Routes[2m > [22m[2mRegression: #0 ÔÇö transcribe pipeline error returns structured error, not 502[2m > [22m[2mPOST /retry-transcribe returns error JSON when pipeline throws
[22m[39m[INFO] [REQ] POST /media/recordings/rec_retry_err/retry-transcribe - 500 [1.7ms] {
  requestId: [32m'800fb3a3-5e74-4523-a791-80898ee856dd'[39m,
  method: [32m'POST'[39m,
  route: [32m'/media/recordings/rec_retry_err/retry-transcribe'[39m,
  status: [33m500[39m,
  durationMs: [32m'1.71'[39m
}

[90mstderr[2m | server/test
s/routes/media.test.ts[2m > 
[22m[2mMedia Routes[2m > 
[22m[2mRegression: #0 ÔÇö tr
anscribe pipeline error retur
ns structured error, not 502
[2m > [22m[2mPOST /transcri
be returns custom status code
 from error
[22m[39m[transcribe] Pipeli
ne error for rec_429: Rate li
mit exceeded

[90mstdout[2m | server/tests/routes/media.test.ts[2m > [22m[2mMedia Routes[2m > [22m[2mRegression: #0 ÔÇö transcribe pipeline error returns structured error, not 502[2m > [22m[2mPOST /transcribe returns custom status code from error
[22m[39m[INFO] [REQ] POST /media/recordings/rec_429/transcribe - 429 [1.3ms] {
  requestId: [32m'e16c8dc0-534a-4eba-bfc7-0889db016446'[39m,
  method: [32m'POST'[39m,
  route: [32m'/media/recordings/rec_429/transcribe'[39m,
  status: [33m429[39m,
  durationMs: [32m'1.35'[39m
}

[90mstderr[2m | server/test
s/routes/media.test.ts[2m > 
[22m[2mMedia Routes[2m > 
[22m[2mRegression: #0 ÔÇö st
uck processing detection in G
ET /transcribe[2m > [22m[2
mmarks asset as failed when s
tuck in processing for >15 mi
n with empty segments
[22m[39m[transcribe-status]
 Recording rec_stuck stuck in
 'processing' since 2026-03-3
0T18:40:04.845Z. Marking as f
ailed.

[90mstdout[2m | server/tests/routes/voice-profiles.test.ts[2m > [22m[2mVoice Profiles Routes[2m > [22m[2mPOST /voice-profiles - fails when X-Speaker-Name is missing
[22m[39m[INFO] [REQ] POST /voice-profiles - 400 [6.2ms] {
  requestId: [32m'1a21c7b7-3e8e-4dab-8368-1714f4ea03fd'[39m,
  method: [32m'POST'[39m,
  route: [32m'/voice-profiles'[39m,
  status: [33m400[39m,
  durationMs: [32m'6.19'[39m
}

[90mstdout[2m | server/tests/routes/media.test.ts[2m > [22m[2mMedia Routes[2m > [22m[2mRegression: #0 ÔÇö stuck processing detection in GET /transcribe[2m > [22m[2mmarks asset as failed when stuck in processing for >15 min with empty segments
[22m[39m[INFO] [REQ] GET /media/recordings/rec_stuck/transcribe - 200 [2.4ms] {
  requestId: [32m'6b3aa598-4514-415e-bfa9-2e468248a1b2'[39m,
  method: [32m'GET'[39m,
  route: [32m'/media/recordings/rec_stuck/transcribe'[39m,
  status: [33m200[39m,
  durationMs: [32m'2.44'[39m
}

[90mstdout[2m | server/tests/routes/media.test.ts[2m > [22m[2mMedia Routes[2m > [22m[2mRegression: #0 ÔÇö stuck processing detection in GET /transcribe[2m > [22m[2mdoes not mark as failed when processing for <15 min
[22m[39m[INFO] [REQ] GET /media/recordings/rec_recent/transcribe - 200 [3.1ms] {
  requestId: [32m'19613b9c-7a79-406a-99ff-33a106fbf3ce'[39m,
  method: [32m'GET'[39m,
  route: [32m'/media/recordings/rec_recent/transcribe'[39m,
  status: [33m200[39m,
  durationMs: [32m'3.10'[39m
}

[90mstdout[2m | server/tests/routes/voice-profiles.test.ts[2m > [22m[2mVoice Profiles Routes[2m > [22m[2mPOST /voice-profiles - happy path
[22m[39m[INFO] [REQ] POST /voice-profiles - 201 [3.9ms] {
  requestId: [32m'f52f5e04-eba5-49c8-aecf-aaa21d445b0a'[39m,
  method: [32m'POST'[39m,
  route: [32m'/voice-profiles'[39m,
  status: [33m201[39m,
  durationMs: [32m'3.93'[39m
}

[90mstdout[2m | server/tests/routes/media.test.ts[2m > [22m[2mMedia Routes[2m > [22m[2mRegression: #0 ÔÇö stuck processing detection in GET /transcribe[2m > [22m[2mdoes not mark as failed when processing has segments
[22m[39m[INFO] [REQ] GET /media/recordings/rec_with_data/transcribe - 200 [0.9ms] {
  requestId: [32m'c1274aa0-7b1e-4f57-8012-ca4c753987f9'[39m,
  method: [32m'GET'[39m,
  route: [32m'/media/recordings/rec_with_data/transcribe'[39m,
  status: [33m200[39m,
  durationMs: [32m'0.88'[39m
}

[90mstdout[2m | server/tests/routes/voice-profiles.test.ts[2m > [22m[2mVoice Profiles Routes[2m > [22m[2mDELETE /voice-profiles/:id
[22m[39m[INFO] [REQ] DELETE /voice-profiles/vp_1 - 204 [0.8ms] {
  requestId: [32m'0f840906-9f33-44ff-b5a6-0afb226d36d1'[39m,
  method: [32m'DELETE'[39m,
  route: [32m'/voice-profiles/vp_1'[39m,
  status: [33m204[39m,
  durationMs: [32m'0.79'[39m
}

[90mstdout[2m | server/tests/routes/state.test.ts[2m > [22m[2mState Routes[2m > [22m[2mGET /state/bootstrap - unauthorized without token
[22m[39m[INFO] [REQ] GET /state/bootstrap - 401 [31.5ms] {
  requestId: [32m'a31565fe-7bf1-42d2-adeb-5b75cbad52c4'[39m,
  method: [32m'GET'[39m,
  route: [32m'/state/bootstrap'[39m,
  status: [33m401[39m,
  durationMs: [32m'31.46'[39m
}

 [32mÔťô[39m server/tests/routes/auth.test.ts [2m([22m[2m5 tests[22m[2m)[22m[33m 301[2mms[22m[39m
[90mstdout[2m | server/tests/routes/state.test.ts[2m > [22m[2mState Routes[2m > [22m[2mGET /health - returns build metadata without requiring auth
[22m[39m[INFO] [REQ] GET /health - 200 [2.2ms] {
  requestId: [32m'16b5a80f-db6c-4e4e-8a91-b86a3f051041'[39m,
  method: [32m'GET'[39m,
  route: [32m'/health'[39m,
  status: [33m200[39m,
  durationMs: [32m'2.24'[39m
}

[90mstdout[2m | server/tests/routes/state.test.ts[2m > [22m[2mState Routes[2m > [22m[2mGET /state/bootstrap - unauthorized response still keeps preview CORS headers
[22m[39m[INFO] [REQ] GET /state/bootstrap - 401 [0.6ms] {
  requestId: [32m'61d3c3f5-3da9-4da3-83ab-7327490954b1'[39m,
  method: [32m'GET'[39m,
  route: [32m'/state/bootstrap'[39m,
  status: [33m401[39m,
  durationMs: [32m'0.59'[39m
}

[90mstdout[2m | server/tests/routes/state.test.ts[2m > [22m[2mState Routes[2m > [22m[2mGET /state/bootstrap - success with valid token
[22m[39m[INFO] [REQ] GET /state/bootstrap - 200 [3.2ms] {
  requestId: [32m'113325b8-0463-483a-9ea0-c26884de226f'[39m,
  method: [32m'GET'[39m,
  route: [32m'/state/bootstrap'[39m,
  status: [33m200[39m,
  durationMs: [32m'3.23'[39m
}

 [32mÔťô[39m server/tests/routes/voice-profiles.test.ts [2m([22m[2m4 tests[22m[2m)[22m[32m 272[2mms[22m[39m
[90mstdout[2m | server/tests/routes/state.test.ts[2m > [22m[2mState Routes[2m > [22m[2mPUT /state/workspaces/:workspaceId - state update
[22m[39m[INFO] [REQ] PUT /state/workspaces/w123 - 200 [1.8ms] {
  requestId: [32m'ff480adb-9f52-4032-bd91-4c513644f581'[39m,
  method: [32m'PUT'[39m,
  route: [32m'/state/workspaces/w123'[39m,
  status: [33m200[39m,
  durationMs: [32m'1.81'[39m
}

 [32mÔťô[39m server/tests/routes/media.test.ts [2m([22m[2m21 tests[22m[2m | [22m[33m3 skipped[39m[2m)[22m[33m 984[2mms[22m[39m
     [33m[2mÔťô[22m[39m PUT /media/recordings/:recordingId/audio - requires workspace header and rejects oversize upload [33m 417[2mms[22m[39m
[90mstdout[2m | server/tests/routes/state.test.ts[2m > [22m[2mState Routes[2m > [22m[2mPATCH /state/workspaces/:workspaceId - delta update
[22m[39m[INFO] [REQ] PATCH /state/workspaces/w123 - 200 [2.4ms] {
  requestId: [32m'9b302ca7-d243-4cb2-9f12-13433f97059e'[39m,
  method: [32m'PATCH'[39m,
  route: [32m'/state/workspaces/w123'[39m,
  status: [33m200[39m,
  durationMs: [32m'2.40'[39m
}

 [32mÔťô[39m server/tests/routes/state.test.ts [2m([22m[2m7 tests[22m[2m)[22m[33m 349[2mms[22m[39m
[90mstdout[2m | server/tests/routes/auth-extended.test.ts[2m > [22m[2mAuth Routes Extended[2m > [22m[2mhandles password reset request/confirm and google login
[22m[39m[INFO] [REQ] POST /auth/password/reset/request - 200 [10.6ms] {
  requestId: [32m'2ee46be9-758e-4e4f-a9e2-78ab292b2511'[39m,
  method: [32m'POST'[39m,
  route: [32m'/auth/password/reset/request'[39m,
  status: [33m200[39m,
  durationMs: [32m'10.64'[39m
}

[90mstdout[2m | server/tests/routes/auth-extended.test.ts[2m > [22m[2mAuth Routes Extended[2m > [22m[2mhandles password reset request/confirm and google login
[22m[39m[INFO] [REQ] POST /auth/password/reset/confirm - 200 [3.6ms] {
  requestId: [32m'f01118c6-f6a3-4068-b1bb-ae31255330fd'[39m,
  method: [32m'POST'[39m,
  route: [32m'/auth/password/reset/confirm'[39m,
  status: [33m200[39m,
  durationMs: [32m'3.57'[39m
}

[90mstdout[2m | server/tests/routes/auth-extended.test.ts[2m > [22m[2mAuth Routes Extended[2m > [22m[2mhandles password reset request/confirm and google login
[22m[39m[INFO] [REQ] POST /auth/google - 200 [3.7ms] {
  requestId: [32m'd4f34473-5588-48c8-b145-16dd52e88848'[39m,
  method: [32m'POST'[39m,
  route: [32m'/auth/google'[39m,
  status: [33m200[39m,
  durationMs: [32m'3.71'[39m
}

[90mstdout[2m | server/tests/routes/auth-extended.test.ts[2m > [22m[2mAuth Routes Extended[2m > [22m[2mreturns session payload when auth and workspace access pass
[22m[39m[INFO] [REQ] GET /auth/session - 200 [2.0ms] {
  requestId: [32m'2bfefc47-a7b4-452f-99c2-b1aedca98b5f'[39m,
  method: [32m'GET'[39m,
  route: [32m'/auth/session'[39m,
  status: [33m200[39m,
  durationMs: [32m'2.03'[39m
}

 [32mÔťô[39m server/tests/routes/auth-extended.test.ts [2m([22m[2m2 tests[22m[2m)[22m[32m 139[2mms[22m[39m
[90mstderr[2m | server/test
s/flow/audio-pipeline.test.ts
[2m > [22m[2mAudio Pipelin
e Full Integration Flow[2m >
 [22m[2mFull scenario: Uplo
ad -> Transcribe -> Review St
atus -> Fallback Failure
[22m[39m[mediaRoutes] Audio
 quality analysis failed for 
rec_flow_1: transcriptionServ
ice.analyzeAudioQuality is no
t a function

[90mstdout[2m | server/tests/flow/audio-pipeline.test.ts[2m > [22m[2mAudio Pipeline Full Integration Flow[2m > [22m[2mFull scenario: Upload -> Transcribe -> Review Status -> Fallback Failure
[22m[39m[INFO] [Metrics] Uploaded audio chunk {
  requestId: [32m'be6c03c8-1f24-4b7d-9dc9-6831842804b4'[39m,
  recordingId: [32m'rec_flow_1'[39m,
  sizeBytes: [33m512[39m,
  durationMs: [32m'12.81'[39m
}

[90mstdout[2m | server/tests/flow/audio-pipeline.test.ts[2m > [22m[2mAudio Pipeline Full Integration Flow[2m > [22m[2mFull scenario: Upload -> Transcribe -> Review Status -> Fallback Failure
[22m[39m[INFO] [REQ] PUT /media/recordings/rec_flow_1/audio - 200 [23.3ms] {
  requestId: [32m'be6c03c8-1f24-4b7d-9dc9-6831842804b4'[39m,
  method: [32m'PUT'[39m,
  route: [32m'/media/recordings/rec_flow_1/audio'[39m,
  status: [33m200[39m,
  durationMs: [32m'23.32'[39m
}

[90mstdout[2m | server/tests/flow/audio-pipeline.test.ts[2m > [22m[2mAudio Pipeline Full Integration Flow[2m > [22m[2mFull scenario: Upload -> Transcribe -> Review Status -> Fallback Failure
[22m[39m[INFO] [REQ] POST /media/recordings/rec_flow_1/transcribe - 202 [3.2ms] {
  requestId: [32m'6471cae2-1ca4-47bf-9ca5-0713d3e866b0'[39m,
  method: [32m'POST'[39m,
  route: [32m'/media/recordings/rec_flow_1/transcribe'[39m,
  status: [33m202[39m,
  durationMs: [32m'3.24'[39m
}

[90mstdout[2m | server/tests/flow/audio-pipeline.test.ts[2m > [22m[2mAudio Pipeline Full Integration Flow[2m > [22m[2mFull scenario: Upload -> Transcribe -> Review Status -> Fallback Failure
[22m[39m[INFO] [REQ] GET /media/recordings/rec_flow_1/transcribe - 200 [2.1ms] {
  requestId: [32m'62e16d56-4320-43a7-8d5d-74d962160d71'[39m,
  method: [32m'GET'[39m,
  route: [32m'/media/recordings/rec_flow_1/transcribe'[39m,
  status: [33m200[39m,
  durationMs: [32m'2.12'[39m
}

[90mstdout[2m | server/tests/flow/audio-pipeline.test.ts[2m > [22m[2mAudio Pipeline Full Integration Flow[2m > [22m[2mFull scenario: Upload -> Transcribe -> Review Status -> Fallback Failure
[22m[39m[INFO] [REQ] POST /media/recordings/rec_flow_failed/transcribe - 202 [1.2ms] {
  requestId: [32m'220f9ab3-1449-48fb-822f-49a44e1e97ca'[39m,
  method: [32m'POST'[39m,
  route: [32m'/media/recordings/rec_flow_failed/transcribe'[39m,
  status: [33m202[39m,
  durationMs: [32m'1.21'[39m
}

[90mstdout[2m | server/tests/flow/audio-pipeline.test.ts[2m > [22m[2mAudio Pipeline Full Integration Flow[2m > [22m[2mFull scenario: Upload -> Transcribe -> Review Status -> Fallback Failure
[22m[39m[INFO] [REQ] GET /media/recordings/rec_flow_failed/transcribe - 200 [0.6ms] {
  requestId: [32m'03aff8ea-b28a-4997-b4d6-14b300dbfcc9'[39m,
  method: [32m'GET'[39m,
  route: [32m'/media/recordings/rec_flow_failed/transcribe'[39m,
  status: [33m200[39m,
  durationMs: [32m'0.59'[39m
}

 [32mÔťô[39m server/tests/flow/audio-pipeline.test.ts [2m([22m[2m1 test[22m[2m)[22m[32m 211[2mms[22m[39m

[31mÔÄ»ÔÄ»ÔÄ»ÔÄ»ÔÄ»ÔÄ»[39m
[1m[41m Failed Tests 10 [49
m[22m[31mÔÄ»ÔÄ»ÔÄ»ÔÄ»ÔÄ»ÔÄ»
ÔÄ»[39m

[41m[1m FAIL [22m[49m ser
ver/tests/build.test.ts[2m >
 [22mServer Dependencies Ver
ification[2m > [22mshould d
eclare all externally importe
d modules in server/package.j
son
[31m[1mError[22m: Test tim
ed out in 5000ms.
If this is a long-running tes
t, pass a timeout value as th
e last argument or configure 
it globally with "testTimeout
".[39m
[36m [2mÔŁ»[22m server/tes
ts/build.test.ts:[2m37:3[22
m[39m
    [90m 35|[39m
    [90m 36|[39m [34mdescr
ibe[39m([32m'Server Depende
ncies Verification'[39m[33m
,[39m () [33m=>[39m {
    [90m 37|[39m   it('shou
ld declare all externally imp
orted modules in server/packa
geÔÇŽ
    [90m   |[39m   [31m^[
39m
    [90m 38|[39m     [35mc
onst[39m pkgPath [33m=[39m
 [34mjoin[39m(__dirname[33
m,[39m [32m'../package.json
'[39m)[33m;[39m
    [90m 39|[39m     [35mc
onst[39m pkg [33m=[39m [3
3mJSON[39m[33m.[39m[34mpa
rse[39m([34mreadFileSync[3
9m(pkgPath[33m,[39m [32m'u
tf8'[39m))[33m;[39m

[31m[2mÔÄ»ÔÄ»ÔÄ»ÔÄ»ÔÄ»ÔÄ»ÔÄ
»ÔÄ»ÔÄ»ÔÄ»ÔÄ»ÔÄ»ÔÄ»ÔÄ»ÔÄ»ÔÄ»Ô
Ä»ÔÄ»ÔÄ»ÔÄ»ÔÄ»ÔÄ»ÔÄ»[1/10]ÔÄ»
[22m[39m

[41m[1m FAIL [22m[49m ser
ver/tests/dockerfile.test.ts
[2m > [22mAll server source 
files are tracked in git[2m 
> [22mno untracked files in 
server/ or src/shared/ that w
ould break Railway esbuild
[31m[1mAssertionError[22m:
 expected 'server/tests/perfo
rmance/response-timÔÇŽ' to be
 '' // Object.is equality[39
m

[32m- Expected[39m
[31m+ Received[39m

[31m+ server/tests/performan
ce/response-time-sla.test.ts
[39m
[31m+ server/tests/regressio
n/regression-server-utils.tes
t.ts[39m
[31m+ server/tests/regressio
n/regression-supabase.test.ts
[39m

[36m [2mÔŁ»[22m server/tes
ts/dockerfile.test.ts:[2m126
:23[22m[39m
    [90m124|[39m       [35
mreturn[39m[33m;[39m
    [90m125|[39m     }
    [90m126|[39m     [34me
xpect[39m(untracked)[33m.[
39m[34mtoBe[39m([32m''[39
m)[33m;[39m
    [90m   |[39m           
            [31m^[39m
    [90m127|[39m   })[33m;
[39m
    [90m128|[39m })[33m;[
39m

[31m[2mÔÄ»ÔÄ»ÔÄ»ÔÄ»ÔÄ»ÔÄ»ÔÄ
»ÔÄ»ÔÄ»ÔÄ»ÔÄ»ÔÄ»ÔÄ»ÔÄ»ÔÄ»ÔÄ»Ô
Ä»ÔÄ»ÔÄ»ÔÄ»ÔÄ»ÔÄ»ÔÄ»[2/10]ÔÄ»
[22m[39m

[41m[1m FAIL [22m[49m ser
ver/tests/railway-config.test
.ts[2m > [22mRailway deploy
ment config[2m > [22mhas he
althcheck configured with suf
ficient timeout
[31m[1mAssertionError[22m:
 expected 30 to be greater th
an or equal to 60[39m
[36m [2mÔŁ»[22m server/tes
ts/railway-config.test.ts:[2
m39:21[22m[39m
    [90m 37|[39m     [34me
xpect[39m(timeoutMatch)[33m
.[39mnot[33m.[39m[34mtoBe
Null[39m()[33m;[39m
    [90m 38|[39m     [35mc
onst[39m timeout [33m=[39m
 [33mNumber[39m(timeoutMatc
h[33m![39m[[34m1[39m])[3
3m;[39m
    [90m 39|[39m     [34me
xpect[39m(timeout)[33m.[39
m[34mtoBeGreaterThanOrEqual
[39m([34m60[39m)[33m;[39m
    [90m   |[39m           
          [31m^[39m
    [90m 40|[39m   })[33m;
[39m
    [90m 41|[39m

[31m[2mÔÄ»ÔÄ»ÔÄ»ÔÄ»ÔÄ»ÔÄ»ÔÄ
»ÔÄ»ÔÄ»ÔÄ»ÔÄ»ÔÄ»ÔÄ»ÔÄ»ÔÄ»ÔÄ»Ô
Ä»ÔÄ»ÔÄ»ÔÄ»ÔÄ»ÔÄ»ÔÄ»[3/10]ÔÄ»
[22m[39m

[41m[1m FAIL [22m[49m ser
ver/tests/performance/respons
e-time-sla.test.ts[2m > [22
mPerformance Regression ÔÇö R
esponse Time SLAs[2m > [22m
P0 ÔÇö Critical Paths[2m > 
[22mGET /health responds with
in 100ms (SLA: P0)
[31m[1mError[22m: Hook tim
ed out in 15000ms.
If this is a long-running hoo
k, pass a timeout value as th
e last argument or configure 
it globally with "hookTimeout
".[39m
[36m [2mÔŁ»[22m server/tes
ts/performance/response-time-
sla.test.ts:[2m82:3[22m[39
m
    [90m 80|[39m   [35mlet
[39m mockTranscriptionServic
e[33m:[39m any[33m;[39m
    [90m 81|[39m
    [90m 82|[39m   [34mbef
oreEach[39m([35masync[39m 
() [33m=>[39m {
    [90m   |[39m   [31m^[
39m
    [90m 83|[39m     vi[33
m.[39m[34mresetModules[39m
()[33m;[39m
    [90m 84|[39m

[31m[2mÔÄ»ÔÄ»ÔÄ»ÔÄ»ÔÄ»ÔÄ»ÔÄ
»ÔÄ»ÔÄ»ÔÄ»ÔÄ»ÔÄ»ÔÄ»ÔÄ»ÔÄ»ÔÄ»Ô
Ä»ÔÄ»ÔÄ»ÔÄ»ÔÄ»ÔÄ»ÔÄ»[4/10]ÔÄ»
[22m[39m

[41m[1m FAIL [22m[49m ser
ver/tests/routes/ai.test.ts[
2m > [22mAI Routes[2m > [2
2mPOST /ai/person-profile[2m
 > [22mreturns no-key mode w
hen ANTHROPIC_API_KEY is not 
configured
[31m[1mError[22m: Hook tim
ed out in 15000ms.
If this is a long-running hoo
k, pass a timeout value as th
e last argument or configure 
it globally with "hookTimeout
".[39m
[36m [2mÔŁ»[22m server/tes
ts/routes/ai.test.ts:[2m9:3
[22m[39m
    [90m  7|[39m   [35mlet
[39m mockTranscriptionServic
e[33m:[39m any[33m;[39m
    [90m  8|[39m
    [90m  9|[39m   [34mbef
oreEach[39m([35masync[39m 
() [33m=>[39m {
    [90m   |[39m   [31m^[
39m
    [90m 10|[39m     vi[33
m.[39m[34mresetModules[39m
()[33m;[39m
    [90m 11|[39m

[31m[2mÔÄ»ÔÄ»ÔÄ»ÔÄ»ÔÄ»ÔÄ»ÔÄ
»ÔÄ»ÔÄ»ÔÄ»ÔÄ»ÔÄ»ÔÄ»ÔÄ»ÔÄ»ÔÄ»Ô
Ä»ÔÄ»ÔÄ»ÔÄ»ÔÄ»ÔÄ»ÔÄ»[5/10]ÔÄ»
[22m[39m

[41m[1m FAIL [22m[49m ser
ver/tests/routes/digest.test.
ts[2m > [22mDigest routes[
2m > [22mreturns preview mod
e when SMTP is not configured
[31m[1mError[22m: Hook tim
ed out in 15000ms.
If this is a long-running hoo
k, pass a timeout value as th
e last argument or configure 
it globally with "hookTimeout
".[39m
[36m [2mÔŁ»[22m server/tes
ts/routes/digest.test.ts:[2m
10:3[22m[39m
    [90m  8|[39m   [35mlet
[39m mockSendMail[33m:[39m
 any[33m;[39m
    [90m  9|[39m
    [90m 10|[39m   [34mbef
oreEach[39m([35masync[39m 
() [33m=>[39m {
    [90m   |[39m   [31m^[
39m
    [90m 11|[39m     vi[33
m.[39m[34mresetModules[39m
()[33m;[39m
    [90m 12|[39m

[31m[2mÔÄ»ÔÄ»ÔÄ»ÔÄ»ÔÄ»ÔÄ»ÔÄ
»ÔÄ»ÔÄ»ÔÄ»ÔÄ»ÔÄ»ÔÄ»ÔÄ»ÔÄ»ÔÄ»Ô
Ä»ÔÄ»ÔÄ»ÔÄ»ÔÄ»ÔÄ»ÔÄ»[6/10]ÔÄ»
[22m[39m

[41m[1m FAIL [22m[49m ser
ver/tests/routes/media.additi
onal.test.ts[2m > [22mMedia
 Routes - Additional Coverage
[2m > [22mPOST /media/analy
ze[2m > [22mreturns analysi
s result when transcription s
ervice returns data
[31m[1mError[22m: Hook tim
ed out in 15000ms.
If this is a long-running hoo
k, pass a timeout value as th
e last argument or configure 
it globally with "hookTimeout
".[39m
[36m [2mÔŁ»[22m server/tes
ts/routes/media.additional.te
st.ts:[2m9:3[22m[39m
    [90m  7|[39m   [35mlet
[39m mockTranscriptionServic
e[33m:[39m any[33m;[39m
    [90m  8|[39m
    [90m  9|[39m   [34mbef
oreEach[39m([35masync[39m 
() [33m=>[39m {
    [90m   |[39m   [31m^[
39m
    [90m 10|[39m     vi[33
m.[39m[34mresetModules[39m
()[33m;[39m
    [90m 11|[39m

[31m[2mÔÄ»ÔÄ»ÔÄ»ÔÄ»ÔÄ»ÔÄ»ÔÄ
»ÔÄ»ÔÄ»ÔÄ»ÔÄ»ÔÄ»ÔÄ»ÔÄ»ÔÄ»ÔÄ»Ô
Ä»ÔÄ»ÔÄ»ÔÄ»ÔÄ»ÔÄ»ÔÄ»[7/10]ÔÄ»
[22m[39m

[41m[1m FAIL [22m[49m ser
ver/tests/regression/regressi
on-server-utils.test.ts[2m >
 [22mRegression: #0 ÔÇö http
Client retries on HTTP 502/50
3/504[2m > [22mretries on 5
02 and eventually succeeds
[31m[1mTypeError[22m: modu
le.apiRequest is not a functi
on[39m
[36m [2mÔŁ»[22m server/tes
ts/regression/regression-serv
er-utils.test.ts:[2m177:33[
22m[39m
    [90m175|[39m     [35mc
onst[39m module [33m=[39m 
[35mawait[39m [35mimport[
39m([32m'../../lib/httpClien
t'[39m)[33m;[39m
    [90m176|[39m
    [90m177|[39m     [35mc
onst[39m result [33m=[39m 
[35mawait[39m module[33m.
[39m[34mapiRequest[39m([32
m'/test'[39m[33m,[39m { me
thod[33m:[39m [32m'GET'[3
9m })[33m;[39m
    [90m   |[39m           
                      [31m^
[39m
    [90m178|[39m
    [90m179|[39m     [90m/
/ Should succeed on 3rd attem
pt[39m

[31m[2mÔÄ»ÔÄ»ÔÄ»ÔÄ»ÔÄ»ÔÄ»ÔÄ
»ÔÄ»ÔÄ»ÔÄ»ÔÄ»ÔÄ»ÔÄ»ÔÄ»ÔÄ»ÔÄ»Ô
Ä»ÔÄ»ÔÄ»ÔÄ»ÔÄ»ÔÄ»ÔÄ»[8/10]ÔÄ»
[22m[39m

[41m[1m FAIL [22m[49m ser
ver/tests/regression/regressi
on-server-utils.test.ts[2m >
 [22mRegression: #0 ÔÇö http
Client retries on HTTP 502/50
3/504[2m > [22mreturns 502 
after all retries exhausted
[31m[1mAssertionError[22m:
 expected 'module.apiRequest 
is not a function' to contain
 '502'[39m

Expected: [32m"502"[39m
Received: [31m"module.apiReq
uest is not a function"[39m

[36m [2mÔŁ»[22m server/tes
ts/regression/regression-serv
er-utils.test.ts:[2m198:29[
22m[39m
    [90m196|[39m     } [35
mcatch[39m (error[33m:[39m
 any) {
    [90m197|[39m       [90
m// Should fail after 3 retri
es[39m
    [90m198|[39m       [34
mexpect[39m(error[33m.[39m
message)[33m.[39m[34mtoCon
tain[39m([32m'502'[39m)[3
3m;[39m
    [90m   |[39m           
                  [31m^[39m
    [90m199|[39m     }
    [90m200|[39m   }[33m,
[39m [34m15000[39m)[33m;[
39m

[31m[2mÔÄ»ÔÄ»ÔÄ»ÔÄ»ÔÄ»ÔÄ»ÔÄ
»ÔÄ»ÔÄ»ÔÄ»ÔÄ»ÔÄ»ÔÄ»ÔÄ»ÔÄ»ÔÄ»Ô
Ä»ÔÄ»ÔÄ»ÔÄ»ÔÄ»ÔÄ»ÔÄ»[9/10]ÔÄ»
[22m[39m

[41m[1m FAIL [22m[49m ser
ver/tests/regression/regressi
on-server-utils.test.ts[2m >
 [22mRegression: #0 ÔÇö http
Client retries on HTTP 502/50
3/504[2m > [22mdoes not ret
ry on 400/401/403/404
[31m[1mAssertionError[22m:
 expected +0 to be 1 // Objec
t.is equality[39m

[32m- Expected[39m
[31m+ Received[39m

[32m- 1[39m
[31m+ 0[39m

[36m [2mÔŁ»[22m server/tes
ts/regression/regression-serv
er-utils.test.ts:[2m221:28[
22m[39m
    [90m219|[39m     } [35
mcatch[39m (error[33m:[39m
 any) {
    [90m220|[39m       [90
m// Should only attempt once 
(no retry for 404)[39m
    [90m221|[39m       [34
mexpect[39m(attemptCount)[3
3m.[39m[34mtoBe[39m([34m1
[39m)[33m;[39m
    [90m   |[39m           
                 [31m^[39m
    [90m222|[39m       [34
mexpect[39m(error[33m.[39m
message)[33m.[39m[34mtoCon
tain[39m([32m'404'[39m)[3
3m;[39m
    [90m223|[39m     }

[31m[2mÔÄ»ÔÄ»ÔÄ»ÔÄ»ÔÄ»ÔÄ»ÔÄ
»ÔÄ»ÔÄ»ÔÄ»ÔÄ»ÔÄ»ÔÄ»ÔÄ»ÔÄ»ÔÄ»Ô
Ä»ÔÄ»ÔÄ»ÔÄ»ÔÄ»ÔÄ»[10/10]ÔÄ»[
22m[39m


[2m Test Files [22m [1m[31m8 failed[39m[22m[2m | [22m[1m[32m42 passed[39m[22m[90m (50)[39m
[2m      Tests [22m [1m[31m10 failed[39m[22m[2m | [22m[1m[32m716 passed[39m[22m[2m | [22m[33m14 skipped[39m[90m (740)[39m
[2m   Start at [22m 20:59:28
[2m   Duration [22m 39.11s[2m (transform 30.97s, setup 6.01s, import 219.86s, tests 185.61s, environment 43ms)[22m

[34m % [39m[2mCoverage report from [22m[33mv8[39m
-------------------|---------|----------|---------|---------|-------------------
File               | % Stmts | % Branch | % Funcs | % Lines | Uncovered Line #s 
-------------------|---------|----------|---------|---------|-------------------
All files          |   69.03 |     58.7 |   76.43 |    70.3 |                   
 server            |   68.11 |    58.57 |   81.19 |   69.39 |                   
  app.ts           |     100 |       75 |     100 |     100 | 17                
  audioPipeline.ts |       0 |        0 |       0 |       0 |                   
  ...line.utils.ts |   96.92 |    82.85 |     100 |   97.82 | ...15,677,716,907 
  config.ts        |   60.31 |    39.62 |      80 |   63.33 | ...73-174,179-189 
  database.ts      |   74.95 |    63.47 |   89.47 |   77.73 | ...1535,1596-1597 
  datadog.ts       |       0 |        0 |     100 |       0 | 12-76             
  dd-tracer.ts     |       0 |      100 |     100 |       0 | 3                 
  debug_env.ts     |       0 |        0 |       0 |       0 | 6-26              
  diarization.ts   |    82.6 |    63.41 |   95.45 |   85.18 | ...38-439,443-463 
  index.ts         |   44.68 |    42.55 |    8.33 |   45.65 | ...15,124,161-209 
  logger.ts        |     100 |    95.65 |     100 |     100 | 9                 
  pipeline.ts      |      50 |    44.65 |   75.86 |   51.23 | ...34-952,965-966 
  ...Processing.ts |   63.28 |    57.77 |   54.54 |   65.76 | 38-70,351-392     
  runtime.ts       |     100 |      100 |     100 |     100 |                   
  sentry.ts        |      50 |       25 |      50 |      50 | 13-17,25-31       
  ...erEmbedder.ts |   66.66 |    51.06 |    87.5 |   64.93 | ...23-124,140-169 
  sqliteWorker.ts  |   77.92 |    74.13 |    87.5 |   78.37 | ...17,148,157-167 
  transcription.ts |   53.98 |    49.06 |   72.22 |   54.48 | ...25-554,651-772 
 server/agents     |       0 |        0 |       0 |       0 |                   
  dispatcher.ts    |       0 |        0 |       0 |       0 | 10-206            
 server/http       |   72.44 |       68 |   78.94 |   72.44 |                   
  app-routes.ts    |      50 |      100 |      25 |      50 | 19-20,24-25,29-34 
  app-security.ts  |   73.01 |       60 |    92.3 |   73.01 | ...17,130-131,135 
  health.ts        |     100 |      100 |     100 |     100 |                   
 server/lib        |   84.24 |    76.17 |   84.21 |   86.01 |                   
  httpClient.ts    |   78.94 |    86.79 |   63.63 |   78.84 | ...20,157,165,168 
  ragAnswer.ts     |    61.9 |    55.55 |   85.71 |   63.15 | 22-32             
  ragRetriever.ts  |      96 |       90 |     100 |     100 | 48                
  ...ectorStore.ts |   84.37 |    67.18 |     100 |   89.09 | ...16,130,149-151 
  serverUtils.ts   |   82.35 |    80.55 |   69.56 |   83.83 | ...81-183,218-219 
  ...aseStorage.ts |     100 |    88.88 |     100 |     100 | 5-10,74           
  types.ts         |       0 |        0 |       0 |       0 |                   
 server/routes     |   68.45 |    54.08 |   66.41 |   70.58 |                   
  ai.ts            |    90.9 |    73.91 |   78.94 |      96 | 26-27,118         
  auth.ts          |   97.61 |       50 |     100 |   97.61 | 19                
  digest.ts        |   79.34 |    46.93 |   68.18 |   80.89 | ...77-178,187-188 
  media.ts         |   54.28 |    46.47 |   56.14 |   55.48 | ...40-941,950-959 
  middleware.ts    |     100 |     82.6 |     100 |     100 | 21-26             
  workspaces.ts    |   83.18 |    65.45 |      60 |   89.32 | 34-35,113,188-200 
 server/services   |   84.23 |    69.56 |   83.07 |   84.61 |                   
  AuthService.ts   |     100 |      100 |     100 |     100 |                   
  ...icsService.ts |   48.27 |    44.44 |   16.66 |   51.85 | 38,44-69          
  ...ionService.ts |   89.41 |    72.72 |   89.18 |    89.3 | ...01-305,451-452 
  ...aceService.ts |   84.61 |      100 |   83.33 |   83.33 | 39,47             
 server/stt        |   54.61 |    43.93 |   63.63 |   54.76 |                   
  localWhisper.ts  |       0 |        0 |       0 |       0 | 16-190            
  modelSelector.ts |      50 |       50 |      50 |      50 | 21-25             
  providers.ts     |   93.24 |    77.46 |     100 |   93.05 | 47,50,72,91,117   
-------------------|---------|----------|---------|---------|-------------------
ERROR: Coverage for lines (70
.3%) does not meet global thr
eshold (80%)
ERROR: Coverage for functions
 (76.43%) does not meet globa
l threshold (80%)
ERROR: Coverage for statement
s (69.03%) does not meet glob
al threshold (80%)
ERROR: Coverage for branches 
(58.7%) does not meet global 
threshold (75%)
