
[1m[46m RUN [49m[22m [36mv4.1.1 [39m[90mC:/Users/user/new/audioRecorder[39m


[2m Test Files [22m [1m[31m1 failed[39m[22m[90m (1)[39m
[2m      Tests [22m [2mno tests[22m
[2m   Start at [22m 18:53:08
[2m   Duration [22m 4.81s[2m (transform 303ms, setup 471ms, import 0ms, tests 0ms, environment 1.74s)[22m

