node.exe : [1m[43m DEPR
ECATED [49m[22m [33m`t
est.poolOptions` was remo
ved in Vitest 4. All prev
ious `poolOptions` are no
w top-level options. Plea
se, refer to the migratio
n guide: https://vitest.d
ev/guide/migration#pool-r
ework[39m
At line:1 char:1
+ & "C:\Program Files\nod
ejs/node.exe" "C:\Program
 Files\nodejs/node_mo ...
+ ~~~~~~~~~~~~~~~~~~~~~~~
~~~~~~~~~~~~~~~~~~~~~~~~~
~~~~~~~~~~~~~~~~~~~~~
    + CategoryInfo       
       : NotSpecified:   
  ([1m[43m DEPRE...o   
 ol-rework[39m:Strin    
g) [], RemoteExcepti    o
n
    + FullyQualifiedErro 
   rId : NativeCommandE  
  rror
 

[1m[46m RUN [49m[22m [36mv4.1.0 [39m[90mC:/Users/user/new/audioRecorder[39m

[31mNo test files found,
 exiting with code 1
[39m
[2mfilter: [22m[33mser
ver/tests/database/databa
se.additional.test.ts[39
m
[2minclude: [22m[33msr
c/**/*.test.{js,jsx,ts,ts
x}[39m
[2mexclude:  [22m[33ms
rc/App.integration.test.t
sx[39m

