src/AppShellModern.tsx(25,39): error TS2322: Type '{ height: number; style: { marginBottom: number; }; }' is not assignable to type 'IntrinsicAttributes & { height?: number; className?: string; }'.
  Property 'style' does not exist on type 'IntrinsicAttributes & { height?: number; className?: string; }'.
src/AppShellModern.tsx(30,41): error TS2322: Type '{ height: number; style: { width: number; }; }' is not assignable to type 'IntrinsicAttributes & { height?: number; className?: string; }'.
  Property 'style' does not exist on type 'IntrinsicAttributes & { height?: number; className?: string; }'.
src/AppShellModern.tsx(31,41): error TS2322: Type '{ height: number; style: { width: number; }; }' is not assignable to type 'IntrinsicAttributes & { height?: number; className?: string; }'.
  Property 'style' does not exist on type 'IntrinsicAttributes & { height?: number; className?: string; }'.
src/audio/noiseReducerNode.ts(1,28): error TS2307: Cannot find module 'simple-rnnoise-wasm/rnnoise.wasm?url' or its corresponding type declarations.
src/audio/noiseReducerNode.ts(2,31): error TS2307: Cannot find module 'simple-rnnoise-wasm/rnnoise.worklet.js?url' or its corresponding type declarations.
src/audio/noiseReducerNode.ts(42,31): error TS2339: Property 'env' does not exist on type 'ImportMeta'.
src/context/WorkspaceContext.tsx(25,41): error TS2339: Property 'isHydratingRemoteState' does not exist on type '{ currentUser: any; currentUserId: any; currentWorkspaceId: any; currentWorkspace: any; currentWorkspaceMembers: any[]; currentWorkspaceRole: any; currentWorkspacePermissions: { role: any; ... 4 more ...; canRecordAudio: boolean; }; ... 4 more ...; updateWorkspaceMemberRole: (targetUserId: string, memberRole: string...'.
src/hooks/useAudioHydration.ts(27,37): error TS2339: Property 'force' does not exist on type '{}'.
src/hooks/useGoogleIntegrations.ts(208,49): error TS2339: Property 'access_token' does not exist on type 'unknown'.
src/hooks/useGoogleIntegrations.ts(209,44): error TS2339: Property 'access_token' does not exist on type 'unknown'.
src/hooks/useGoogleIntegrations.ts(246,30): error TS2339: Property 'googleEventId' does not exist on type '{}'.
src/hooks/useGoogleIntegrations.ts(249,19): error TS2339: Property 'googleEventId' does not exist on type '{}'.
src/hooks/useGoogleIntegrations.ts(258,15): error TS2339: Property 'googleEventId' does not exist on type '{}'.
src/hooks/useGoogleIntegrations.ts(301,46): error TS2339: Property 'access_token' does not exist on type 'unknown'.
src/hooks/useGoogleIntegrations.ts(302,59): error TS2339: Property 'access_token' does not exist on type 'unknown'.
src/hooks/useRecorder.ts(65,7): error TS2740: Type '{}' is missing the following properties from type 'any[]': length, pop, push, concat, and 35 more.
src/hooks/useRecorder.ts(148,44): error TS2339: Property 'transcribeLiveChunk' does not exist on type '{ mode: string; supportsLiveTranscription(): boolean; createLiveController(options: any): { recognition: any; start(): void; stop(): void; setOnEnd(callback: any): void; clearHandlers(): void; }; ... 11 more ...; deleteRecording(_recordingId: string): Promise<...>; } | { ...; }'.
  Property 'transcribeLiveChunk' does not exist on type '{ mode: string; supportsLiveTranscription(): boolean; createLiveController(options: any): { recognition: any; start(): void; stop(): void; setOnEnd(callback: any): void; clearHandlers(): void; }; ... 11 more ...; deleteRecording(_recordingId: string): Promise<...>; }'.
src/hooks/useRecorder.ts(159,28): error TS2339: Property 'adHoc' does not exist on type '{}'.
src/hooks/useRecordingActions.ts(76,77): error TS2339: Property 'speakerNames' does not exist on type '{}'.
src/hooks/useRecordingActions.ts(90,52): error TS2339: Property 'markers' does not exist on type '{}'.
src/hooks/useStoredState.ts(14,19): error TS2339: Property 'env' does not exist on type 'ImportMeta'.
src/hooks/useTaskOperations.ts(212,13): error TS2698: Spread types may only be created from object types.
src/hooks/useWorkspace.ts(45,13): error TS2345: Argument of type '() => () => boolean' is not assignable to parameter of type 'EffectCallback'.
  Type '() => boolean' is not assignable to type 'void | Destructor'.
    Type '() => boolean' is not assignable to type 'Destructor'.
      Type 'boolean' is not assignable to type 'void | { [UNDEFINED_VOID_ONLY]: never; }'.
src/hooks/useWorkspace.ts(160,7): error TS2561: Object literal may only specify known properties, but 'workspaces' does not exist in type '{ workspaceId: any; targetUserId: any; memberRole: any; }'. Did you mean to write 'workspaceId'?
src/hooks/useWorkspace.ts(166,31): error TS2339: Property 'workspaces' does not exist on type '{ membership: any; }'.
src/hooks/useWorkspace.ts(167,28): error TS2339: Property 'workspaces' does not exist on type '{ membership: any; }'.
src/lib/aiTaskSuggestions.ts(31,30): error TS2339: Property 'env' does not exist on type 'ImportMeta'.
src/lib/analysis.ts(10,29): error TS2339: Property 'env' does not exist on type 'ImportMeta'.
src/lib/analysis.ts(11,27): error TS2339: Property 'env' does not exist on type 'ImportMeta'.
src/lib/analysis.ts(157,21): error TS2362: The left-hand side of an arithmetic operation must be of type 'any', 'number', 'bigint' or an enum type.
src/lib/analysis.ts(157,28): error TS2363: The right-hand side of an arithmetic operation must be of type 'any', 'number', 'bigint' or an enum type.
src/lib/analysis.ts(188,15): error TS2339: Property 'q' does not exist on type 'unknown'.
src/lib/analysis.ts(188,21): error TS2339: Property 'count' does not exist on type 'unknown'.
src/lib/analysis.ts(189,30): error TS2339: Property 'count' does not exist on type 'unknown'.
src/lib/analysis.ts(269,5): error TS2322: Type '{ id: any; title: string; owner: any; sourceQuote: string; priority: string; tags: any; }[]' is not assignable to type 'MeetingTask[]'.
  Type '{ id: any; title: string; owner: any; sourceQuote: string; priority: string; tags: any; }' is not assignable to type 'MeetingTask'.
    Types of property 'priority' are incompatible.
      Type 'string' is not assignable to type '"medium" | "high" | "low"'.
src/lib/analysis.ts(272,5): error TS2322: Type '{ risk: string; severity: string; }[]' is not assignable to type 'MeetingRisk[]'.
  Type '{ risk: string; severity: string; }' is not assignable to type 'MeetingRisk'.
    Types of property 'severity' are incompatible.
      Type 'string' is not assignable to type '"medium" | "high" | "low"'.
src/lib/analysis.ts(290,5): error TS2322: Type '{ id: any; title: string; owner: any; sourceQuote: string; priority: string; tags: any; }[]' is not assignable to type 'MeetingTask[]'.
  Type '{ id: any; title: string; owner: any; sourceQuote: string; priority: string; tags: any; }' is not assignable to type 'MeetingTask'.
    Types of property 'priority' are incompatible.
      Type 'string' is not assignable to type '"medium" | "high" | "low"'.
src/lib/analysis.ts(610,7): error TS2322: Type '{ id: any; title: string; owner: any; sourceQuote: string; priority: string; tags: any; }[]' is not assignable to type 'MeetingTask[]'.
  Type '{ id: any; title: string; owner: any; sourceQuote: string; priority: string; tags: any; }' is not assignable to type 'MeetingTask'.
    Types of property 'priority' are incompatible.
      Type 'string' is not assignable to type '"medium" | "high" | "low"'.
src/lib/analysis.ts(636,7): error TS2322: Type '{ id: any; title: string; owner: any; sourceQuote: string; priority: string; tags: any; }[]' is not assignable to type 'MeetingTask[]'.
  Type '{ id: any; title: string; owner: any; sourceQuote: string; priority: string; tags: any; }' is not assignable to type 'MeetingTask'.
    Types of property 'priority' are incompatible.
      Type 'string' is not assignable to type '"medium" | "high" | "low"'.
src/lib/audioEnhancer.ts(32,25): error TS2551: Property 'startRenderingSync' does not exist on type 'OfflineAudioContext'. Did you mean 'startRendering'?
src/lib/audioEnhancer.ts(64,25): error TS2551: Property 'startRenderingSync' does not exist on type 'OfflineAudioContext'. Did you mean 'startRendering'?
src/lib/audioEnhancer.ts(108,25): error TS2551: Property 'startRenderingSync' does not exist on type 'OfflineAudioContext'. Did you mean 'startRendering'?
src/lib/audioEnhancer.ts(115,18): error TS2304: Cannot find name 'offlineContext'.
src/lib/calendarView.ts(251,22): error TS2339: Property 'short' does not exist on type '{}'.
src/lib/calendarView.ts(253,20): error TS2339: Property 'month' does not exist on type '{}'.
src/lib/diarization.ts(78,47): error TS2365: Operator '+' cannot be applied to types 'unknown' and 'unknown'.
src/lib/diarization.ts(79,44): error TS2362: The left-hand side of an arithmetic operation must be of type 'any', 'number', 'bigint' or an enum type.
src/lib/diarization.ts(93,19): error TS2362: The left-hand side of an arithmetic operation must be of type 'any', 'number', 'bigint' or an enum type.
src/lib/diarization.ts(93,68): error TS2365: Operator '+' cannot be applied to types 'unknown' and 'unknown'.
src/lib/diarization.ts(93,86): error TS2363: The right-hand side of an arithmetic operation must be of type 'any', 'number', 'bigint' or an enum type.
src/lib/diarization.ts(95,5): error TS2362: The left-hand side of an arithmetic operation must be of type 'any', 'number', 'bigint' or an enum type.
src/lib/diarization.ts(95,65): error TS2365: Operator '+' cannot be applied to types 'unknown' and 'unknown'.
src/lib/diarization.ts(95,83): error TS2363: The right-hand side of an arithmetic operation must be of type 'any', 'number', 'bigint' or an enum type.
src/lib/diarization.ts(96,20): error TS2362: The left-hand side of an arithmetic operation must be of type 'any', 'number', 'bigint' or an enum type.
src/lib/diarization.ts(96,70): error TS2365: Operator '+' cannot be applied to types 'unknown' and 'unknown'.
src/lib/diarization.ts(96,88): error TS2363: The right-hand side of an arithmetic operation must be of type 'any', 'number', 'bigint' or an enum type.
src/lib/ErrorBoundary.tsx(15,48): error TS2339: Property 'label' does not exist on type 'Readonly<{}>'.
src/lib/ErrorBoundary.tsx(20,20): error TS2339: Property 'error' does not exist on type 'Readonly<{}>'.
src/lib/ErrorBoundary.tsx(21,33): error TS2339: Property 'env' does not exist on type 'ImportMeta'.
src/lib/ErrorBoundary.tsx(26,29): error TS2339: Property 'label' does not exist on type 'Readonly<{}>'.
src/lib/ErrorBoundary.tsx(37,36): error TS2339: Property 'error' does not exist on type 'Readonly<{}>'.
src/lib/ErrorBoundary.tsx(39,29): error TS2339: Property 'info' does not exist on type 'Readonly<{}>'.
src/lib/ErrorBoundary.tsx(46,23): error TS2339: Property 'children' does not exist on type 'Readonly<{}>'.
src/lib/google.ts(11,16): error TS2339: Property 'env' does not exist on type 'ImportMeta'.
src/lib/google.ts(21,14): error TS2339: Property 'google' does not exist on type 'Window & typeof globalThis'.
src/lib/google.ts(22,35): error TS2339: Property 'google' does not exist on type 'Window & typeof globalThis'.
src/lib/google.ts(32,62): error TS2339: Property 'google' does not exist on type 'Window & typeof globalThis'.
src/lib/google.ts(41,42): error TS2339: Property 'google' does not exist on type 'Window & typeof globalThis'.
src/lib/google.ts(113,53): error TS2339: Property 'loginHint' does not exist on type '{}'.
src/lib/google.ts(157,50): error TS2339: Property 'loginHint' does not exist on type '{}'.
src/lib/google.ts(197,19): error TS2339: Property 'body' does not exist on type '{}'.
src/lib/google.ts(198,19): error TS2339: Property 'headers' does not exist on type '{}'.
src/lib/google.ts(220,59): error TS2339: Property 'attendees' does not exist on type '{}'.
src/lib/google.ts(221,43): error TS2339: Property 'reminders' does not exist on type '{}'.
src/lib/google.ts(224,28): error TS2339: Property 'reminders' does not exist on type '{}'.
src/lib/google.ts(232,37): error TS2339: Property 'summary' does not exist on type '{}'.
src/lib/google.ts(233,26): error TS2339: Property 'description' does not exist on type '{}'.
src/lib/google.ts(234,23): error TS2339: Property 'location' does not exist on type '{}'.
src/lib/google.ts(346,12): error TS2339: Property 'google' does not exist on type 'Window & typeof globalThis'.
src/lib/googleSync.ts(102,24): error TS2339: Property 'type' does not exist on type '{}'.
src/lib/kpi.ts(67,29): error TS2339: Property 'rangeDays' does not exist on type '{}'.
src/lib/kpi.ts(68,25): error TS2339: Property 'trend' does not exist on type '{}'.
src/lib/meeting.ts(78,26): error TS2339: Property 'workspaceId' does not exist on type '{}'.
src/lib/meeting.ts(79,30): error TS2339: Property 'createdByUserId' does not exist on type '{}'.
src/lib/meeting.ts(100,26): error TS2339: Property 'createdByUserId' does not exist on type '{}'.
src/lib/meeting.ts(101,28): error TS2339: Property 'createdByUserName' does not exist on type '{}'.
src/lib/recording.ts(10,17): error TS2339: Property 'SpeechRecognition' does not exist on type 'Window & typeof globalThis'.
src/lib/recording.ts(10,45): error TS2339: Property 'webkitSpeechRecognition' does not exist on type 'Window & typeof globalThis'.
src/lib/workspaceBackup.ts(63,23): error TS2698: Spread types may only be created from object types.
src/lib/workspaceBackup.ts(72,27): error TS2365: Operator '+' cannot be applied to types 'unknown' and '1 | 0'.
src/lib/workspaceBackup.ts(152,5): error TS2322: Type 'unknown' is not assignable to type 'number'.
src/lib/workspaceBackup.ts(153,5): error TS2322: Type 'unknown' is not assignable to type 'number'.
src/NotesTab.tsx(640,21): error TS2322: Type 'unknown' is not assignable to type 'Key'.
src/NotesTab.tsx(647,29): error TS2322: Type 'unknown' is not assignable to type 'ReactNode'.
src/services/mediaService.ts(21,5): error TS2353: Object literal may only specify known properties, and 'recordingId' does not exist in type 'MediaTranscriptionResponse'.
src/setupTests.ts(9,7): error TS2649: Cannot augment module 'jest' with value exports because it resolves to a non-module entity.
src/setupTests.ts(12,1): error TS2740: Type 'VitestUtils' is missing the following properties from type 'typeof jest': autoMockOff, autoMockOn, createMockFromModule, getSeed, and 17 more.
src/setupTests.ts(51,5): error TS2698: Spread types may only be created from object types.
src/shared/contracts.ts(8,3): error TS2305: Module '"./types.ts"' has no exported member 'WorkspaceState'.
src/store/authStore.ts(31,54): error TS2349: This expression is not callable.
  Not all constituents of type '((previous: T) => T) | (T & Function)' are callable.
    Type 'T & Function' has no call signatures.
src/store/recorderStore.ts(362,53): error TS2345: Argument of type 'unknown' is not assignable to parameter of type 'Blob'.
  Type '{}' is missing the following properties from type 'Blob': size, type, arrayBuffer, bytes, and 3 more.
src/studio/AiTaskSuggestionsPanel.tsx(23,30): error TS2339: Property 'env' does not exist on type 'ImportMeta'.
src/studio/AiTaskSuggestionsPanel.tsx(129,36): error TS2339: Property 'title' does not exist on type '{}'.
src/studio/AiTaskSuggestionsPanel.tsx(135,36): error TS2339: Property 'description' does not exist on type '{}'.
src/studio/AiTaskSuggestionsPanel.tsx(143,38): error TS2339: Property 'owner' does not exist on type '{}'.
src/studio/AiTaskSuggestionsPanel.tsx(150,38): error TS2339: Property 'dueDate' does not exist on type '{}'.
src/studio/AiTaskSuggestionsPanel.tsx(154,38): error TS2339: Property 'priority' does not exist on type '{}'.
src/studio/KpiDashboard.tsx(50,28): error TS2345: Argument of type 'number | "all"' is not assignable to parameter of type 'SetStateAction<number>'.
  Type 'string' is not assignable to type 'SetStateAction<number>'.
src/studio/RecorderPanel.tsx(66,23): error TS2353: Object literal may only specify known properties, and ''--bar-h'' does not exist in type 'Properties<string | number, string & {}>'.
src/studio/StudioMeetingView.tsx(3146,32): error TS2353: Object literal may only specify known properties, and ''--ff-player-progress'' does not exist in type 'Properties<string | number, string & {}>'.
src/studio/StudioSidebar.tsx(80,17): error TS2322: Type 'string' is not assignable to type 'number'.
src/studio/StudioSidebar.tsx(282,17): error TS2322: Type 'string' is not assignable to type 'number'.
src/studio/StudioSidebar.tsx(294,17): error TS2322: Type 'string' is not assignable to type 'number'.
src/studio/UnifiedPlayer.tsx(179,66): error TS2353: Object literal may only specify known properties, and ''--h'' does not exist in type 'Properties<string | number, string & {}>'.
src/studio/UnifiedPlayer.tsx(208,28): error TS2353: Object literal may only specify known properties, and ''--chip-color'' does not exist in type 'Properties<string | number, string & {}>'.
src/TabRouter.tsx(90,13): error TS2322: Type '{ activeMonth: any; setActiveMonth: any; selectedDate: Date; setSelectedDate: Dispatch<SetStateAction<Date>>; userMeetings: any[]; calendarTasks: any; ... 22 more ...; onCreateMeeting: (draft: any) => { ...; }; }' is not assignable to type 'IntrinsicAttributes & { activeMonth: any; setActiveMonth: any; selectedDate: any; setSelectedDate: any; userMeetings: any; calendarTasks: any; googleCalendarEvents: any; ... 18 more ...; onCreateMeeting: any; }'.
  Property 'googleCalendarStatus' does not exist on type 'IntrinsicAttributes & { activeMonth: any; setActiveMonth: any; selectedDate: any; setSelectedDate: any; userMeetings: any; calendarTasks: any; googleCalendarEvents: any; ... 18 more ...; onCreateMeeting: any; }'. Did you mean 'googleCalendarEvents'?
src/TabRouter.tsx(210,13): error TS2322: Type '{ currentUser: any; profileDraft: any; setProfileDraft: any; saveProfile: any; profileMessage: any; googleEnabled: any; googleCalendarStatus: any; googleCalendarMessage: any; googleCalendarEventsCount: any; ... 36 more ...; onDeleteStoredRecordingAudio: any; }' is not assignable to type 'IntrinsicAttributes & { currentUser: any; profileDraft: any; setProfileDraft: any; saveProfile: any; profileMessage: any; googleEnabled: any; googleCalendarStatus: any; ... 37 more ...; apiBaseUrl: any; }'.
  Property 'onToggleTheme' does not exist on type 'IntrinsicAttributes & { currentUser: any; profileDraft: any; setProfileDraft: any; saveProfile: any; profileMessage: any; googleEnabled: any; googleCalendarStatus: any; ... 37 more ...; apiBaseUrl: any; }'.
src/TabRouter.tsx(215,37): error TS2339: Property 'env' does not exist on type 'ImportMeta'.
src/TabRouter.tsx(219,34): error TS2339: Property 'vocabulary' does not exist on type '{ taskColumns: { id: string; label: string; color: string; isDone: boolean; system: boolean; }[]; meetingTasks: any[]; taskNotifications: { task: any; sla: { id: string; label: string; tone: string; }; dependencies: { ...; }; }[]; ... 67 more ...; setWorkspaceMessage: (msg: string) => void; }'.
src/TabRouter.tsx(220,42): error TS2339: Property 'setVocabulary' does not exist on type '{ taskColumns: { id: string; label: string; color: string; isDone: boolean; system: boolean; }[]; meetingTasks: any[]; taskNotifications: { task: any; sla: { id: string; label: string; tone: string; }; dependencies: { ...; }; }[]; ... 67 more ...; setWorkspaceMessage: (msg: string) => void; }'.
src/TabRouter.tsx(234,44): error TS2339: Property 'retryStoredRecording' does not exist on type '{ taskColumns: { id: string; label: string; color: string; isDone: boolean; system: boolean; }[]; meetingTasks: any[]; taskNotifications: { task: any; sla: { id: string; label: string; tone: string; }; dependencies: { ...; }; }[]; ... 67 more ...; setWorkspaceMessage: (msg: string) => void; }'.
src/TabRouter.tsx(268,40): error TS2551: Property 'workspaceMessage' does not exist on type '{ taskColumns: { id: string; label: string; color: string; isDone: boolean; system: boolean; }[]; meetingTasks: any[]; taskNotifications: { task: any; sla: { id: string; label: string; tone: string; }; dependencies: { ...; }; }[]; ... 67 more ...; setWorkspaceMessage: (msg: string) => void; }'. Did you mean 'setWorkspaceMessage'?
src/TabRouter.tsx(340,6): error TS2322: Type '{ children: Element; key: any; label: string; }' is not assignable to type 'IntrinsicAttributes & IntrinsicClassAttributes<ErrorBoundary> & Readonly<{}>'.
  Property 'children' does not exist on type 'IntrinsicAttributes & IntrinsicClassAttributes<ErrorBoundary> & Readonly<{}>'.
src/tasks/TaskKanbanView.tsx(512,26): error TS2353: Object literal may only specify known properties, and ''--column-color'' does not exist in type 'Properties<string | number, string & {}>'.
src/tasks/TaskKanbanView.tsx(535,33): error TS2554: Expected 0 arguments, but got 1.
src/tasks/TaskKanbanView.tsx(586,24): error TS2353: Object literal may only specify known properties, and ''--column-color'' does not exist in type 'Properties<string | number, string & {}>'.
src/tasks/TaskKanbanView.tsx(609,31): error TS2554: Expected 0 arguments, but got 1.
src/tasks/TaskKanbanView.tsx(633,15): error TS2339: Property 'boardColumns' does not exist on type 'Readonly<{ kanbanColumns: any; allTasks: any; dropColumnId: any; setDropColumnId: any; handleDrop: any; handleTaskDrop: any; selectedTask: any; selectedTaskIds: any; toggleTaskSelection: any; setSelectedTaskId: any; ... 8 more ...; setSortBy?: () => void; }>'.
src/tasks/TaskKanbanView.tsx(633,42): error TS2339: Property 'boardColumns' does not exist on type 'Readonly<{ kanbanColumns: any; allTasks: any; dropColumnId: any; setDropColumnId: any; handleDrop: any; handleTaskDrop: any; selectedTask: any; selectedTaskIds: any; toggleTaskSelection: any; setSelectedTaskId: any; ... 8 more ...; setSortBy?: () => void; }>'.
src/tasks/TaskListView.tsx(56,36): error TS2554: Expected 0 arguments, but got 1.
src/tasks/TaskListView.tsx(63,36): error TS2554: Expected 0 arguments, but got 1.
src/tasks/TaskListView.tsx(70,36): error TS2554: Expected 0 arguments, but got 1.
src/tasks/TaskListView.tsx(77,36): error TS2554: Expected 0 arguments, but got 1.
src/tasks/taskViewUtils.ts(100,33): error TS2339: Property 'localeCompare' does not exist on type 'unknown'.
src/TasksTab.tsx(600,80): error TS2339: Property 'focus' does not exist on type 'Element'.
src/TasksTab.tsx(668,13): error TS2322: Type '{ sidebarLists: { baseLists: { id: string; label: string; icon: string; count: any; }[]; workspaceLists: any; customGroups: { id: string; label: unknown; count: any; }[]; }; selectedListId: string; setSelectedListId: Dispatch<...>; ... 20 more ...; onFocusConflictTask: (taskId: any) => void; }' is not assignable to type 'IntrinsicAttributes & { sidebarLists: any; selectedListId: any; setSelectedListId: any; visibleStats: any; showColumnManager: any; setShowColumnManager: any; boardColumns: any; ... 13 more ...; onFocusConflictTask: any; }'.
  Property 'selectedTaskIds' does not exist on type 'IntrinsicAttributes & { sidebarLists: any; selectedListId: any; setSelectedListId: any; visibleStats: any; showColumnManager: any; setShowColumnManager: any; boardColumns: any; ... 13 more ...; onFocusConflictTask: any; }'. Did you mean 'selectedTasks'?
src/TasksTab.tsx(733,13): error TS2322: Type '{ selectedListLabel: any; viewMode: string; setViewMode: Dispatch<SetStateAction<string>>; sortBy: string; setSortBy: Dispatch<SetStateAction<string>>; ... 49 more ...; setShowColumnManager: Dispatch<...>; }' is not assignable to type 'IntrinsicAttributes & { selectedListLabel: any; viewMode: any; setViewMode: any; sortBy: any; setSortBy: any; groupBy: any; setGroupBy: any; shareWorkspace: any; onExportCsv: any; ... 40 more ...; setShowColumnManager: any; }'.
  Property 'clearTaskSelection' does not exist on type 'IntrinsicAttributes & { selectedListLabel: any; viewMode: any; setViewMode: any; sortBy: any; setSortBy: any; groupBy: any; setGroupBy: any; shareWorkspace: any; onExportCsv: any; ... 40 more ...; setShowColumnManager: any; }'. Did you mean 'toggleTaskSelection'?
