src/App.integration.test.tsx(16,13): error TS2339: Property 'env' does not exist on type 'ImportMeta'.
src/App.integration.test.tsx(19,6): error TS2339: Property 'setTimeout' does not exist on type 'VitestUtils'.
src/App.integration.test.tsx(201,64): error TS2345: Argument of type '{ document: { write: Mock<Procedure>; close: Mock<Procedure>; }; focus: Mock<Procedure>; print: Mock<Procedure>; }' is not assignable to parameter of type 'Window'.
  Type '{ document: { write: Mock<Procedure>; close: Mock<Procedure>; }; focus: Mock<Procedure>; print: Mock<Procedure>; }' is missing the following properties from type 'Window': clientInformation, closed, cookieStore, customElements, and 208 more.
src/App.integration.test.tsx(291,22): error TS2339: Property 'permission' does not exist on type 'Mock<Procedure>'.
src/App.integration.test.tsx(292,22): error TS2339: Property 'requestPermission' does not exist on type 'Mock<Procedure>'.
src/App.integration.test.tsx(293,24): error TS2339: Property 'permission' does not exist on type 'Mock<Procedure>'.
src/App.integration.test.tsx(296,5): error TS2739: Type 'MockInstance<Procedure> & { (...args: any[]): any; new (...args: any[]): any; } & {}' is missing the following properties from type '{ new (title: string, options?: NotificationOptions): Notification; prototype: Notification; readonly permission: NotificationPermission; requestPermission(deprecatedCallback?: NotificationPermissionCallback): Promise<...>; }': permission, requestPermission
src/App.integration.test.tsx(343,31): error TS2339: Property 'requestPermission' does not exist on type 'Mock<Procedure>'.
src/App.integration.test.tsx(397,5): error TS2322: Type 'Mock<Procedure | Constructable>' is not assignable to type '{ new (stream: MediaStream, options?: MediaRecorderOptions): MediaRecorder; prototype: MediaRecorder; isTypeSupported(type: string): boolean; }'.
  Property 'isTypeSupported' is missing in type 'MockInstance<Procedure | Constructable> & { (...args: any[]): any; new (...args: any[]): any; } & {}' but required in type '{ new (stream: MediaStream, options?: MediaRecorderOptions): MediaRecorder; prototype: MediaRecorder; isTypeSupported(type: string): boolean; }'.
src/audio/noiseReducerNode.tsx(21,27): error TS2339: Property 'env' does not exist on type 'ImportMeta'.
src/CalendarTab.test.tsx(64,16): error TS2740: Type '{ activeMonth: Date; setActiveMonth: Mock<Procedure>; selectedDate: Date; setSelectedDate: Mock<Procedure>; userMeetings: { id: string; title: string; startsAt: string; durationMinutes: number; }[]; ... 13 more ...; onUpdateCalendarEntryMeta: Mock<...>; }' is missing the following properties from type '{ activeMonth: any; setActiveMonth: any; selectedDate: any; setSelectedDate: any; userMeetings: any; calendarTasks: any; googleCalendarEvents: any; googleCalendarMessage: any; disconnectGoogleCalendar: any; ... 16 more ...; onCreateMeeting: any; }': syncCalendarEntryToGoogle, rescheduleGoogleCalendarEntry, googleCalendarWritable, onApplyCalendarSyncSnapshot, and 3 more.
src/CalendarTab.test.tsx(71,26): error TS2339: Property 'querySelector' does not exist on type 'unknown'.
src/CalendarTab.test.tsx(72,63): error TS2339: Property 'getAttribute' does not exist on type 'unknown'.
src/CalendarTab.test.tsx(84,24): error TS2345: Argument of type 'unknown' is not assignable to parameter of type 'Window | Document | Node | Element'.
src/CalendarTab.test.tsx(85,20): error TS2345: Argument of type 'unknown' is not assignable to parameter of type 'Window | Document | Node | Element'.
src/CalendarTab.tsx(478,21): error TS2322: Type 'unknown' is not assignable to type 'Key'.
src/CalendarTab.tsx(481,49): error TS2345: Argument of type 'unknown' is not assignable to parameter of type 'SetStateAction<string>'.
src/CalendarTab.tsx(483,22): error TS2322: Type 'unknown' is not assignable to type 'ReactNode'.
src/CommandPalette.tsx(181,16): error TS2322: Type '({ index, style }: { index: any; style: any; }) => Element' is not assignable to type 'ReactNode'.
src/context/MeetingsContext.test.tsx(14,21): error TS2339: Property 'mockReturnValue' does not exist on type '() => any'.
src/hooks/useAudioHardware.test.ts(17,15): error TS2540: Cannot assign to 'mediaDevices' because it is a read-only property.
src/hooks/useAudioHardware.test.ts(23,5): error TS2322: Type 'typeof MediaRecorder' is not assignable to type '{ new (stream: MediaStream, options?: MediaRecorderOptions): MediaRecorder; prototype: MediaRecorder; isTypeSupported(type: string): boolean; }'.
  Types of property 'prototype' are incompatible.
    Type 'MediaRecorder' is missing the following properties from type 'MediaRecorder': audioBitsPerSecond, mimeType, ondataavailable, onerror, and 13 more.
src/hooks/useAudioHardware.test.ts(25,14): error TS2551: Property 'state' does not exist on type 'MediaRecorder'. Did you mean 'start'?
src/hooks/useAudioHardware.test.ts(26,14): error TS2339: Property 'mimeType' does not exist on type 'MediaRecorder'.
src/hooks/useAudioHardware.test.ts(29,14): error TS2551: Property 'state' does not exist on type 'MediaRecorder'. Did you mean 'start'?
src/hooks/useAudioHardware.test.ts(32,14): error TS2551: Property 'state' does not exist on type 'MediaRecorder'. Did you mean 'start'?
src/hooks/useAudioHardware.test.ts(33,18): error TS2551: Property 'onstop' does not exist on type 'MediaRecorder'. Did you mean 'stop'?
src/hooks/useAudioHardware.test.ts(33,31): error TS2551: Property 'onstop' does not exist on type 'MediaRecorder'. Did you mean 'stop'?
src/hooks/useAudioHardware.test.ts(40,5): error TS2322: Type 'typeof AudioContext' is not assignable to type '{ new (contextOptions?: AudioContextOptions): AudioContext; prototype: AudioContext; }'.
  Types of property 'prototype' are incompatible.
    Type 'AudioContext' is missing the following properties from type 'AudioContext': baseLatency, outputLatency, createMediaElementSource, getOutputTimestamp, and 30 more.
src/hooks/useAudioHardware.test.ts(61,15): error TS2540: Cannot assign to 'mediaDevices' because it is a read-only property.
src/hooks/useAudioHardware.ts(91,19): error TS2345: Argument of type 'number[]' is not assignable to parameter of type 'SetStateAction<(10 | 24)[]>'.
  Type 'number[]' is not assignable to type '(10 | 24)[]'.
    Type 'number' is not assignable to type '10 | 24'.
src/hooks/useAudioHardware.ts(138,63): error TS2551: Property 'webkitAudioContext' does not exist on type 'Window & typeof globalThis'. Did you mean 'AudioContext'?
src/hooks/useAudioHydration.ts(32,47): error TS2538: Type 'unknown' cannot be used as an index type.
src/hooks/useAudioHydration.ts(37,40): error TS2538: Type 'unknown' cannot be used as an index type.
src/hooks/useAudioHydration.ts(37,88): error TS2464: A computed property name must be of type 'string', 'number', 'symbol', or 'any'.
src/hooks/useAudioHydration.ts(40,57): error TS2464: A computed property name must be of type 'string', 'number', 'symbol', or 'any'.
src/hooks/useAuth.ts(93,53): error TS2353: Object literal may only specify known properties, and 'users' does not exist in type '{ draft: any; }'.
src/hooks/useAuth.ts(104,50): error TS2353: Object literal may only specify known properties, and 'users' does not exist in type '{ draft: any; }'.
src/hooks/useAuth.ts(124,63): error TS2353: Object literal may only specify known properties, and 'users' does not exist in type '{ draft: any; }'.
src/hooks/useAuth.ts(140,59): error TS2353: Object literal may only specify known properties, and 'users' does not exist in type '{ draft: any; }'.
src/hooks/useAuth.ts(161,59): error TS2353: Object literal may only specify known properties, and 'users' does not exist in type '{ profile: any; }'.
src/hooks/useAuth.ts(187,9): error TS2353: Object literal may only specify known properties, and 'users' does not exist in type '{ userId: any; updates: any; }'.
src/hooks/useAuth.ts(213,9): error TS2353: Object literal may only specify known properties, and 'users' does not exist in type '{ userId: any; draft: any; }'.
src/hooks/useGoogleIntegrations.test.ts(20,63): error TS2345: Argument of type '{ currentUser: { id: string; }; currentWorkspaceId: string; tasks: any[]; setTasks: Mock<Procedure>; setWorkspaceMessage: Mock<Procedure>; createId: () => string; }' is not assignable to parameter of type '{ currentUser: any; currentWorkspaceId: any; calendarMonth: any; taskColumns: any; meetingTasks: any; manualTasks: any; setManualTasks: any; onGoogleProfile: any; onGoogleError: any; }'.
  Type '{ currentUser: { id: string; }; currentWorkspaceId: string; tasks: any[]; setTasks: Mock<Procedure>; setWorkspaceMessage: Mock<Procedure>; createId: () => string; }' is missing the following properties from type '{ currentUser: any; currentWorkspaceId: any; calendarMonth: any; taskColumns: any; meetingTasks: any; manualTasks: any; setManualTasks: any; onGoogleProfile: any; onGoogleError: any; }': calendarMonth, taskColumns, meetingTasks, manualTasks, and 3 more.
src/hooks/useGoogleIntegrations.test.ts(21,27): error TS2339: Property 'enabled' does not exist on type '{ googleEnabled: boolean; googleButtonRef: RefObject<any>; googleCalendarStatus: string; googleCalendarEvents: any[]; googleCalendarMessage: string; googleTasksStatus: string; ... 17 more ...; googleCalendarWritable: boolean; }'.
src/hooks/useGoogleIntegrations.test.ts(22,27): error TS2339: Property 'status' does not exist on type '{ googleEnabled: boolean; googleButtonRef: RefObject<any>; googleCalendarStatus: string; googleCalendarEvents: any[]; googleCalendarMessage: string; googleTasksStatus: string; ... 17 more ...; googleCalendarWritable: boolean; }'.
src/hooks/useGoogleIntegrations.test.ts(23,27): error TS2339: Property 'taskLists' does not exist on type '{ googleEnabled: boolean; googleButtonRef: RefObject<any>; googleCalendarStatus: string; googleCalendarEvents: any[]; googleCalendarMessage: string; googleTasksStatus: string; ... 17 more ...; googleCalendarWritable: boolean; }'.
src/hooks/useGoogleIntegrations.test.ts(27,63): error TS2345: Argument of type '{ currentUser: { id: string; }; currentWorkspaceId: string; tasks: any[]; setTasks: Mock<Procedure>; setWorkspaceMessage: Mock<Procedure>; createId: () => string; }' is not assignable to parameter of type '{ currentUser: any; currentWorkspaceId: any; calendarMonth: any; taskColumns: any; meetingTasks: any; manualTasks: any; setManualTasks: any; onGoogleProfile: any; onGoogleError: any; }'.
  Type '{ currentUser: { id: string; }; currentWorkspaceId: string; tasks: any[]; setTasks: Mock<Procedure>; setWorkspaceMessage: Mock<Procedure>; createId: () => string; }' is missing the following properties from type '{ currentUser: any; currentWorkspaceId: any; calendarMonth: any; taskColumns: any; meetingTasks: any; manualTasks: any; setManualTasks: any; onGoogleProfile: any; onGoogleError: any; }': calendarMonth, taskColumns, meetingTasks, manualTasks, and 3 more.
src/hooks/useGoogleIntegrations.test.ts(31,27): error TS2339: Property 'status' does not exist on type '{ googleEnabled: boolean; googleButtonRef: RefObject<any>; googleCalendarStatus: string; googleCalendarEvents: any[]; googleCalendarMessage: string; googleTasksStatus: string; ... 17 more ...; googleCalendarWritable: boolean; }'.
src/hooks/useGoogleIntegrations.test.ts(37,56): error TS2339: Property 'importTasks' does not exist on type '{ googleEnabled: boolean; googleButtonRef: RefObject<any>; googleCalendarStatus: string; googleCalendarEvents: any[]; googleCalendarMessage: string; googleTasksStatus: string; ... 17 more ...; googleCalendarWritable: boolean; }'.
src/hooks/useGoogleIntegrations.test.ts(40,56): error TS2339: Property 'exportTasks' does not exist on type '{ googleEnabled: boolean; googleButtonRef: RefObject<any>; googleCalendarStatus: string; googleCalendarEvents: any[]; googleCalendarMessage: string; googleTasksStatus: string; ... 17 more ...; googleCalendarWritable: boolean; }'.
src/hooks/useGoogleIntegrations.test.ts(47,63): error TS2345: Argument of type '{ currentUser: { id: string; }; currentWorkspaceId: string; tasks: any[]; setTasks: Mock<Procedure>; setWorkspaceMessage: Mock<Procedure>; createId: () => string; }' is not assignable to parameter of type '{ currentUser: any; currentWorkspaceId: any; calendarMonth: any; taskColumns: any; meetingTasks: any; manualTasks: any; setManualTasks: any; onGoogleProfile: any; onGoogleError: any; }'.
  Type '{ currentUser: { id: string; }; currentWorkspaceId: string; tasks: any[]; setTasks: Mock<Procedure>; setWorkspaceMessage: Mock<Procedure>; createId: () => string; }' is missing the following properties from type '{ currentUser: any; currentWorkspaceId: any; calendarMonth: any; taskColumns: any; meetingTasks: any; manualTasks: any; setManualTasks: any; onGoogleProfile: any; onGoogleError: any; }': calendarMonth, taskColumns, meetingTasks, manualTasks, and 3 more.
src/hooks/useGoogleIntegrations.test.ts(50,30): error TS2339: Property 'selectTaskList' does not exist on type '{ googleEnabled: boolean; googleButtonRef: RefObject<any>; googleCalendarStatus: string; googleCalendarEvents: any[]; googleCalendarMessage: string; googleTasksStatus: string; ... 17 more ...; googleCalendarWritable: boolean; }'.
src/hooks/useGoogleIntegrations.test.ts(53,27): error TS2551: Property 'selectedTaskListId' does not exist on type '{ googleEnabled: boolean; googleButtonRef: RefObject<any>; googleCalendarStatus: string; googleCalendarEvents: any[]; googleCalendarMessage: string; googleTasksStatus: string; ... 17 more ...; googleCalendarWritable: boolean; }'. Did you mean 'selectedGoogleTaskListId'?
src/hooks/useGoogleIntegrations.test.ts(61,63): error TS2345: Argument of type '{ tasks: { id: string; title: string; }[]; currentUser: { id: string; }; currentWorkspaceId: string; setTasks: Mock<Procedure>; setWorkspaceMessage: Mock<Procedure>; createId: () => string; }' is not assignable to parameter of type '{ currentUser: any; currentWorkspaceId: any; calendarMonth: any; taskColumns: any; meetingTasks: any; manualTasks: any; setManualTasks: any; onGoogleProfile: any; onGoogleError: any; }'.
  Type '{ tasks: { id: string; title: string; }[]; currentUser: { id: string; }; currentWorkspaceId: string; setTasks: Mock<Procedure>; setWorkspaceMessage: Mock<Procedure>; createId: () => string; }' is missing the following properties from type '{ currentUser: any; currentWorkspaceId: any; calendarMonth: any; taskColumns: any; meetingTasks: any; manualTasks: any; setManualTasks: any; onGoogleProfile: any; onGoogleError: any; }': calendarMonth, taskColumns, meetingTasks, manualTasks, and 3 more.
src/hooks/useGoogleIntegrations.test.ts(64,22): error TS2551: Property 'resolveTaskConflict' does not exist on type '{ googleEnabled: boolean; googleButtonRef: RefObject<any>; googleCalendarStatus: string; googleCalendarEvents: any[]; googleCalendarMessage: string; googleTasksStatus: string; ... 17 more ...; googleCalendarWritable: boolean; }'. Did you mean 'resolveGoogleTaskConflict'?
src/hooks/useGoogleIntegrations.ts(188,49): error TS2339: Property 'access_token' does not exist on type 'unknown'.
src/hooks/useGoogleIntegrations.ts(189,44): error TS2339: Property 'access_token' does not exist on type 'unknown'.
src/hooks/useGoogleIntegrations.ts(226,30): error TS2339: Property 'googleEventId' does not exist on type '{}'.
src/hooks/useGoogleIntegrations.ts(227,81): error TS2339: Property 'googleEventId' does not exist on type '{}'.
src/hooks/useGoogleIntegrations.ts(234,15): error TS2339: Property 'googleEventId' does not exist on type '{}'.
src/hooks/useGoogleIntegrations.ts(275,46): error TS2339: Property 'access_token' does not exist on type 'unknown'.
src/hooks/useGoogleIntegrations.ts(276,59): error TS2339: Property 'access_token' does not exist on type 'unknown'.
src/hooks/useMeetingLifecycle.test.ts(57,22): error TS2554: Expected 1 arguments, but got 0.
src/hooks/useMeetingLifecycle.ts(106,28): error TS2345: Argument of type '{}' is not assignable to parameter of type 'SetStateAction<{ title: string; context: string; startsAt: string; durationMinutes: number; attendees: string; tags: string; needs: string; desiredOutputs: string; location: string; }>'.
src/hooks/useMeetings.ts(309,47): error TS2698: Spread types may only be created from object types.
src/hooks/useRecorder.ts(31,5): error TS2353: Object literal may only specify known properties, and 'mediaService' does not exist in type '{ userMeetingsRef: any; attachCompletedRecording: any; setCurrentSegments: any; isHydratingRemoteState: any; }'.
src/hooks/useRecorder.ts(82,44): error TS2339: Property 'transcribeLiveChunk' does not exist on type '{ mode: string; supportsLiveTranscription(): boolean; createLiveController(options: any): { recognition: any; start(): void; stop(): void; setOnEnd(callback: any): void; clearHandlers(): void; }; ... 4 more ...; normalizeRecordingAudio(): Promise<...>; } | { ...; }'.
  Property 'transcribeLiveChunk' does not exist on type '{ mode: string; supportsLiveTranscription(): boolean; createLiveController(options: any): { recognition: any; start(): void; stop(): void; setOnEnd(callback: any): void; clearHandlers(): void; }; ... 4 more ...; normalizeRecordingAudio(): Promise<...>; }'.
src/hooks/useRecorder.ts(93,28): error TS2339: Property 'adHoc' does not exist on type '{}'.
src/hooks/useRecordingActions.test.ts(151,34): error TS2345: Argument of type '{ recordings: { id: string; transcript: { id: string; speakerId: string; text: string; timestamp: number; endTimestamp: number; }[]; speakerNames: { "0": string; }; markers: any[]; }[]; id: string; latestRecordingId: string; speakerNames: { ...; }; comments: any[]; activity: any[]; tags: string[]; }' is not assignable to parameter of type '{ id: string; latestRecordingId: string; recordings: { id: string; transcript: { id: string; speakerId: string; text: string; timestamp: number; verificationStatus: string; }[]; speakerNames: { "0": string; }; markers: any[]; }[]; speakerNames: { ...; }; comments: any[]; activity: any[]; tags: string[]; }'.
  Types of property 'recordings' are incompatible.
    Type '{ id: string; transcript: { id: string; speakerId: string; text: string; timestamp: number; endTimestamp: number; }[]; speakerNames: { "0": string; }; markers: any[]; }[]' is not assignable to type '{ id: string; transcript: { id: string; speakerId: string; text: string; timestamp: number; verificationStatus: string; }[]; speakerNames: { "0": string; }; markers: any[]; }[]'.
      Type '{ id: string; transcript: { id: string; speakerId: string; text: string; timestamp: number; endTimestamp: number; }[]; speakerNames: { "0": string; }; markers: any[]; }' is not assignable to type '{ id: string; transcript: { id: string; speakerId: string; text: string; timestamp: number; verificationStatus: string; }[]; speakerNames: { "0": string; }; markers: any[]; }'.
        Types of property 'transcript' are incompatible.
          Type '{ id: string; speakerId: string; text: string; timestamp: number; endTimestamp: number; }[]' is not assignable to type '{ id: string; speakerId: string; text: string; timestamp: number; verificationStatus: string; }[]'.
            Property 'verificationStatus' is missing in type '{ id: string; speakerId: string; text: string; timestamp: number; endTimestamp: number; }' but required in type '{ id: string; speakerId: string; text: string; timestamp: number; verificationStatus: string; }'.
src/hooks/useRecordingActions.ts(68,77): error TS2339: Property 'speakerNames' does not exist on type '{}'.
src/hooks/useRecordingActions.ts(80,52): error TS2339: Property 'markers' does not exist on type '{}'.
src/hooks/useStoredState.test.ts(19,17): error TS2339: Property 'mockReturnValueOnce' does not exist on type '(key: any, fallbackValue: any) => any'.
src/hooks/useStoredState.test.ts(20,22): error TS2339: Property 'mockResolvedValueOnce' does not exist on type '(key: any, fallbackValue: any) => Promise<any>'.
src/hooks/useStoredState.test.ts(30,17): error TS2339: Property 'mockReturnValueOnce' does not exist on type '(key: any, fallbackValue: any) => any'.
src/hooks/useStoredState.test.ts(31,22): error TS2339: Property 'mockResolvedValueOnce' does not exist on type '(key: any, fallbackValue: any) => Promise<any>'.
src/hooks/useStoredState.ts(13,32): error TS2339: Property 'env' does not exist on type 'ImportMeta'.
src/hooks/useTaskOperations.ts(198,13): error TS2698: Spread types may only be created from object types.
src/hooks/useWorkspace.ts(37,13): error TS2345: Argument of type '() => () => boolean' is not assignable to parameter of type 'EffectCallback'.
  Type '() => boolean' is not assignable to type 'void | Destructor'.
    Type '() => boolean' is not assignable to type 'Destructor'.
      Type 'boolean' is not assignable to type 'void | { [UNDEFINED_VOID_ONLY]: never; }'.
src/hooks/useWorkspace.ts(144,7): error TS2561: Object literal may only specify known properties, but 'workspaces' does not exist in type '{ workspaceId: any; targetUserId: any; memberRole: any; }'. Did you mean to write 'workspaceId'?
src/hooks/useWorkspace.ts(150,31): error TS2339: Property 'workspaces' does not exist on type '{ membership: any; }'.
src/hooks/useWorkspace.ts(151,28): error TS2339: Property 'workspaces' does not exist on type '{ membership: any; }'.
src/lib/aiTaskSuggestions.ts(4,30): error TS2339: Property 'env' does not exist on type 'ImportMeta'.
src/lib/analysis.ts(1,29): error TS2339: Property 'env' does not exist on type 'ImportMeta'.
src/lib/analysis.ts(2,27): error TS2339: Property 'env' does not exist on type 'ImportMeta'.
src/lib/analysis.ts(3,34): error TS2339: Property 'env' does not exist on type 'ImportMeta'.
src/lib/analysis.ts(90,21): error TS2362: The left-hand side of an arithmetic operation must be of type 'any', 'number', 'bigint' or an enum type.
src/lib/analysis.ts(90,28): error TS2363: The right-hand side of an arithmetic operation must be of type 'any', 'number', 'bigint' or an enum type.
src/lib/analysis.ts(129,15): error TS2339: Property 'q' does not exist on type 'unknown'.
src/lib/analysis.ts(129,21): error TS2339: Property 'count' does not exist on type 'unknown'.
src/lib/analysis.ts(130,30): error TS2339: Property 'count' does not exist on type 'unknown'.
src/lib/calendarView.ts(228,22): error TS2339: Property 'short' does not exist on type '{}'.
src/lib/calendarView.ts(230,20): error TS2339: Property 'month' does not exist on type '{}'.
src/lib/diarization.test.ts(26,16): error TS2339: Property 'energy' does not exist on type '{}'.
src/lib/diarization.ts(78,47): error TS2365: Operator '+' cannot be applied to types 'unknown' and 'unknown'.
src/lib/diarization.ts(79,44): error TS2362: The left-hand side of an arithmetic operation must be of type 'any', 'number', 'bigint' or an enum type.
src/lib/diarization.ts(91,19): error TS2362: The left-hand side of an arithmetic operation must be of type 'any', 'number', 'bigint' or an enum type.
src/lib/diarization.ts(91,68): error TS2365: Operator '+' cannot be applied to types 'unknown' and 'unknown'.
src/lib/diarization.ts(91,86): error TS2363: The right-hand side of an arithmetic operation must be of type 'any', 'number', 'bigint' or an enum type.
src/lib/diarization.ts(92,19): error TS2362: The left-hand side of an arithmetic operation must be of type 'any', 'number', 'bigint' or an enum type.
src/lib/diarization.ts(92,79): error TS2365: Operator '+' cannot be applied to types 'unknown' and 'unknown'.
src/lib/diarization.ts(92,97): error TS2363: The right-hand side of an arithmetic operation must be of type 'any', 'number', 'bigint' or an enum type.
src/lib/diarization.ts(93,20): error TS2362: The left-hand side of an arithmetic operation must be of type 'any', 'number', 'bigint' or an enum type.
src/lib/diarization.ts(93,70): error TS2365: Operator '+' cannot be applied to types 'unknown' and 'unknown'.
src/lib/diarization.ts(93,88): error TS2363: The right-hand side of an arithmetic operation must be of type 'any', 'number', 'bigint' or an enum type.
src/lib/ErrorBoundary.tsx(15,48): error TS2339: Property 'label' does not exist on type 'Readonly<{}>'.
src/lib/ErrorBoundary.tsx(20,20): error TS2339: Property 'error' does not exist on type 'Readonly<{}>'.
src/lib/ErrorBoundary.tsx(21,33): error TS2339: Property 'env' does not exist on type 'ImportMeta'.
src/lib/ErrorBoundary.tsx(26,29): error TS2339: Property 'label' does not exist on type 'Readonly<{}>'.
src/lib/ErrorBoundary.tsx(37,36): error TS2339: Property 'error' does not exist on type 'Readonly<{}>'.
src/lib/ErrorBoundary.tsx(39,29): error TS2339: Property 'info' does not exist on type 'Readonly<{}>'.
src/lib/ErrorBoundary.tsx(46,23): error TS2339: Property 'children' does not exist on type 'Readonly<{}>'.
src/lib/google.test.ts(9,5): error TS2322: Type 'Mock<() => Promise<{ ok: boolean; json: () => Promise<{ items: any[]; }>; }>>' is not assignable to type '{ (input: URL | RequestInfo, init?: RequestInit): Promise<Response>; (input: string | URL | Request, init?: RequestInit): Promise<...>; }'.
  Type 'Promise<{ ok: boolean; json: () => Promise<{ items: any[]; }>; }>' is not assignable to type 'Promise<Response>'.
    Type '{ ok: boolean; json: () => Promise<{ items: any[]; }>; }' is missing the following properties from type 'Response': headers, redirected, status, statusText, and 10 more.
src/lib/google.test.ts(28,66): error TS2345: Argument of type '{}' is not assignable to parameter of type '{ timeMin: any; timeMax: any; }'.
  Type '{}' is missing the following properties from type '{ timeMin: any; timeMax: any; }': timeMin, timeMax
src/lib/google.ts(7,45): error TS2339: Property 'env' does not exist on type 'ImportMeta'.
src/lib/google.ts(14,14): error TS2339: Property 'google' does not exist on type 'Window & typeof globalThis'.
src/lib/google.ts(15,35): error TS2339: Property 'google' does not exist on type 'Window & typeof globalThis'.
src/lib/google.ts(25,62): error TS2339: Property 'google' does not exist on type 'Window & typeof globalThis'.
src/lib/google.ts(34,42): error TS2339: Property 'google' does not exist on type 'Window & typeof globalThis'.
src/lib/google.ts(82,53): error TS2339: Property 'loginHint' does not exist on type '{}'.
src/lib/google.ts(115,50): error TS2339: Property 'loginHint' does not exist on type '{}'.
src/lib/google.ts(152,19): error TS2339: Property 'body' does not exist on type '{}'.
src/lib/google.ts(153,19): error TS2339: Property 'headers' does not exist on type '{}'.
src/lib/google.ts(175,59): error TS2339: Property 'attendees' does not exist on type '{}'.
src/lib/google.ts(176,43): error TS2339: Property 'reminders' does not exist on type '{}'.
src/lib/google.ts(179,28): error TS2339: Property 'reminders' does not exist on type '{}'.
src/lib/google.ts(187,37): error TS2339: Property 'summary' does not exist on type '{}'.
src/lib/google.ts(188,26): error TS2339: Property 'description' does not exist on type '{}'.
src/lib/google.ts(189,23): error TS2339: Property 'location' does not exist on type '{}'.
src/lib/google.ts(288,12): error TS2339: Property 'google' does not exist on type 'Window & typeof globalThis'.
src/lib/googleSync.ts(91,24): error TS2339: Property 'type' does not exist on type '{}'.
src/lib/kpi.ts(67,29): error TS2339: Property 'rangeDays' does not exist on type '{}'.
src/lib/kpi.ts(68,25): error TS2339: Property 'trend' does not exist on type '{}'.
src/lib/meeting.ts(16,26): error TS2339: Property 'workspaceId' does not exist on type '{}'.
src/lib/meeting.ts(17,30): error TS2339: Property 'createdByUserId' does not exist on type '{}'.
src/lib/meeting.ts(37,26): error TS2339: Property 'createdByUserId' does not exist on type '{}'.
src/lib/meeting.ts(38,28): error TS2339: Property 'createdByUserName' does not exist on type '{}'.
src/lib/recording.ts(10,17): error TS2339: Property 'SpeechRecognition' does not exist on type 'Window & typeof globalThis'.
src/lib/recording.ts(10,45): error TS2339: Property 'webkitSpeechRecognition' does not exist on type 'Window & typeof globalThis'.
src/lib/recordingQueue.test.ts(18,43): error TS2345: Argument of type '{ recordingId: string; meeting: { id: string; workspaceId: string; title: string; }; mimeType: string; }' is not assignable to parameter of type '{ recordingId: any; meeting: any; meetingId: any; mimeType: any; rawSegments?: any[]; duration?: number; createdAt?: string; }'.
  Property 'meetingId' is missing in type '{ recordingId: string; meeting: { id: string; workspaceId: string; title: string; }; mimeType: string; }' but required in type '{ recordingId: any; meeting: any; meetingId: any; mimeType: any; rawSegments?: any[]; duration?: number; createdAt?: string; }'.
src/lib/recordingQueue.test.ts(40,43): error TS2345: Argument of type '{ recordingId: string; meeting: { id: string; workspaceId: string; title: string; }; }' is not assignable to parameter of type '{ recordingId: any; meeting: any; meetingId: any; mimeType: any; rawSegments?: any[]; duration?: number; createdAt?: string; }'.
  Type '{ recordingId: string; meeting: { id: string; workspaceId: string; title: string; }; }' is missing the following properties from type '{ recordingId: any; meeting: any; meetingId: any; mimeType: any; rawSegments?: any[]; duration?: number; createdAt?: string; }': meetingId, mimeType
src/lib/recordingQueue.test.ts(77,44): error TS2345: Argument of type '{ recordingId: string; meeting: { id: string; workspaceId: string; title: string; }; createdAt: string; }' is not assignable to parameter of type '{ recordingId: any; meeting: any; meetingId: any; mimeType: any; rawSegments?: any[]; duration?: number; createdAt?: string; }'.
  Type '{ recordingId: string; meeting: { id: string; workspaceId: string; title: string; }; createdAt: string; }' is missing the following properties from type '{ recordingId: any; meeting: any; meetingId: any; mimeType: any; rawSegments?: any[]; duration?: number; createdAt?: string; }': meetingId, mimeType
src/lib/recordingQueue.test.ts(82,45): error TS2345: Argument of type '{ recordingId: string; meeting: { id: string; workspaceId: string; title: string; }; createdAt: string; }' is not assignable to parameter of type '{ recordingId: any; meeting: any; meetingId: any; mimeType: any; rawSegments?: any[]; duration?: number; createdAt?: string; }'.
  Type '{ recordingId: string; meeting: { id: string; workspaceId: string; title: string; }; createdAt: string; }' is missing the following properties from type '{ recordingId: any; meeting: any; meetingId: any; mimeType: any; rawSegments?: any[]; duration?: number; createdAt?: string; }': meetingId, mimeType
src/lib/recordingQueue.test.ts(92,51): error TS2345: Argument of type '(item: any) => boolean' is not assignable to parameter of type '() => boolean'.
  Target signature provides too few arguments. Expected 1 or more, but got 0.
src/lib/recordingQueue.ts(110,89): error TS2554: Expected 0 arguments, but got 1.
src/lib/storage.test.ts(17,5): error TS2739: Type '{}' is missing the following properties from type 'IDBFactory': cmp, databases, deleteDatabase, open
src/lib/storage.test.ts(35,13): error TS2339: Property 'mockResolvedValueOnce' does not exist on type '<T = any>(key: IDBValidKey, customStore?: UseStore) => Promise<T>'.
src/lib/storage.test.ts(47,13): error TS2339: Property 'mockResolvedValueOnce' does not exist on type '<T = any>(key: IDBValidKey, customStore?: UseStore) => Promise<T>'.
src/lib/tasks.ts(508,68): error TS2339: Property 'previousTaskId' does not exist on type '{}'.
src/lib/tasks.ts(509,64): error TS2339: Property 'nextTaskId' does not exist on type '{}'.
src/lib/tasks.ts(521,19): error TS2339: Property 'status' does not exist on type '{}'.
src/lib/tasks.ts(521,62): error TS2339: Property 'status' does not exist on type '{}'.
src/lib/tasks.ts(522,19): error TS2339: Property 'group' does not exist on type '{}'.
src/lib/tasks.ts(522,60): error TS2339: Property 'group' does not exist on type '{}'.
src/NotesTab.test.tsx(36,13): error TS2739: Type '{ userMeetings: undefined[]; }' is missing the following properties from type '{ userMeetings?: any[]; onOpenMeeting: any; onCreateNote: any; }': onOpenMeeting, onCreateNote
src/NotesTab.tsx(36,30): error TS2363: The right-hand side of an arithmetic operation must be of type 'any', 'number', 'bigint' or an enum type.
src/NotesTab.tsx(47,43): error TS2362: The left-hand side of an arithmetic operation must be of type 'any', 'number', 'bigint' or an enum type.
src/NotesTab.tsx(47,67): error TS2363: The right-hand side of an arithmetic operation must be of type 'any', 'number', 'bigint' or an enum type.
src/NotesTab.tsx(535,25): error TS2362: The left-hand side of an arithmetic operation must be of type 'any', 'number', 'bigint' or an enum type.
src/NotesTab.tsx(535,59): error TS2363: The right-hand side of an arithmetic operation must be of type 'any', 'number', 'bigint' or an enum type.
src/NotesTab.tsx(661,21): error TS2322: Type 'unknown' is not assignable to type 'Key'.
src/NotesTab.tsx(667,28): error TS2322: Type 'unknown' is not assignable to type 'ReactNode'.
src/ProfileTab.test.tsx(72,13): error TS2741: Property 'onSetTheme' is missing in type '{ currentUser: { id: string; email: string; passwordHash: string; provider: string; }; profileDraft: { name: string; role: string; company: string; phone: string; location: string; avatarUrl: string; ... 7 more ...; preferredTaskView: string; }; ... 36 more ...; apiBaseUrl: string; }' but required in type '{ currentUser: any; profileDraft: any; setProfileDraft: any; saveProfile: any; profileMessage: any; googleEnabled: any; googleCalendarStatus: any; googleCalendarMessage: any; googleCalendarEventsCount: any; ... 29 more ...; apiBaseUrl: any; }'.
src/ProfileTab.test.tsx(79,13): error TS2741: Property 'onSetTheme' is missing in type '{ currentUser: { id: string; email: string; passwordHash: string; provider: string; }; profileDraft: { name: string; role: string; company: string; phone: string; location: string; avatarUrl: string; ... 7 more ...; preferredTaskView: string; }; ... 36 more ...; apiBaseUrl: string; }' but required in type '{ currentUser: any; profileDraft: any; setProfileDraft: any; saveProfile: any; profileMessage: any; googleEnabled: any; googleCalendarStatus: any; googleCalendarMessage: any; googleCalendarEventsCount: any; ... 29 more ...; apiBaseUrl: any; }'.
src/ProfileTab.test.tsx(86,13): error TS2741: Property 'onSetTheme' is missing in type '{ currentUser: { id: string; email: string; passwordHash: string; provider: string; }; profileDraft: { name: string; role: string; company: string; phone: string; location: string; avatarUrl: string; ... 7 more ...; preferredTaskView: string; }; ... 36 more ...; apiBaseUrl: string; }' but required in type '{ currentUser: any; profileDraft: any; setProfileDraft: any; saveProfile: any; profileMessage: any; googleEnabled: any; googleCalendarStatus: any; googleCalendarMessage: any; googleCalendarEventsCount: any; ... 29 more ...; apiBaseUrl: any; }'.
src/ProfileTab.test.tsx(98,13): error TS2741: Property 'onSetTheme' is missing in type '{ currentUser: { id: string; email: string; passwordHash: string; provider: string; }; profileDraft: { name: string; role: string; company: string; phone: string; location: string; avatarUrl: string; ... 7 more ...; preferredTaskView: string; }; ... 36 more ...; apiBaseUrl: string; }' but required in type '{ currentUser: any; profileDraft: any; setProfileDraft: any; saveProfile: any; profileMessage: any; googleEnabled: any; googleCalendarStatus: any; googleCalendarMessage: any; googleCalendarEventsCount: any; ... 29 more ...; apiBaseUrl: any; }'.
src/ProfileTab.test.tsx(107,13): error TS2741: Property 'onSetTheme' is missing in type '{ currentUser: { id: string; email: string; passwordHash: string; provider: string; }; profileDraft: { name: string; role: string; company: string; phone: string; location: string; avatarUrl: string; ... 7 more ...; preferredTaskView: string; }; ... 36 more ...; apiBaseUrl: string; }' but required in type '{ currentUser: any; profileDraft: any; setProfileDraft: any; saveProfile: any; profileMessage: any; googleEnabled: any; googleCalendarStatus: any; googleCalendarMessage: any; googleCalendarEventsCount: any; ... 29 more ...; apiBaseUrl: any; }'.
src/ProfileTab.tsx(488,17): error TS2322: Type 'string' is not assignable to type 'number'.
src/ProfileTab.tsx(499,17): error TS2322: Type 'string' is not assignable to type 'number'.
src/ProfileTab.tsx(825,135): error TS2339: Property 'standalone' does not exist on type 'Navigator'.
src/RecordingsTab.tsx(21,15): error TS2362: The left-hand side of an arithmetic operation must be of type 'any', 'number', 'bigint' or an enum type.
src/RecordingsTab.tsx(21,53): error TS2363: The right-hand side of an arithmetic operation must be of type 'any', 'number', 'bigint' or an enum type.
src/RecordingsTab.tsx(101,15): error TS2362: The left-hand side of an arithmetic operation must be of type 'any', 'number', 'bigint' or an enum type.
src/RecordingsTab.tsx(101,53): error TS2363: The right-hand side of an arithmetic operation must be of type 'any', 'number', 'bigint' or an enum type.
src/RecordingsTab.tsx(164,20): error TS2362: The left-hand side of an arithmetic operation must be of type 'any', 'number', 'bigint' or an enum type.
src/RecordingsTab.tsx(164,44): error TS2363: The right-hand side of an arithmetic operation must be of type 'any', 'number', 'bigint' or an enum type.
src/services/httpClient.ts(47,11): error TS2339: Property 'body' does not exist on type '{}'.
src/services/httpClient.ts(47,17): error TS2339: Property 'headers' does not exist on type '{}'.
src/services/httpClient.ts(47,26): error TS2339: Property 'parseAs' does not exist on type '{}'.
src/services/httpClient.ts(59,17): error TS2339: Property 'body' does not exist on type '{ headers: any; }'.
src/services/httpClient.ts(66,43): error TS2349: This expression is not callable.
  Type '{}' has no call signatures.
src/services/httpClient.ts(79,11): error TS2339: Property 'status' does not exist on type 'Error'.
src/services/mediaService.ts(74,23): error TS2339: Property 'workspaceId' does not exist on type '{}'.
src/services/mediaService.ts(74,65): error TS2339: Property 'workspaceId' does not exist on type '{}'.
src/services/mediaService.ts(75,23): error TS2339: Property 'meetingId' does not exist on type '{}'.
src/services/mediaService.ts(75,61): error TS2339: Property 'meetingId' does not exist on type '{}'.
src/store/recorderStore.ts(70,11): error TS2345: Argument of type '(item: any) => boolean' is not assignable to parameter of type '() => boolean'.
  Target signature provides too few arguments. Expected 1 or more, but got 0.
src/studio/AiTaskSuggestionsPanel.tsx(22,30): error TS2339: Property 'env' does not exist on type 'ImportMeta'.
src/studio/AiTaskSuggestionsPanel.tsx(125,36): error TS2339: Property 'title' does not exist on type '{}'.
src/studio/AiTaskSuggestionsPanel.tsx(131,36): error TS2339: Property 'description' does not exist on type '{}'.
src/studio/AiTaskSuggestionsPanel.tsx(139,38): error TS2339: Property 'owner' does not exist on type '{}'.
src/studio/AiTaskSuggestionsPanel.tsx(146,38): error TS2339: Property 'dueDate' does not exist on type '{}'.
src/studio/AiTaskSuggestionsPanel.tsx(150,38): error TS2339: Property 'priority' does not exist on type '{}'.
src/studio/KpiDashboard.tsx(51,79): error TS2345: Argument of type 'number | "all"' is not assignable to parameter of type 'SetStateAction<number>'.
  Type 'string' is not assignable to type 'SetStateAction<number>'.
src/studio/RecorderPanel.tsx(58,30): error TS2353: Object literal may only specify known properties, and '"--bar-h"' does not exist in type 'Properties<string | number, string & {}>'.
src/studio/StudioMeetingView.tsx(937,65): error TS2339: Property 'blur' does not exist on type 'EventTarget'.
src/studio/StudioSidebar.test.tsx(37,13): error TS2739: Type '{ currentWorkspacePermissions: { canEditWorkspace: boolean; }; isDetachedMeetingDraft: boolean; meetingDraft: { title: string; context: string; startsAt: string; durationMinutes: number; attendees: string; tags: string; needs: string; desiredOutputs: string; location: string; }; ... 10 more ...; setSelectedRecording...' is missing the following properties from type '{ currentWorkspacePermissions: any; isDetachedMeetingDraft: any; meetingDraft: any; setMeetingDraft: any; activeStoredMeetingDraft: any; clearMeetingDraft: any; saveMeeting: any; startNewMeetingDraft: any; ... 7 more ...; setSelectedRecordingId: any; }': activeStoredMeetingDraft, workspaceMessage
src/studio/StudioSidebar.test.tsx(81,13): error TS2739: Type '{ currentWorkspacePermissions: { canEditWorkspace: boolean; }; isDetachedMeetingDraft: boolean; meetingDraft: { title: string; context: string; startsAt: string; durationMinutes: number; attendees: string; tags: string; needs: string; desiredOutputs: string; location: string; }; ... 10 more ...; setSelectedRecording...' is missing the following properties from type '{ currentWorkspacePermissions: any; isDetachedMeetingDraft: any; meetingDraft: any; setMeetingDraft: any; activeStoredMeetingDraft: any; clearMeetingDraft: any; saveMeeting: any; startNewMeetingDraft: any; ... 7 more ...; setSelectedRecordingId: any; }': activeStoredMeetingDraft, workspaceMessage
src/studio/StudioSidebar.tsx(75,17): error TS2322: Type 'string' is not assignable to type 'number'.
src/studio/StudioSidebar.tsx(294,17): error TS2322: Type 'string' is not assignable to type 'number'.
src/studio/StudioSidebar.tsx(304,17): error TS2322: Type 'string' is not assignable to type 'number'.
src/studio/StudioSidebar.tsx(350,21): error TS2362: The left-hand side of an arithmetic operation must be of type 'any', 'number', 'bigint' or an enum type.
src/studio/StudioSidebar.tsx(350,45): error TS2363: The right-hand side of an arithmetic operation must be of type 'any', 'number', 'bigint' or an enum type.
src/studio/TranscriptPanel.test.tsx(54,16): error TS2739: Type '{ displayRecording: { transcript: ({ id: string; text: string; timestamp: number; speakerId: number; verificationScore: number; verificationStatus: string; verificationReasons: string[]; verificationEvidence: { ...; }; } | { ...; })[]; }; ... 6 more ...; splitTranscriptSegment: Mock<...>; }' is missing the following properties from type '{ displayRecording: any; selectedRecording: any; displaySpeakerNames: any; selectedRecordingAudioUrl: any; selectedRecordingAudioError: any; audioRef: any; updateTranscriptSegment: any; ... 6 more ...; onNormalize: any; }': selectedRecordingAudioError, audioRef, addRecordingMarker, deleteRecordingMarker, onNormalize
src/studio/TranscriptPanel.tsx(45,61): error TS2551: Property 'webkitAudioContext' does not exist on type 'Window & typeof globalThis'. Did you mean 'AudioContext'?
src/studio/TranscriptPanel.tsx(1004,23): error TS2322: Type 'string' is not assignable to type 'number'.
src/studio/UnifiedPlayer.tsx(100,66): error TS2353: Object literal may only specify known properties, and '"--h"' does not exist in type 'Properties<string | number, string & {}>'.
src/studio/UnifiedPlayer.tsx(128,28): error TS2353: Object literal may only specify known properties, and '"--chip-color"' does not exist in type 'Properties<string | number, string & {}>'.
src/StudioTab.tsx(46,11): error TS2322: Type '{ currentWorkspacePermissions: any; meetingDraft: any; setMeetingDraft: any; activeStoredMeetingDraft: any; clearMeetingDraft: any; saveMeeting: any; startNewMeetingDraft: any; workspaceMessage: any; ... 8 more ...; onClose: () => void; }' is not assignable to type 'IntrinsicAttributes & { currentWorkspacePermissions: any; isDetachedMeetingDraft: any; meetingDraft: any; setMeetingDraft: any; activeStoredMeetingDraft: any; ... 10 more ...; setSelectedRecordingId: any; }'.
  Property 'onClose' does not exist on type 'IntrinsicAttributes & { currentWorkspacePermissions: any; isDetachedMeetingDraft: any; meetingDraft: any; setMeetingDraft: any; activeStoredMeetingDraft: any; ... 10 more ...; setSelectedRecordingId: any; }'.
src/TabRouter.tsx(47,6): error TS2322: Type '{ children: Element; key: any; label: string; }' is not assignable to type 'IntrinsicAttributes & IntrinsicClassAttributes<ErrorBoundary> & Readonly<{}>'.
  Property 'children' does not exist on type 'IntrinsicAttributes & IntrinsicClassAttributes<ErrorBoundary> & Readonly<{}>'.
src/TabRouter.tsx(65,9): error TS2322: Type '{ activeMonth: any; setActiveMonth: any; selectedDate: Date; setSelectedDate: Dispatch<SetStateAction<Date>>; userMeetings: any; calendarTasks: any; ... 22 more ...; onCreateMeeting: any; }' is not assignable to type 'IntrinsicAttributes & { activeMonth: any; setActiveMonth: any; selectedDate: any; setSelectedDate: any; userMeetings: any; calendarTasks: any; googleCalendarEvents: any; ... 18 more ...; onCreateMeeting: any; }'.
  Property 'googleCalendarStatus' does not exist on type 'IntrinsicAttributes & { activeMonth: any; setActiveMonth: any; selectedDate: any; setSelectedDate: any; userMeetings: any; calendarTasks: any; googleCalendarEvents: any; ... 18 more ...; onCreateMeeting: any; }'. Did you mean 'googleCalendarEvents'?
src/TabRouter.tsx(177,9): error TS2322: Type '{ currentUser: any; profileDraft: any; setProfileDraft: any; saveProfile: any; profileMessage: any; googleEnabled: any; googleCalendarStatus: any; googleCalendarMessage: any; googleCalendarEventsCount: any; ... 30 more ...; onUpdateVocabulary: any; }' is not assignable to type 'IntrinsicAttributes & { currentUser: any; profileDraft: any; setProfileDraft: any; saveProfile: any; profileMessage: any; googleEnabled: any; googleCalendarStatus: any; ... 31 more ...; apiBaseUrl: any; }'.
  Property 'onToggleTheme' does not exist on type 'IntrinsicAttributes & { currentUser: any; profileDraft: any; setProfileDraft: any; saveProfile: any; profileMessage: any; googleEnabled: any; googleCalendarStatus: any; ... 31 more ...; apiBaseUrl: any; }'.
src/TabRouter.tsx(180,33): error TS2339: Property 'env' does not exist on type 'ImportMeta'.
src/tasks/TaskDetailsPanel.tsx(230,21): error TS2322: Type 'string' is not assignable to type 'number'.
src/tasks/TaskDetailsPanel.tsx(331,25): error TS2322: Type 'unknown' is not assignable to type 'Key'.
src/tasks/TaskDetailsPanel.tsx(331,35): error TS2322: Type 'unknown' is not assignable to type 'string | number | readonly string[]'.
src/tasks/TaskDetailsPanel.tsx(337,23): error TS2322: Type 'string' is not assignable to type 'number'.
src/tasks/TaskDetailsPanel.tsx(341,23): error TS2322: Type 'string' is not assignable to type 'number'.
src/tasks/TaskDetailsPanel.tsx(375,15): error TS2322: Type 'string' is not assignable to type 'number'.
src/tasks/TaskKanbanView.tsx(513,26): error TS2353: Object literal may only specify known properties, and '"--column-color"' does not exist in type 'Properties<string | number, string & {}>'.
src/tasks/TaskKanbanView.tsx(529,71): error TS2554: Expected 0 arguments, but got 1.
src/tasks/TaskKanbanView.tsx(576,24): error TS2353: Object literal may only specify known properties, and '"--column-color"' does not exist in type 'Properties<string | number, string & {}>'.
src/tasks/TaskKanbanView.tsx(592,69): error TS2554: Expected 0 arguments, but got 1.
src/tasks/TaskListView.tsx(58,148): error TS2554: Expected 0 arguments, but got 1.
src/tasks/TaskListView.tsx(61,124): error TS2554: Expected 0 arguments, but got 1.
src/tasks/TaskListView.tsx(64,128): error TS2554: Expected 0 arguments, but got 1.
src/tasks/TaskListView.tsx(67,129): error TS2554: Expected 0 arguments, but got 1.
src/tasks/TasksWorkspaceView.tsx(198,16): error TS2741: Property 'children' is missing in type '{ onExportCsv: any; shareWorkspace: any; showColumnManager: any; setShowColumnManager: any; }' but required in type '{ onExportCsv: any; shareWorkspace: any; showColumnManager: any; setShowColumnManager: any; children: any; }'.
src/tasks/taskViewUtils.ts(78,33): error TS2339: Property 'localeCompare' does not exist on type 'unknown'.
src/TasksTab.test.tsx(86,16): error TS2739: Type '{ tasks: { id: string; title: string; owner: string; group: string; description: string; dueDate: string; notes: string; sourceType: string; sourceMeetingId: string; sourceMeetingTitle: string; sourceMeetingDate: string; ... 16 more ...; assignedToMe: boolean; }[]; ... 26 more ...; currentUserName: string; }' is missing the following properties from type '{ tasks: any; peopleOptions: any; tagOptions: any; boardColumns: any; onCreateTask: any; onUpdateTask: any; onBulkUpdateTasks: any; onDeleteTask: any; onBulkDeleteTasks: any; onMoveTaskToColumn: any; ... 24 more ...; workspaceActivity?: any[]; }': onBulkUpdateTasks, onBulkDeleteTasks, googleTasksLastSyncedAt, onRefreshGoogleTasks, onResolveGoogleTaskConflict
src/TasksTab.tsx(562,80): error TS2339: Property 'focus' does not exist on type 'Element'.
src/TasksTab.tsx(626,9): error TS2322: Type '{ sidebarLists: { baseLists: { id: string; label: string; icon: string; count: any; }[]; workspaceLists: any; customGroups: { id: string; label: unknown; count: any; }[]; }; selectedListId: string; setSelectedListId: Dispatch<...>; ... 20 more ...; onFocusConflictTask: (taskId: any) => void; }' is not assignable to type 'IntrinsicAttributes & { sidebarLists: any; selectedListId: any; setSelectedListId: any; visibleStats: any; showColumnManager: any; setShowColumnManager: any; boardColumns: any; ... 13 more ...; onFocusConflictTask: any; }'.
  Property 'selectedTaskIds' does not exist on type 'IntrinsicAttributes & { sidebarLists: any; selectedListId: any; setSelectedListId: any; visibleStats: any; showColumnManager: any; setShowColumnManager: any; boardColumns: any; ... 13 more ...; onFocusConflictTask: any; }'. Did you mean 'selectedTasks'?
src/TasksTab.tsx(691,9): error TS2322: Type '{ selectedListLabel: any; viewMode: string; setViewMode: Dispatch<SetStateAction<string>>; sortBy: string; setSortBy: Dispatch<SetStateAction<string>>; ... 50 more ...; setShowColumnManager: Dispatch<...>; }' is not assignable to type 'IntrinsicAttributes & { selectedListLabel: any; viewMode: any; setViewMode: any; sortBy: any; setSortBy: any; groupBy: any; setGroupBy: any; swimlaneGroupBy: any; setSwimlaneGroupBy: any; ... 41 more ...; setShowColumnManager: any; }'.
  Property 'clearTaskSelection' does not exist on type 'IntrinsicAttributes & { selectedListLabel: any; viewMode: any; setViewMode: any; sortBy: any; setSortBy: any; groupBy: any; setGroupBy: any; swimlaneGroupBy: any; setSwimlaneGroupBy: any; ... 41 more ...; setShowColumnManager: any; }'. Did you mean 'toggleTaskSelection'?
