src/audio/noiseReducerNode.ts(27,40): error TS2322: Type 'Uint8Array<ArrayBufferLike>' is not assignable to type 'BlobPart'.
  Type 'Uint8Array<ArrayBufferLike>' is not assignable to type 'ArrayBufferView<ArrayBuffer>'.
    Types of property 'buffer' are incompatible.
      Type 'ArrayBufferLike' is not assignable to type 'ArrayBuffer'.
        Type 'SharedArrayBuffer' is missing the following properties from type 'ArrayBuffer': resizable, resize, detached, transfer, transferToFixedLength
src/studio/StudioMeetingView.tsx(2902,21): error TS2322: Type 'unknown[]' is not assignable to type 'string[]'.
  Type 'unknown' is not assignable to type 'string'.
src/studio/StudioMeetingView.tsx(2903,21): error TS2322: Type 'unknown[]' is not assignable to type 'string[]'.
  Type 'unknown' is not assignable to type 'string'.
src/studio/StudioMeetingView.tsx(2904,21): error TS2322: Type '{ title: string; description: string; owner: string; assignedTo: any[]; group: string; priority: string; status: string; dueDate: string; reminderAt: string; tags: any[]; }' is not assignable to type 'Partial<TaskDraft>'.
  Types of property 'tags' are incompatible.
    Type 'any[]' is not assignable to type 'string'.
